[signals] SIGTERM ignored (host reaps jobs; see microvla/utils/signals.py). `kill <pid>` will not work — use `kill -9`. Opt out with MICROVLA_ALLOW_SIGTERM=1.
v8 checkpoint: relational head loaded (2,355,400 params)

episode                                      std_ratio    mae   corr  grip   wm+%   sec
pick_up_the_alphabet_soup_and_place_it_in_th     0.439  0.163   0.57  0.93  -49.7 10.83
pick_up_the_alphabet_soup_and_place_it_in_th     0.503  0.143   0.51  0.89  -41.6  0.27
pick_up_the_alphabet_soup_and_place_it_in_th     0.446  0.152   0.59  1.00  -53.6  0.27
pick_up_the_alphabet_soup_and_place_it_in_th     0.384  0.159   0.50  0.94  -63.9  0.27
pick_up_the_alphabet_soup_and_place_it_in_th     0.428  0.157   0.51  0.94  -69.7  0.32
pick_up_the_alphabet_soup_and_place_it_in_th     0.482  0.135   0.55  1.00  -61.3  0.23
pick_up_the_alphabet_soup_and_place_it_in_th     0.602  0.128   0.53  1.00  -37.4  0.23
pick_up_the_alphabet_soup_and_place_it_in_th     0.364  0.153   0.60  0.88  -55.4  0.27
pick_up_the_alphabet_soup_and_place_it_in_th     0.388  0.157   0.50  0.94  -43.4  0.27
pick_up_the_alphabet_soup_and_place_it_in_th     0.466  0.127   0.55  1.00  -42.1  0.27
pick_up_the_alphabet_soup_and_place_it_in_th     0.442  0.156   0.35  0.94  -48.9  0.30
pick_up_the_alphabet_soup_and_place_it_in_th     0.456  0.148   0.58  0.88  -56.8  0.30
pick_up_the_alphabet_soup_and_place_it_in_th     0.348  0.166   0.54  0.93  -41.6  0.33
pick_up_the_alphabet_soup_and_place_it_in_th     0.337  0.147   0.69  0.88  -49.1  0.38
pick_up_the_alphabet_soup_and_place_it_in_th     0.547  0.124   0.66  0.94  -54.3  0.52
pick_up_the_alphabet_soup_and_place_it_in_th     0.336  0.176   0.61  1.00  -42.8  0.35
pick_up_the_alphabet_soup_and_place_it_in_th     0.398  0.157   0.40  0.94  -43.0  0.40
pick_up_the_alphabet_soup_and_place_it_in_th     0.393  0.169   0.44  1.00  -54.0  0.39
pick_up_the_alphabet_soup_and_place_it_in_th     0.483  0.135   0.63  1.00  -33.3  0.33
pick_up_the_alphabet_soup_and_place_it_in_th     0.548  0.137   0.62  1.00  -41.8  0.37
pick_up_the_alphabet_soup_and_place_it_in_th     0.359  0.157   0.46  0.88  -76.8  0.39
pick_up_the_alphabet_soup_and_place_it_in_th     0.496  0.152   0.49  1.00  -33.4  0.37
pick_up_the_alphabet_soup_and_place_it_in_th     0.423  0.127   0.58  0.89  -56.0  0.49
pick_up_the_alphabet_soup_and_place_it_in_th     0.442  0.165   0.51  0.93  -42.2  0.40
pick_up_the_alphabet_soup_and_place_it_in_th     0.394  0.140   0.58  0.94  -43.3  0.45
pick_up_the_alphabet_soup_and_place_it_in_th     0.436  0.157   0.49  0.89  -67.6  0.43
pick_up_the_alphabet_soup_and_place_it_in_th     0.495  0.131   0.68  1.00  -34.6  0.42
pick_up_the_alphabet_soup_and_place_it_in_th     0.521  0.135   0.52  0.94  -44.7  0.43
pick_up_the_alphabet_soup_and_place_it_in_th     0.393  0.144   0.59  1.00  -58.0  0.43
pick_up_the_alphabet_soup_and_place_it_in_th     0.562  0.149   0.45  0.93  -31.6  0.37

AGGREGATE (median): std_ratio 0.441 | mae 0.151 | corr 0.54 | grip 0.94 | wm_margin -46.8% | 0.70s/eval
read: std_ratio ~1.0 = healthy magnitude (collapse shows as ~0.1); wm_margin > 0 = world model beats persistence.
waypoint head (v7.2): std_ratio 0.737 | mae 68.2 mm  —  compare against the action std_ratio above: the lever only pays if positions regress with less shrinkage than actions do.

planner input sensitivity when the input is WITHHELD (10 episodes):
  input            POSE |dplan|  grip flip %
  relational             0.1355        16.4%
  state_delta            0.0730         1.0%
  proprio                0.0550        10.7%
  current_emb            0.0384         2.7%
  next_emb->stale        0.0203         1.1%
  wm_latent              0.0111         0.0%
  next_emb->cur          0.0096         0.7%
  wm_msg                 0.0016         0.0%
  fused                  0.0000         0.0%
  geometry               0.0000         0.0%
  pred_box_emb           0.0000         0.0%
read: POSE and the GRIPPER are reported SEPARATELY on purpose. The plan's
last column is a hard +/-1, so one flipped gripper decision per step adds
exactly 0.2857 to a whole-plan mean — indistinguishable from the largest
pose effect ever measured here. Earlier combined readings (paper.md 4g) mixed
the two and must be re-measured with this build.
saved -> eval_results/bench_v8_s1.json
