[signals] SIGTERM ignored (host reaps jobs; see microvla/utils/signals.py). `kill <pid>` will not work — use `kill -9`. Opt out with MICROVLA_ALLOW_SIGTERM=1.
v8 checkpoint: relational head loaded (2,355,400 params)

episode                                      std_ratio    mae   corr  grip   wm+%   sec
pick_up_the_alphabet_soup_and_place_it_in_th     0.563  0.152   0.60  0.93  -49.7  8.77
pick_up_the_alphabet_soup_and_place_it_in_th     0.581  0.140   0.49  0.89  -41.6  0.27
pick_up_the_alphabet_soup_and_place_it_in_th     0.584  0.141   0.70  1.00  -53.6  0.28
pick_up_the_alphabet_soup_and_place_it_in_th     0.528  0.149   0.60  1.00  -63.9  0.28
pick_up_the_alphabet_soup_and_place_it_in_th     0.513  0.157   0.42  0.89  -69.7  0.26
pick_up_the_alphabet_soup_and_place_it_in_th     0.593  0.132   0.54  0.93  -61.3  0.23
pick_up_the_alphabet_soup_and_place_it_in_th     0.769  0.113   0.59  1.00  -37.4  0.24
pick_up_the_alphabet_soup_and_place_it_in_th     0.463  0.142   0.60  0.88  -55.4  0.28
pick_up_the_alphabet_soup_and_place_it_in_th     0.470  0.151   0.45  0.88  -43.4  0.27
pick_up_the_alphabet_soup_and_place_it_in_th     0.583  0.121   0.48  1.00  -42.1  0.28
pick_up_the_alphabet_soup_and_place_it_in_th     0.568  0.149   0.44  1.00  -48.9  0.27
pick_up_the_alphabet_soup_and_place_it_in_th     0.539  0.140   0.51  1.00  -56.8  0.27
pick_up_the_alphabet_soup_and_place_it_in_th     0.547  0.167   0.53  1.00  -41.6  0.27
pick_up_the_alphabet_soup_and_place_it_in_th     0.492  0.139   0.63  0.94  -49.1  0.28
pick_up_the_alphabet_soup_and_place_it_in_th     0.595  0.125   0.64  0.94  -54.3  0.29
pick_up_the_alphabet_soup_and_place_it_in_th     0.471  0.164   0.60  1.00  -42.8  0.30
pick_up_the_alphabet_soup_and_place_it_in_th     0.499  0.162   0.44  0.88  -43.0  0.28
pick_up_the_alphabet_soup_and_place_it_in_th     0.485  0.160   0.44  1.00  -54.0  0.27
pick_up_the_alphabet_soup_and_place_it_in_th     0.595  0.124   0.63  1.00  -33.3  0.24
pick_up_the_alphabet_soup_and_place_it_in_th     0.689  0.124   0.65  1.00  -41.8  0.26
pick_up_the_alphabet_soup_and_place_it_in_th     0.528  0.147   0.55  0.81  -76.8  0.29
pick_up_the_alphabet_soup_and_place_it_in_th     0.637  0.135   0.50  0.93  -33.4  0.28
pick_up_the_alphabet_soup_and_place_it_in_th     0.636  0.122   0.68  0.89  -56.0  0.29
pick_up_the_alphabet_soup_and_place_it_in_th     0.563  0.169   0.49  0.93  -42.2  0.26
pick_up_the_alphabet_soup_and_place_it_in_th     0.593  0.129   0.52  0.94  -43.3  0.30
pick_up_the_alphabet_soup_and_place_it_in_th     0.530  0.145   0.50  0.83  -67.6  0.33
pick_up_the_alphabet_soup_and_place_it_in_th     0.617  0.121   0.65  0.94  -34.6  0.37
pick_up_the_alphabet_soup_and_place_it_in_th     0.563  0.123   0.47  0.88  -44.7  0.39
pick_up_the_alphabet_soup_and_place_it_in_th     0.474  0.132   0.65  1.00  -58.0  0.31
pick_up_the_alphabet_soup_and_place_it_in_th     0.586  0.136   0.53  1.00  -31.6  0.23

AGGREGATE (median): std_ratio 0.563 | mae 0.140 | corr 0.53 | grip 0.94 | wm_margin -46.8% | 0.56s/eval
read: std_ratio ~1.0 = healthy magnitude (collapse shows as ~0.1); wm_margin > 0 = world model beats persistence.
waypoint head (v7.2): std_ratio 0.953 | mae 95.0 mm  —  compare against the action std_ratio above: the lever only pays if positions regress with less shrinkage than actions do.

planner input sensitivity when the input is WITHHELD (10 episodes):
  input            POSE |dplan|  grip flip %
  relational             0.1222         9.9%
  proprio                0.1167        15.6%
  current_emb            0.0807         3.5%
  state_delta            0.0619         4.3%
  wm_latent              0.0190         0.6%
  next_emb->stale        0.0170         0.7%
  next_emb->cur          0.0070         0.6%
  wm_msg                 0.0030         0.0%
  fused                  0.0000         0.0%
  geometry               0.0000         0.0%
  pred_box_emb           0.0000         0.0%
read: POSE and the GRIPPER are reported SEPARATELY on purpose. The plan's
last column is a hard +/-1, so one flipped gripper decision per step adds
exactly 0.2857 to a whole-plan mean — indistinguishable from the largest
pose effect ever measured here. Earlier combined readings (paper.md 4g) mixed
the two and must be re-measured with this build.
saved -> eval_results/bench_v8_s2.json
