[signals] SIGTERM ignored (host reaps jobs; see microvla/utils/signals.py). `kill <pid>` will not work — use `kill -9`. Opt out with MICROVLA_ALLOW_SIGTERM=1.
v8 checkpoint: relational head loaded (2,355,400 params)

episode                                      std_ratio    mae   corr  grip   wm+%   sec
pick_up_the_alphabet_soup_and_place_it_in_th     0.450  0.174   0.47  1.00  -49.7 10.54
pick_up_the_alphabet_soup_and_place_it_in_th     0.580  0.159   0.52  0.89  -41.6  0.36
pick_up_the_alphabet_soup_and_place_it_in_th     0.425  0.179   0.49  1.00  -53.6  0.43
pick_up_the_alphabet_soup_and_place_it_in_th     0.359  0.180   0.41  0.94  -63.9  0.39
pick_up_the_alphabet_soup_and_place_it_in_th     0.319  0.174   0.33  0.94  -69.7  0.42
pick_up_the_alphabet_soup_and_place_it_in_th     0.475  0.151   0.44  1.00  -61.3  0.35
pick_up_the_alphabet_soup_and_place_it_in_th     0.517  0.141   0.49  1.00  -37.4  0.36
pick_up_the_alphabet_soup_and_place_it_in_th     0.438  0.166   0.54  0.94  -55.4  0.44
pick_up_the_alphabet_soup_and_place_it_in_th     0.375  0.173   0.54  0.88  -43.4  0.43
pick_up_the_alphabet_soup_and_place_it_in_th     0.515  0.149   0.35  0.94  -42.1  0.43
pick_up_the_alphabet_soup_and_place_it_in_th     0.477  0.166   0.42  0.94  -48.9  0.43
pick_up_the_alphabet_soup_and_place_it_in_th     0.449  0.169   0.43  0.88  -56.8  0.49
pick_up_the_alphabet_soup_and_place_it_in_th     0.485  0.184   0.43  0.86  -41.6  0.36
pick_up_the_alphabet_soup_and_place_it_in_th     0.448  0.165   0.48  0.94  -49.1  0.37
pick_up_the_alphabet_soup_and_place_it_in_th     0.457  0.152   0.57  0.88  -54.3  0.40
pick_up_the_alphabet_soup_and_place_it_in_th     0.414  0.199   0.44  1.00  -42.8  0.32
pick_up_the_alphabet_soup_and_place_it_in_th     0.370  0.179   0.43  0.94  -43.0  0.38
pick_up_the_alphabet_soup_and_place_it_in_th     0.401  0.184   0.38  0.94  -54.0  0.35
pick_up_the_alphabet_soup_and_place_it_in_th     0.495  0.154   0.48  1.00  -33.3  0.31
pick_up_the_alphabet_soup_and_place_it_in_th     0.536  0.153   0.43  1.00  -41.8  0.64
pick_up_the_alphabet_soup_and_place_it_in_th     0.447  0.178   0.38  0.88  -76.8  0.42
pick_up_the_alphabet_soup_and_place_it_in_th     0.519  0.166   0.34  0.93  -33.4  0.45
pick_up_the_alphabet_soup_and_place_it_in_th     0.518  0.146   0.47  0.94  -56.0  0.41
pick_up_the_alphabet_soup_and_place_it_in_th     0.479  0.190   0.37  0.93  -42.2  0.39
pick_up_the_alphabet_soup_and_place_it_in_th     0.416  0.152   0.46  1.00  -43.3  0.39
pick_up_the_alphabet_soup_and_place_it_in_th     0.422  0.160   0.41  0.89  -67.6  0.32
pick_up_the_alphabet_soup_and_place_it_in_th     0.519  0.140   0.53  0.94  -34.6  0.31
pick_up_the_alphabet_soup_and_place_it_in_th     0.463  0.149   0.41  0.88  -44.7  0.32
pick_up_the_alphabet_soup_and_place_it_in_th     0.438  0.157   0.53  0.94  -58.0  0.34
pick_up_the_alphabet_soup_and_place_it_in_th     0.438  0.173   0.42  1.00  -31.6  0.21

AGGREGATE (median): std_ratio 0.449 | mae 0.166 | corr 0.44 | grip 0.94 | wm_margin -46.8% | 0.73s/eval
read: std_ratio ~1.0 = healthy magnitude (collapse shows as ~0.1); wm_margin > 0 = world model beats persistence.
waypoint head (v7.2): std_ratio 0.907 | mae 57.8 mm  —  compare against the action std_ratio above: the lever only pays if positions regress with less shrinkage than actions do.

planner input sensitivity when the input is WITHHELD (10 episodes):
  input            POSE |dplan|  grip flip %
  proprio                0.1395        30.9%
  state_delta            0.0985         8.6%
  relational             0.0705         9.8%
  current_emb            0.0485         4.5%
  next_emb->stale        0.0442         3.8%
  next_emb->cur          0.0339         4.1%
  wm_latent              0.0129         0.0%
  wm_msg                 0.0012         0.0%
  fused                  0.0000         0.0%
  geometry               0.0000         0.0%
  pred_box_emb           0.0000         0.0%
read: POSE and the GRIPPER are reported SEPARATELY on purpose. The plan's
last column is a hard +/-1, so one flipped gripper decision per step adds
exactly 0.2857 to a whole-plan mean — indistinguishable from the largest
pose effect ever measured here. Earlier combined readings (paper.md 4g) mixed
the two and must be re-measured with this build.
saved -> eval_results/bench_v8_norel.json
