This is pdfTeX, Version 3.141592653-2.6-1.40.27 (TeX Live 2025) (preloaded format=pdflatex 2025.3.8)  8 AUG 2026 00:44
entering extended mode
 restricted \write18 enabled.
 %&-line parsing enabled.
**main.tex
(./main.tex
LaTeX2e <2024-11-01> patch level 2
L3 programming layer <2025-01-18>
(/usr/local/texlive/2025basic/texmf-dist/tex/latex/base/article.cls
Document Class: article 2024/06/29 v1.4n Standard LaTeX document class
(/usr/local/texlive/2025basic/texmf-dist/tex/latex/base/size10.clo
File: size10.clo 2024/06/29 v1.4n Standard LaTeX file (size option)
)
\c@part=\count196
\c@section=\count197
\c@subsection=\count198
\c@subsubsection=\count199
\c@paragraph=\count266
\c@subparagraph=\count267
\c@figure=\count268
\c@table=\count269
\abovecaptionskip=\skip49
\belowcaptionskip=\skip50
\bibindent=\dimen141
)
(/usr/local/texlive/2025basic/texmf-dist/tex/latex/geometry/geometry.sty
Package: geometry 2020/01/02 v5.9 Page Geometry

(/usr/local/texlive/2025basic/texmf-dist/tex/latex/graphics/keyval.sty
Package: keyval 2022/05/29 v1.15 key=value parser (DPC)
\KV@toks@=\toks17
)
(/usr/local/texlive/2025basic/texmf-dist/tex/generic/iftex/ifvtex.sty
Package: ifvtex 2019/10/25 v1.7 ifvtex legacy package. Use iftex instead.

(/usr/local/texlive/2025basic/texmf-dist/tex/generic/iftex/iftex.sty
Package: iftex 2024/12/12 v1.0g TeX engine tests
))
\Gm@cnth=\count270
\Gm@cntv=\count271
\c@Gm@tempcnt=\count272
\Gm@bindingoffset=\dimen142
\Gm@wd@mp=\dimen143
\Gm@odd@mp=\dimen144
\Gm@even@mp=\dimen145
\Gm@layoutwidth=\dimen146
\Gm@layoutheight=\dimen147
\Gm@layouthoffset=\dimen148
\Gm@layoutvoffset=\dimen149
\Gm@dimlist=\toks18
)
(/usr/local/texlive/2025basic/texmf-dist/tex/latex/amsmath/amsmath.sty
Package: amsmath 2024/11/05 v2.17t AMS math features
\@mathmargin=\skip51

For additional information on amsmath, use the `?' option.
(/usr/local/texlive/2025basic/texmf-dist/tex/latex/amsmath/amstext.sty
Package: amstext 2021/08/26 v2.01 AMS text

(/usr/local/texlive/2025basic/texmf-dist/tex/latex/amsmath/amsgen.sty
File: amsgen.sty 1999/11/30 v2.0 generic functions
\@emptytoks=\toks19
\ex@=\dimen150
))
(/usr/local/texlive/2025basic/texmf-dist/tex/latex/amsmath/amsbsy.sty
Package: amsbsy 1999/11/29 v1.2d Bold Symbols
\pmbraise@=\dimen151
)
(/usr/local/texlive/2025basic/texmf-dist/tex/latex/amsmath/amsopn.sty
Package: amsopn 2022/04/08 v2.04 operator names
)
\inf@bad=\count273
LaTeX Info: Redefining \frac on input line 233.
\uproot@=\count274
\leftroot@=\count275
LaTeX Info: Redefining \overline on input line 398.
LaTeX Info: Redefining \colon on input line 409.
\classnum@=\count276
\DOTSCASE@=\count277
LaTeX Info: Redefining \ldots on input line 495.
LaTeX Info: Redefining \dots on input line 498.
LaTeX Info: Redefining \cdots on input line 619.
\Mathstrutbox@=\box52
\strutbox@=\box53
LaTeX Info: Redefining \big on input line 721.
LaTeX Info: Redefining \Big on input line 722.
LaTeX Info: Redefining \bigg on input line 723.
LaTeX Info: Redefining \Bigg on input line 724.
\big@size=\dimen152
LaTeX Font Info:    Redeclaring font encoding OML on input line 742.
LaTeX Font Info:    Redeclaring font encoding OMS on input line 743.
\macc@depth=\count278
LaTeX Info: Redefining \bmod on input line 904.
LaTeX Info: Redefining \pmod on input line 909.
LaTeX Info: Redefining \smash on input line 939.
LaTeX Info: Redefining \relbar on input line 969.
LaTeX Info: Redefining \Relbar on input line 970.
\c@MaxMatrixCols=\count279
\dotsspace@=\muskip17
\c@parentequation=\count280
\dspbrk@lvl=\count281
\tag@help=\toks20
\row@=\count282
\column@=\count283
\maxfields@=\count284
\andhelp@=\toks21
\eqnshift@=\dimen153
\alignsep@=\dimen154
\tagshift@=\dimen155
\tagwidth@=\dimen156
\totwidth@=\dimen157
\lineht@=\dimen158
\@envbody=\toks22
\multlinegap=\skip52
\multlinetaggap=\skip53
\mathdisplay@stack=\toks23
LaTeX Info: Redefining \[ on input line 2953.
LaTeX Info: Redefining \] on input line 2954.
)
(/usr/local/texlive/2025basic/texmf-dist/tex/latex/amsfonts/amssymb.sty
Package: amssymb 2013/01/14 v3.01 AMS font symbols

(/usr/local/texlive/2025basic/texmf-dist/tex/latex/amsfonts/amsfonts.sty
Package: amsfonts 2013/01/14 v3.01 Basic AMSFonts support
\symAMSa=\mathgroup4
\symAMSb=\mathgroup5
LaTeX Font Info:    Redeclaring math symbol \hbar on input line 98.
LaTeX Font Info:    Overwriting math alphabet `\mathfrak' in version `bold'
(Font)                  U/euf/m/n --> U/euf/b/n on input line 106.
))
(/usr/local/texlive/2025basic/texmf-dist/tex/latex/booktabs/booktabs.sty
Package: booktabs 2020/01/12 v1.61803398 Publication quality tables
\heavyrulewidth=\dimen159
\lightrulewidth=\dimen160
\cmidrulewidth=\dimen161
\belowrulesep=\dimen162
\belowbottomsep=\dimen163
\aboverulesep=\dimen164
\abovetopsep=\dimen165
\cmidrulesep=\dimen166
\cmidrulekern=\dimen167
\defaultaddspace=\dimen168
\@cmidla=\count285
\@cmidlb=\count286
\@aboverulesep=\dimen169
\@belowrulesep=\dimen170
\@thisruleclass=\count287
\@lastruleclass=\count288
\@thisrulewidth=\dimen171
)
(/usr/local/texlive/2025basic/texmf-dist/tex/latex/graphics/graphicx.sty
Package: graphicx 2021/09/16 v1.2d Enhanced LaTeX Graphics (DPC,SPQR)

(/usr/local/texlive/2025basic/texmf-dist/tex/latex/graphics/graphics.sty
Package: graphics 2024/08/06 v1.4g Standard LaTeX Graphics (DPC,SPQR)

(/usr/local/texlive/2025basic/texmf-dist/tex/latex/graphics/trig.sty
Package: trig 2023/12/02 v1.11 sin cos tan (DPC)
)
(/usr/local/texlive/2025basic/texmf-dist/tex/latex/graphics-cfg/graphics.cfg
File: graphics.cfg 2016/06/04 v1.11 sample graphics configuration
)
Package graphics Info: Driver file: pdftex.def on input line 106.

(/usr/local/texlive/2025basic/texmf-dist/tex/latex/graphics-def/pdftex.def
File: pdftex.def 2024/04/13 v1.2c Graphics/color driver for pdftex
))
\Gin@req@height=\dimen172
\Gin@req@width=\dimen173
)
(/usr/local/texlive/2025basic/texmf-dist/tex/latex/lm/lmodern.sty
Package: lmodern 2015/05/01 v1.6.1 Latin Modern Fonts
LaTeX Font Info:    Overwriting symbol font `operators' in version `normal'
(Font)                  OT1/cmr/m/n --> OT1/lmr/m/n on input line 22.
LaTeX Font Info:    Overwriting symbol font `letters' in version `normal'
(Font)                  OML/cmm/m/it --> OML/lmm/m/it on input line 23.
LaTeX Font Info:    Overwriting symbol font `symbols' in version `normal'
(Font)                  OMS/cmsy/m/n --> OMS/lmsy/m/n on input line 24.
LaTeX Font Info:    Overwriting symbol font `largesymbols' in version `normal'
(Font)                  OMX/cmex/m/n --> OMX/lmex/m/n on input line 25.
LaTeX Font Info:    Overwriting symbol font `operators' in version `bold'
(Font)                  OT1/cmr/bx/n --> OT1/lmr/bx/n on input line 26.
LaTeX Font Info:    Overwriting symbol font `letters' in version `bold'
(Font)                  OML/cmm/b/it --> OML/lmm/b/it on input line 27.
LaTeX Font Info:    Overwriting symbol font `symbols' in version `bold'
(Font)                  OMS/cmsy/b/n --> OMS/lmsy/b/n on input line 28.
LaTeX Font Info:    Overwriting symbol font `largesymbols' in version `bold'
(Font)                  OMX/cmex/m/n --> OMX/lmex/m/n on input line 29.
LaTeX Font Info:    Overwriting math alphabet `\mathbf' in version `normal'
(Font)                  OT1/cmr/bx/n --> OT1/lmr/bx/n on input line 31.
LaTeX Font Info:    Overwriting math alphabet `\mathsf' in version `normal'
(Font)                  OT1/cmss/m/n --> OT1/lmss/m/n on input line 32.
LaTeX Font Info:    Overwriting math alphabet `\mathit' in version `normal'
(Font)                  OT1/cmr/m/it --> OT1/lmr/m/it on input line 33.
LaTeX Font Info:    Overwriting math alphabet `\mathtt' in version `normal'
(Font)                  OT1/cmtt/m/n --> OT1/lmtt/m/n on input line 34.
LaTeX Font Info:    Overwriting math alphabet `\mathbf' in version `bold'
(Font)                  OT1/cmr/bx/n --> OT1/lmr/bx/n on input line 35.
LaTeX Font Info:    Overwriting math alphabet `\mathsf' in version `bold'
(Font)                  OT1/cmss/bx/n --> OT1/lmss/bx/n on input line 36.
LaTeX Font Info:    Overwriting math alphabet `\mathit' in version `bold'
(Font)                  OT1/cmr/bx/it --> OT1/lmr/bx/it on input line 37.
LaTeX Font Info:    Overwriting math alphabet `\mathtt' in version `bold'
(Font)                  OT1/cmtt/m/n --> OT1/lmtt/m/n on input line 38.
)
(/Users/avneh/Library/texmf/tex/latex/multirow/multirow.sty
Package: multirow 2024/11/12 v2.9 Span multiple rows of a table
\multirow@colwidth=\skip54
\multirow@cntb=\count289
\multirow@dima=\skip55
\bigstrutjot=\dimen174
)
(/usr/local/texlive/2025basic/texmf-dist/tex/latex/microtype/microtype.sty
Package: microtype 2025/02/11 v3.2a Micro-typographical refinements (RS)

(/Users/avneh/Library/texmf/tex/latex/etoolbox/etoolbox.sty
Package: etoolbox 2025/10/02 v2.5m e-TeX tools for LaTeX (JAW)
\etb@tempcnta=\count290
)
\MT@toks=\toks24
\MT@tempbox=\box54
\MT@count=\count291
LaTeX Info: Redefining \noprotrusionifhmode on input line 1087.
LaTeX Info: Redefining \leftprotrusion on input line 1088.
\MT@prot@toks=\toks25
LaTeX Info: Redefining \rightprotrusion on input line 1107.
LaTeX Info: Redefining \textls on input line 1449.
\MT@outer@kern=\dimen175
LaTeX Info: Redefining \microtypecontext on input line 2053.
LaTeX Info: Redefining \textmicrotypecontext on input line 2070.
\MT@listname@count=\count292

(/usr/local/texlive/2025basic/texmf-dist/tex/latex/microtype/microtype-pdftex.d
ef
File: microtype-pdftex.def 2025/02/11 v3.2a Definitions specific to pdftex (RS)

LaTeX Info: Redefining \lsstyle on input line 944.
LaTeX Info: Redefining \lslig on input line 944.
\MT@outer@space=\skip56
)
Package microtype Info: Loading configuration file microtype.cfg.
 (/usr/local/texlive/2025basic/texmf-dist/tex/latex/microtype/microtype.cfg
File: microtype.cfg 2025/02/11 v3.2a microtype main configuration file (RS)
)
LaTeX Info: Redefining \microtypesetup on input line 3065.
) (/usr/local/texlive/2025basic/texmf-dist/tex/latex/hyperref/hyperref.sty
Package: hyperref 2024-11-05 v7.01l Hypertext links for LaTeX

(/usr/local/texlive/2025basic/texmf-dist/tex/latex/kvsetkeys/kvsetkeys.sty
Package: kvsetkeys 2022-10-05 v1.19 Key value parser (HO)
)
(/usr/local/texlive/2025basic/texmf-dist/tex/generic/kvdefinekeys/kvdefinekeys.
sty
Package: kvdefinekeys 2019-12-19 v1.6 Define keys (HO)
)
(/usr/local/texlive/2025basic/texmf-dist/tex/generic/pdfescape/pdfescape.sty
Package: pdfescape 2019/12/09 v1.15 Implements pdfTeX's escape features (HO)

(/usr/local/texlive/2025basic/texmf-dist/tex/generic/ltxcmds/ltxcmds.sty
Package: ltxcmds 2023-12-04 v1.26 LaTeX kernel commands for general use (HO)
)
(/usr/local/texlive/2025basic/texmf-dist/tex/generic/pdftexcmds/pdftexcmds.sty
Package: pdftexcmds 2020-06-27 v0.33 Utility functions of pdfTeX for LuaTeX (HO
)

(/usr/local/texlive/2025basic/texmf-dist/tex/generic/infwarerr/infwarerr.sty
Package: infwarerr 2019/12/03 v1.5 Providing info/warning/error messages (HO)
)
Package pdftexcmds Info: \pdf@primitive is available.
Package pdftexcmds Info: \pdf@ifprimitive is available.
Package pdftexcmds Info: \pdfdraftmode found.
)) (/usr/local/texlive/2025basic/texmf-dist/tex/latex/hycolor/hycolor.sty
Package: hycolor 2020-01-27 v1.10 Color options for hyperref/bookmark (HO)
)
(/usr/local/texlive/2025basic/texmf-dist/tex/latex/hyperref/nameref.sty
Package: nameref 2023-11-26 v2.56 Cross-referencing by name of section

(/usr/local/texlive/2025basic/texmf-dist/tex/latex/refcount/refcount.sty
Package: refcount 2019/12/15 v3.6 Data extraction from label references (HO)
)
(/usr/local/texlive/2025basic/texmf-dist/tex/generic/gettitlestring/gettitlestr
ing.sty
Package: gettitlestring 2019/12/15 v1.6 Cleanup title references (HO)

(/usr/local/texlive/2025basic/texmf-dist/tex/latex/kvoptions/kvoptions.sty
Package: kvoptions 2022-06-15 v3.15 Key value format for package options (HO)
))
\c@section@level=\count293
)
(/usr/local/texlive/2025basic/texmf-dist/tex/generic/stringenc/stringenc.sty
Package: stringenc 2019/11/29 v1.12 Convert strings between diff. encodings (HO
)
)
\@linkdim=\dimen176
\Hy@linkcounter=\count294
\Hy@pagecounter=\count295

(/usr/local/texlive/2025basic/texmf-dist/tex/latex/hyperref/pd1enc.def
File: pd1enc.def 2024-11-05 v7.01l Hyperref: PDFDocEncoding definition (HO)
Now handling font encoding PD1 ...
... no UTF-8 mapping file for font encoding PD1
)
(/usr/local/texlive/2025basic/texmf-dist/tex/generic/intcalc/intcalc.sty
Package: intcalc 2019/12/15 v1.3 Expandable calculations with integers (HO)
)
\Hy@SavedSpaceFactor=\count296

(/usr/local/texlive/2025basic/texmf-dist/tex/latex/hyperref/puenc.def
File: puenc.def 2024-11-05 v7.01l Hyperref: PDF Unicode definition (HO)
Now handling font encoding PU ...
... no UTF-8 mapping file for font encoding PU
)
Package hyperref Info: Hyper figures OFF on input line 4157.
Package hyperref Info: Link nesting OFF on input line 4162.
Package hyperref Info: Hyper index ON on input line 4165.
Package hyperref Info: Plain pages OFF on input line 4172.
Package hyperref Info: Backreferencing OFF on input line 4177.
Package hyperref Info: Implicit mode ON; LaTeX internals redefined.
Package hyperref Info: Bookmarks ON on input line 4424.
\c@Hy@tempcnt=\count297

(/usr/local/texlive/2025basic/texmf-dist/tex/latex/url/url.sty
\Urlmuskip=\muskip18
Package: url 2013/09/16  ver 3.4  Verb mode for urls, etc.
)
LaTeX Info: Redefining \url on input line 4763.
\XeTeXLinkMargin=\dimen177

(/usr/local/texlive/2025basic/texmf-dist/tex/generic/bitset/bitset.sty
Package: bitset 2019/12/09 v1.3 Handle bit-vector datatype (HO)

(/usr/local/texlive/2025basic/texmf-dist/tex/generic/bigintcalc/bigintcalc.sty
Package: bigintcalc 2019/12/15 v1.5 Expandable calculations on big integers (HO
)
))
\Fld@menulength=\count298
\Field@Width=\dimen178
\Fld@charsize=\dimen179
Package hyperref Info: Hyper figures OFF on input line 6042.
Package hyperref Info: Link nesting OFF on input line 6047.
Package hyperref Info: Hyper index ON on input line 6050.
Package hyperref Info: backreferencing OFF on input line 6057.
Package hyperref Info: Link coloring OFF on input line 6062.
Package hyperref Info: Link coloring with OCG OFF on input line 6067.
Package hyperref Info: PDF/A mode OFF on input line 6072.
 (/usr/local/texlive/2025basic/texmf-dist/tex/latex/base/atbegshi-ltx.sty
Package: atbegshi-ltx 2021/01/10 v1.0c Emulation of the original atbegshi
package with kernel methods
)
\Hy@abspage=\count299
\c@Item=\count300
\c@Hfootnote=\count301
)
Package hyperref Info: Driver (autodetected): hpdftex.

(/usr/local/texlive/2025basic/texmf-dist/tex/latex/hyperref/hpdftex.def
File: hpdftex.def 2024-11-05 v7.01l Hyperref driver for pdfTeX

(/usr/local/texlive/2025basic/texmf-dist/tex/latex/base/atveryend-ltx.sty
Package: atveryend-ltx 2020/08/19 v1.0a Emulation of the original atveryend pac
kage
with kernel methods
)
\Fld@listcount=\count302
\c@bookmark@seq@number=\count303

(/usr/local/texlive/2025basic/texmf-dist/tex/latex/rerunfilecheck/rerunfilechec
k.sty
Package: rerunfilecheck 2022-07-10 v1.10 Rerun checks for auxiliary files (HO)

(/usr/local/texlive/2025basic/texmf-dist/tex/generic/uniquecounter/uniquecounte
r.sty
Package: uniquecounter 2019/12/15 v1.4 Provide unlimited unique counter (HO)
)
Package uniquecounter Info: New unique counter `rerunfilecheck' on input line 2
85.
)
\Hy@SectionHShift=\skip57
) (/usr/local/texlive/2025basic/texmf-dist/tex/latex/natbib/natbib.sty
Package: natbib 2010/09/13 8.31b (PWD, AO)
\bibhang=\skip58
\bibsep=\skip59
LaTeX Info: Redefining \cite on input line 694.
\c@NAT@ctr=\count304
)
(/usr/local/texlive/2025basic/texmf-dist/tex/latex/caption/caption.sty
Package: caption 2023/08/05 v3.6o Customizing captions (AR)

(/usr/local/texlive/2025basic/texmf-dist/tex/latex/caption/caption3.sty
Package: caption3 2023/07/31 v2.4d caption3 kernel (AR)
\caption@tempdima=\dimen180
\captionmargin=\dimen181
\caption@leftmargin=\dimen182
\caption@rightmargin=\dimen183
\caption@width=\dimen184
\caption@indent=\dimen185
\caption@parindent=\dimen186
\caption@hangindent=\dimen187
Package caption Info: Standard document class detected.
)
\c@caption@flags=\count305
\c@continuedfloat=\count306
Package caption Info: hyperref package is loaded.
)
LaTeX Font Info:    Trying to load font information for OT1+lmr on input line 2
0.

(/usr/local/texlive/2025basic/texmf-dist/tex/latex/lm/ot1lmr.fd
File: ot1lmr.fd 2015/05/01 v1.6.1 Font defs for Latin Modern
)
(/usr/local/texlive/2025basic/texmf-dist/tex/latex/l3backend/l3backend-pdftex.d
ef
File: l3backend-pdftex.def 2024-05-08 L3 backend support: PDF output (pdfTeX)
\l__color_backend_stack_int=\count307
\l__pdf_internal_box=\box55
) (./main.aux)
\openout1 = `main.aux'.

LaTeX Font Info:    Checking defaults for OML/cmm/m/it on input line 20.
LaTeX Font Info:    ... okay on input line 20.
LaTeX Font Info:    Checking defaults for OMS/cmsy/m/n on input line 20.
LaTeX Font Info:    ... okay on input line 20.
LaTeX Font Info:    Checking defaults for OT1/cmr/m/n on input line 20.
LaTeX Font Info:    ... okay on input line 20.
LaTeX Font Info:    Checking defaults for T1/cmr/m/n on input line 20.
LaTeX Font Info:    ... okay on input line 20.
LaTeX Font Info:    Checking defaults for TS1/cmr/m/n on input line 20.
LaTeX Font Info:    ... okay on input line 20.
LaTeX Font Info:    Checking defaults for OMX/cmex/m/n on input line 20.
LaTeX Font Info:    ... okay on input line 20.
LaTeX Font Info:    Checking defaults for U/cmr/m/n on input line 20.
LaTeX Font Info:    ... okay on input line 20.
LaTeX Font Info:    Checking defaults for PD1/pdf/m/n on input line 20.
LaTeX Font Info:    ... okay on input line 20.
LaTeX Font Info:    Checking defaults for PU/pdf/m/n on input line 20.
LaTeX Font Info:    ... okay on input line 20.

*geometry* driver: auto-detecting
*geometry* detected driver: pdftex
*geometry* verbose mode - [ preamble ] result:
* driver: pdftex
* paper: letterpaper
* layout: <same size as paper>
* layoutoffset:(h,v)=(0.0pt,0.0pt)
* modes: 
* h-part:(L,W,R)=(72.26999pt, 469.75502pt, 72.26999pt)
* v-part:(T,H,B)=(72.26999pt, 650.43001pt, 72.26999pt)
* \paperwidth=614.295pt
* \paperheight=794.96999pt
* \textwidth=469.75502pt
* \textheight=650.43001pt
* \oddsidemargin=0.0pt
* \evensidemargin=0.0pt
* \topmargin=-37.0pt
* \headheight=12.0pt
* \headsep=25.0pt
* \topskip=10.0pt
* \footskip=30.0pt
* \marginparwidth=65.0pt
* \marginparsep=11.0pt
* \columnsep=10.0pt
* \skip\footins=9.0pt plus 4.0pt minus 2.0pt
* \hoffset=0.0pt
* \voffset=0.0pt
* \mag=1000
* \@twocolumnfalse
* \@twosidefalse
* \@mparswitchfalse
* \@reversemarginfalse
* (1in=72.27pt=25.4mm, 1cm=28.453pt)

(/usr/local/texlive/2025basic/texmf-dist/tex/context/base/mkii/supp-pdf.mkii
[Loading MPS to PDF converter (version 2006.09.02).]
\scratchcounter=\count308
\scratchdimen=\dimen188
\scratchbox=\box56
\nofMPsegments=\count309
\nofMParguments=\count310
\everyMPshowfont=\toks26
\MPscratchCnt=\count311
\MPscratchDim=\dimen189
\MPnumerator=\count312
\makeMPintoPDFobject=\count313
\everyMPtoPDFconversion=\toks27
)
(/usr/local/texlive/2025basic/texmf-dist/tex/latex/epstopdf-pkg/epstopdf-base.s
ty
Package: epstopdf-base 2020-01-24 v2.11 Base part for package epstopdf
Package epstopdf-base Info: Redefining graphics rule for `.eps' on input line 4
85.

(/usr/local/texlive/2025basic/texmf-dist/tex/latex/latexconfig/epstopdf-sys.cfg
File: epstopdf-sys.cfg 2010/07/13 v1.3 Configuration of (r)epstopdf for TeX Liv
e
))
LaTeX Info: Redefining \microtypecontext on input line 20.
Package microtype Info: Applying patch `item' on input line 20.
Package microtype Info: Applying patch `toc' on input line 20.
Package microtype Info: Applying patch `eqnum' on input line 20.
Package microtype Info: Applying patch `footnote' on input line 20.
Package microtype Info: Applying patch `verbatim' on input line 20.
LaTeX Info: Redefining \microtypesetup on input line 20.
Package microtype Info: Generating PDF output.
Package microtype Info: Character protrusion enabled (level 2).
Package microtype Info: Using default protrusion set `alltext'.
Package microtype Info: No font expansion.
Package microtype Info: No adjustment of tracking.
Package microtype Info: No adjustment of interword spacing.
Package microtype Info: No adjustment of character kerning.
 (/usr/local/texlive/2025basic/texmf-dist/tex/latex/microtype/mt-cmr.cfg
File: mt-cmr.cfg 2013/05/19 v2.2 microtype config. file: Computer Modern Roman 
(RS)
)
Package hyperref Info: Link coloring OFF on input line 20.

(./main.out) (./main.out)
\@outlinefile=\write3
\openout3 = `main.out'.

Package caption Info: Begin \AtBeginDocument code.
Package caption Info: End \AtBeginDocument code.
LaTeX Font Info:    Trying to load font information for OML+lmm on input line 2
2.

(/usr/local/texlive/2025basic/texmf-dist/tex/latex/lm/omllmm.fd
File: omllmm.fd 2015/05/01 v1.6.1 Font defs for Latin Modern
)
LaTeX Font Info:    Trying to load font information for OMS+lmsy on input line 
22.

(/usr/local/texlive/2025basic/texmf-dist/tex/latex/lm/omslmsy.fd
File: omslmsy.fd 2015/05/01 v1.6.1 Font defs for Latin Modern
)
LaTeX Font Info:    Trying to load font information for OMX+lmex on input line 
22.

(/usr/local/texlive/2025basic/texmf-dist/tex/latex/lm/omxlmex.fd
File: omxlmex.fd 2015/05/01 v1.6.1 Font defs for Latin Modern
)
LaTeX Font Info:    External font `lmex10' loaded for size
(Font)              <12> on input line 22.
LaTeX Font Info:    External font `lmex10' loaded for size
(Font)              <8> on input line 22.
LaTeX Font Info:    External font `lmex10' loaded for size
(Font)              <6> on input line 22.
LaTeX Font Info:    Trying to load font information for U+msa on input line 22.


(/usr/local/texlive/2025basic/texmf-dist/tex/latex/amsfonts/umsa.fd
File: umsa.fd 2013/01/14 v3.01 AMS symbols A
)
(/usr/local/texlive/2025basic/texmf-dist/tex/latex/microtype/mt-msa.cfg
File: mt-msa.cfg 2006/02/04 v1.1 microtype config. file: AMS symbols (a) (RS)
)
LaTeX Font Info:    Trying to load font information for U+msb on input line 22.


(/usr/local/texlive/2025basic/texmf-dist/tex/latex/amsfonts/umsb.fd
File: umsb.fd 2013/01/14 v3.01 AMS symbols B
)
(/usr/local/texlive/2025basic/texmf-dist/tex/latex/microtype/mt-msb.cfg
File: mt-msb.cfg 2005/06/01 v1.0 microtype config. file: AMS symbols (b) (RS)
)
LaTeX Font Info:    Trying to load font information for OT1+lmtt on input line 
52.

(/usr/local/texlive/2025basic/texmf-dist/tex/latex/lm/ot1lmtt.fd
File: ot1lmtt.fd 2015/05/01 v1.6.1 Font defs for Latin Modern
)
Package microtype Info: Loading generic protrusion settings for font family
(microtype)             `lmtt' (encoding: OT1).
(microtype)             For optimal results, create family-specific settings.
(microtype)             See the microtype manual for details.
LaTeX Font Info:    External font `lmex10' loaded for size
(Font)              <10> on input line 54.
LaTeX Font Info:    External font `lmex10' loaded for size
(Font)              <7> on input line 54.
LaTeX Font Info:    External font `lmex10' loaded for size
(Font)              <5> on input line 54.
LaTeX Font Info:    Trying to load font information for TS1+lmr on input line 6
8.

(/usr/local/texlive/2025basic/texmf-dist/tex/latex/lm/ts1lmr.fd
File: ts1lmr.fd 2015/05/01 v1.6.1 Font defs for Latin Modern
)

[1

{/Users/avneh/Library/texlive/2025basic/texmf-var/fonts/map/pdftex/updmap/pdfte
x.map}{/usr/local/texlive/2025basic/texmf-dist/fonts/enc/dvips/lm/lm-rm.enc}{/u
sr/local/texlive/2025basic/texmf-dist/fonts/enc/dvips/lm/lm-rmtt.enc}{/usr/loca
l/texlive/2025basic/texmf-dist/fonts/enc/dvips/lm/lm-mathsy.enc}{/usr/local/tex
live/2025basic/texmf-dist/fonts/enc/dvips/lm/lm-ts1.enc}]

[2{/usr/local/texlive/2025basic/texmf-dist/fonts/enc/dvips/lm/lm-mathit.enc}{/u
sr/local/texlive/2025basic/texmf-dist/fonts/enc/dvips/lm/lm-rmsc.enc}]
LaTeX Font Info:    External font `lmex10' loaded for size
(Font)              <9> on input line 201.
LaTeX Font Info:    Trying to load font information for OMS+lmtt on input line 
273.
LaTeX Font Info:    No file OMSlmtt.fd. on input line 273.


LaTeX Font Warning: Font shape `OMS/lmtt/m/n' undefined
(Font)              using `OMS/cmsy/m/n' instead
(Font)              for symbol `textbraceleft' on input line 273.


LaTeX Warning: `h' float specifier changed to `ht'.

<../visuals/F1_placement_forensics.png, id=146, 867.62036pt x 341.19048pt>
File: ../visuals/F1_placement_forensics.png Graphic file (type png)
<use ../visuals/F1_placement_forensics.png>
Package pdftex.def Info: ../visuals/F1_placement_forensics.png  used on input l
ine 278.
(pdftex.def)             Requested size: 469.75502pt x 184.7347pt.

LaTeX Warning: `h' float specifier changed to `ht'.



[3{/usr/local/texlive/2025basic/texmf-dist/fonts/enc/dvips/lm/lm-mathex.enc}]
Overfull \hbox (26.6864pt too wide) in paragraph at lines 315--327
 [][] 
 []


LaTeX Warning: `h' float specifier changed to `ht'.



[4 <../visuals/F1_placement_forensics.png>]

[5]

[6]
<../visuals/F3_threat_model.png, id=195, 903.375pt x 453.77953pt>
File: ../visuals/F3_threat_model.png Graphic file (type png)
<use ../visuals/F3_threat_model.png>
Package pdftex.def Info: ../visuals/F3_threat_model.png  used on input line 509
.
(pdftex.def)             Requested size: 469.75502pt x 235.9667pt.

Underfull \hbox (badness 10000) in paragraph at lines 535--535
[]\OT1/lmr/m/n/9 1. ex-pert
 []


Underfull \hbox (badness 10000) in paragraph at lines 535--535
\OT1/lmr/m/n/9 cal-i-bra-tion
 []


Underfull \hbox (badness 10000) in paragraph at lines 536--536
[]\OT1/lmr/m/n/9 scripted ex-pert
 []


Underfull \hbox (badness 2990) in paragraph at lines 537--538
[]\OT1/lmr/m/n/9 hand-eye con-stant en-
 []


Underfull \hbox (badness 1292) in paragraph at lines 539--539
[]\OT1/lmr/m/n/9 placement tele-por-ta-
 []


Underfull \hbox (badness 1902) in paragraph at lines 539--539
\OT1/lmr/m/n/9 tion: re-bake with
 []


Underfull \hbox (badness 10000) in paragraph at lines 540--541
[]\OT1/lmr/m/n/9 0/10$\OMS/lmsy/m/n/9 !$\OT1/lmr/m/n/9 7/10 dev,
 []


Underfull \hbox (badness 2057) in paragraph at lines 542--542
[]\OT1/lmr/m/n/9 2. iteration-
 []


Underfull \hbox (badness 5133) in paragraph at lines 542--542
\OT1/lmr/m/n/9 coupled se-lec-
 []


Underfull \hbox (badness 5878) in paragraph at lines 543--543
[]\OT1/lmr/m/n/9 our own pro-ce-
 []


Underfull \hbox (badness 10000) in paragraph at lines 544--545
\OT1/lmr/m/n/9 pres-sure ac-cu-mu-lated
 []


Underfull \hbox (badness 2073) in paragraph at lines 546--546
[]\OT1/lmr/m/n/9 process fix: bands
 []


Underfull \hbox (badness 10000) in paragraph at lines 546--546
\OT1/lmr/m/n/9 frozen, looks dis-
 []


Underfull \hbox (badness 10000) in paragraph at lines 547--549
[]\OT1/lmr/m/n/9 untouched band
 []


Underfull \hbox (badness 3884) in paragraph at lines 547--549
\OT1/lmr/m/n/9 20/30 vs 0.700, no
 []


Underfull \hbox (badness 10000) in paragraph at lines 547--549
\OT1/lmr/m/n/9 de-tected in-fla-tion
 []


Underfull \hbox (badness 6944) in paragraph at lines 547--549
\OT1/lmr/m/n/9 (\TS1/lmr/m/n/9 §[]\OT1/lmr/m/n/9 5.8[]). \OT1/lmr/bx/n/9 Bounde
d,
 []


Underfull \hbox (badness 10000) in paragraph at lines 550--550
\OT1/lmr/m/n/9 pro-pri-o-cep-tion
 []


Underfull \hbox (badness 1953) in paragraph at lines 552--553
\OT1/lmr/m/n/9 flat un-der $\OML/lmm/m/it/9 uv$ \OT1/lmr/m/n/9 sweeps;
 []


Underfull \hbox (badness 10000) in paragraph at lines 554--554
[]\OT1/lmr/m/n/9 same tele-ported
 []


Underfull \hbox (badness 10000) in paragraph at lines 555--557
[]\OT1/lmr/m/n/9 attribution flips to
 []


Underfull \hbox (badness 1701) in paragraph at lines 555--557
\OT1/lmr/m/n/9 vi-sual (1.1--1.8cm vs
 []


Overfull \hbox (20.67188pt too wide) in paragraph at lines 558--558
\OT1/lmr/m/n/9 command$\OMS/lmsy/m/n/9 !$\OT1/lmr/m/n/9 location
 []


Underfull \hbox (badness 1014) in paragraph at lines 560--561
[]\OT1/lmr/m/n/9 correct bas-ket for the
 []


Underfull \hbox (badness 10000) in paragraph at lines 560--561
\OT1/lmr/m/n/9 trained com-mand,
 []


Underfull \hbox (badness 10000) in paragraph at lines 560--561
\OT1/lmr/m/n/9 14.5/13.0cm off for
 []


Underfull \hbox (badness 2990) in paragraph at lines 560--561
\OT1/lmr/m/n/9 the other two; swap
 []


Underfull \hbox (badness 10000) in paragraph at lines 562--562
[]\OT1/lmr/m/n/9 command cov-er-age:
 []


Underfull \hbox (badness 5893) in paragraph at lines 562--562
\OT1/lmr/m/n/9 on all three com-
 []


Underfull \hbox (badness 10000) in paragraph at lines 563--565
[]\OT1/lmr/m/n/9 place \OT1/lmr/m/it/9 point
 []


Underfull \hbox (badness 10000) in paragraph at lines 563--565
\OT1/lmr/m/n/9 14.15$\OMS/lmsy/m/n/9 !$\OT1/lmr/m/n/9 0.78cm \OT1/lmr/bx/n/9 re
-
 []


Underfull \hbox (badness 10000) in paragraph at lines 563--565
\OT1/lmr/bx/n/9 paired\OT1/lmr/m/n/9 ; swap \OT1/lmr/m/it/9 be-
 []


Underfull \hbox (badness 10000) in paragraph at lines 563--565
\OT1/lmr/m/it/9 haviour \OT1/lmr/m/n/9 9/10$\OMS/lmsy/m/n/9 !$\OT1/lmr/m/n/9 4/
10,
 []


Underfull \hbox (badness 10000) in paragraph at lines 563--565
\OML/lmm/m/it/9 p[]\OT1/lmr/m/n/9 0\OML/lmm/m/it/9 :\OT1/lmr/m/n/9 125$ --- \OT
1/lmr/bx/n/9 un-re-
 []


Underfull \hbox (badness 7397) in paragraph at lines 566--566
[]\OT1/lmr/m/it/9 (separate) \OT1/lmr/m/n/9 ap-
 []


Underfull \hbox (badness 10000) in paragraph at lines 567--567
\OT1/lmr/m/n/9 points, not a
 []


Underfull \hbox (badness 10000) in paragraph at lines 567--567
\OT1/lmr/m/n/9 mem-o-riza-tion
 []


Underfull \hbox (badness 3758) in paragraph at lines 568--568
\OT1/lmr/m/n/9 ma-chine's own tra-jec-
 []


Underfull \hbox (badness 1400) in paragraph at lines 570--572
[]\OT1/lmr/m/n/9 3/50$\OMS/lmsy/m/n/9 !$\OT1/lmr/m/n/9 22/50 vs 3/50
 []


Underfull \hbox (badness 2237) in paragraph at lines 570--572
\OT1/lmr/m/n/9 con-trol, $\OML/lmm/m/it/9 p < \OT1/lmr/m/n/9 10[]$;
 []


LaTeX Font Warning: Font shape `OT1/lmr/bx/sc' undefined
(Font)              using `OT1/lmr/bx/n' instead on input line 628.



[7 <../visuals/F3_threat_model.png>]

LaTeX Warning: `h' float specifier changed to `ht'.


LaTeX Warning: `h' float specifier changed to `ht'.



[8]
<../visuals/F3_protocol_by_head.png, id=232, 758.835pt x 332.442pt>
File: ../visuals/F3_protocol_by_head.png Graphic file (type png)
<use ../visuals/F3_protocol_by_head.png>
Package pdftex.def Info: ../visuals/F3_protocol_by_head.png  used on input line
 734.
(pdftex.def)             Requested size: 469.75502pt x 205.80247pt.
<../visuals/F6_audit_stack_control.png, id=235, 245.718pt x 231.264pt>
File: ../visuals/F6_audit_stack_control.png Graphic file (type png)
<use ../visuals/F6_audit_stack_control.png>
Package pdftex.def Info: ../visuals/F6_audit_stack_control.png  used on input l
ine 745.
(pdftex.def)             Requested size: 197.29623pt x 185.69955pt.


LaTeX Warning: `h' float specifier changed to `ht'.



[9]
<../visuals/F2_attribution_profiles.png, id=262, 645.00975pt x 284.56313pt>
File: ../visuals/F2_attribution_profiles.png Graphic file (type png)
<use ../visuals/F2_attribution_profiles.png>
Package pdftex.def Info: ../visuals/F2_attribution_profiles.png  used on input 
line 802.
(pdftex.def)             Requested size: 469.75502pt x 207.24738pt.
<../visuals/F4_probe_counterexample.png, id=267, 830.34427pt x 319.1291pt>
File: ../visuals/F4_probe_counterexample.png Graphic file (type png)
<use ../visuals/F4_probe_counterexample.png>
Package pdftex.def Info: ../visuals/F4_probe_counterexample.png  used on input 
line 824.
(pdftex.def)             Requested size: 432.17375pt x 166.1039pt.


[10]

LaTeX Warning: `h' float specifier changed to `ht'.



[11 <../visuals/F3_protocol_by_head.png>]

[12 <../visuals/F6_audit_stack_control.png>]
Overfull \hbox (44.53966pt too wide) in paragraph at lines 987--1002
\OT1/lmtt/m/n/10 GraspPointHead.forward \OT1/lmr/m/n/10 con-sumes only \OT1/lmt
t/m/n/10 geom\OT1/lmr/m/n/10 , \OT1/lmtt/m/n/10 box[]emb\OT1/lmr/m/n/10 , \OT1/
lmtt/m/n/10 frame[]emb\OT1/lmr/m/n/10 , \OT1/lmtt/m/n/10 eef[]xy\OT1/lmr/m/n/10
 , as-sem-bled by \OT1/lmtt/m/n/10 build[]grasp[]features(uv,
 []



[13 <../visuals/F2_attribution_profiles.png>]
Overfull \hbox (52.53844pt too wide) in paragraph at lines 1006--1011
\OT1/lmr/m/n/10 out-comes re-leased in \OT1/lmtt/m/n/10 results/pod[]cells.json
 \OT1/lmr/m/n/10 and per-job wall times and exit sta-tuses in \OT1/lmtt/m/n/10 
results/pod[]run[]ledger.txt\OT1/lmr/m/n/10 .
 []



[14 <../visuals/F4_probe_counterexample.png>]
LaTeX Font Info:    Font shape `OT1/lmtt/bx/n' in size <10> not available
(Font)              Font shape `OT1/lmtt/b/n' tried instead on input line 1092.



[15]

[16]

[17]
<../visuals/F7_position_vs_appearance.png, id=331, 956.24622pt x 339.28864pt>
File: ../visuals/F7_position_vs_appearance.png Graphic file (type png)
<use ../visuals/F7_position_vs_appearance.png>
Package pdftex.def Info: ../visuals/F7_position_vs_appearance.png  used on inpu
t line 1300.
(pdftex.def)             Requested size: 469.75502pt x 166.6774pt.


[18 <../visuals/F7_position_vs_appearance.png>]
<../visuals/F2_dataflow_language.png, id=340, 888.921pt x 384.1721pt>
File: ../visuals/F2_dataflow_language.png Graphic file (type png)
<use ../visuals/F2_dataflow_language.png>
Package pdftex.def Info: ../visuals/F2_dataflow_language.png  used on input lin
e 1380.
(pdftex.def)             Requested size: 469.75502pt x 203.01817pt.


[19 <../visuals/F2_dataflow_language.png>]
<../visuals/F6_place_point_map.png, id=350, 782.79822pt x 378.84695pt>
File: ../visuals/F6_place_point_map.png Graphic file (type png)
<use ../visuals/F6_place_point_map.png>
Package pdftex.def Info: ../visuals/F6_place_point_map.png  used on input line 
1471.
(pdftex.def)             Requested size: 441.57086pt x 213.70786pt.
<../visuals/F5_third_object.png, id=351, 966.61125pt x 298.11375pt>
File: ../visuals/F5_third_object.png Graphic file (type png)
<use ../visuals/F5_third_object.png>
Package pdftex.def Info: ../visuals/F5_third_object.png  used on input line 148
4.
(pdftex.def)             Requested size: 469.75502pt x 144.87611pt.


[20]
Underfull \hbox (badness 10000) in paragraph at lines 1556--1557
[]\OT1/lmr/m/n/7 wrong way,
 []


Underfull \hbox (badness 10000) in paragraph at lines 1564--1565
[]\OT1/lmr/m/n/7 0.90$\OMS/lmsy/m/n/7 !$\OT1/lmr/m/n/7 0.40,
 []


LaTeX Warning: `h' float specifier changed to `ht'.



[21 <../visuals/F6_place_point_map.png>]

[22 <../visuals/F5_third_object.png>]

[23]

[24] (./main.bbl

[25]

[26])

[27] (./main.aux)
 ***********
LaTeX2e <2024-11-01> patch level 2
L3 programming layer <2025-01-18>
 ***********


LaTeX Font Warning: Some font shapes were not available, defaults substituted.

Package rerunfilecheck Info: File `main.out' has not changed.
(rerunfilecheck)             Checksum: 9C7DC97563C8AD42669B4604D0946C03;5482.
 ) 
Here is how much of TeX's memory you used:
 14565 strings out of 474662
 234730 string characters out of 5751110
 695192 words of memory out of 5000000
 37251 multiletter control sequences out of 15000+600000
 649070 words of font info for 106 fonts, out of 8000000 for 9000
 319 hyphenation exceptions out of 8191
 75i,12n,79p,1399b,629s stack positions out of 10000i,1000n,20000p,200000b,200000s
</usr/local/texlive/2025basic/texmf-dist/fonts/type1/public/amsfonts/cm/cmsy9
.pfb></usr/local/texlive/2025basic/texmf-dist/fonts/type1/public/lm/lmbx10.pfb>
</usr/local/texlive/2025basic/texmf-dist/fonts/type1/public/lm/lmbx12.pfb></usr
/local/texlive/2025basic/texmf-dist/fonts/type1/public/lm/lmbx7.pfb></usr/local
/texlive/2025basic/texmf-dist/fonts/type1/public/lm/lmbx8.pfb></usr/local/texli
ve/2025basic/texmf-dist/fonts/type1/public/lm/lmbx9.pfb></usr/local/texlive/202
5basic/texmf-dist/fonts/type1/public/lm/lmbxi10.pfb></usr/local/texlive/2025bas
ic/texmf-dist/fonts/type1/public/lm/lmcsc10.pfb></usr/local/texlive/2025basic/t
exmf-dist/fonts/type1/public/lm/lmex10.pfb></usr/local/texlive/2025basic/texmf-
dist/fonts/type1/public/lm/lmmi10.pfb></usr/local/texlive/2025basic/texmf-dist/
fonts/type1/public/lm/lmmi5.pfb></usr/local/texlive/2025basic/texmf-dist/fonts/
type1/public/lm/lmmi6.pfb></usr/local/texlive/2025basic/texmf-dist/fonts/type1/
public/lm/lmmi7.pfb></usr/local/texlive/2025basic/texmf-dist/fonts/type1/public
/lm/lmmi8.pfb></usr/local/texlive/2025basic/texmf-dist/fonts/type1/public/lm/lm
mi9.pfb></usr/local/texlive/2025basic/texmf-dist/fonts/type1/public/lm/lmmib10.
pfb></usr/local/texlive/2025basic/texmf-dist/fonts/type1/public/lm/lmr10.pfb></
usr/local/texlive/2025basic/texmf-dist/fonts/type1/public/lm/lmr12.pfb></usr/lo
cal/texlive/2025basic/texmf-dist/fonts/type1/public/lm/lmr5.pfb></usr/local/tex
live/2025basic/texmf-dist/fonts/type1/public/lm/lmr6.pfb></usr/local/texlive/20
25basic/texmf-dist/fonts/type1/public/lm/lmr7.pfb></usr/local/texlive/2025basic
/texmf-dist/fonts/type1/public/lm/lmr8.pfb></usr/local/texlive/2025basic/texmf-
dist/fonts/type1/public/lm/lmr9.pfb></usr/local/texlive/2025basic/texmf-dist/fo
nts/type1/public/lm/lmri10.pfb></usr/local/texlive/2025basic/texmf-dist/fonts/t
ype1/public/lm/lmri7.pfb></usr/local/texlive/2025basic/texmf-dist/fonts/type1/p
ublic/lm/lmri8.pfb></usr/local/texlive/2025basic/texmf-dist/fonts/type1/public/
lm/lmri9.pfb></usr/local/texlive/2025basic/texmf-dist/fonts/type1/public/lm/lms
y10.pfb></usr/local/texlive/2025basic/texmf-dist/fonts/type1/public/lm/lmsy5.pf
b></usr/local/texlive/2025basic/texmf-dist/fonts/type1/public/lm/lmsy6.pfb></us
r/local/texlive/2025basic/texmf-dist/fonts/type1/public/lm/lmsy7.pfb></usr/loca
l/texlive/2025basic/texmf-dist/fonts/type1/public/lm/lmsy8.pfb></usr/local/texl
ive/2025basic/texmf-dist/fonts/type1/public/lm/lmsy9.pfb></usr/local/texlive/20
25basic/texmf-dist/fonts/type1/public/lm/lmtk10.pfb></usr/local/texlive/2025bas
ic/texmf-dist/fonts/type1/public/lm/lmtt10.pfb></usr/local/texlive/2025basic/te
xmf-dist/fonts/type1/public/lm/lmtt8.pfb></usr/local/texlive/2025basic/texmf-di
st/fonts/type1/public/lm/lmtt9.pfb></usr/local/texlive/2025basic/texmf-dist/fon
ts/type1/public/amsfonts/symbols/msam10.pfb></usr/local/texlive/2025basic/texmf
-dist/fonts/type1/public/amsfonts/symbols/msam7.pfb>
Output written on main.pdf (27 pages, 2009517 bytes).
PDF statistics:
 676 PDF objects out of 1000 (max. 8388607)
 530 compressed objects within 6 object streams
 138 named destinations out of 1000 (max. 500000)
 17635 words of extra memory for PDF output out of 20736 (max. 10000000)

