This is pdfTeX, Version 3.141592653-2.6-1.40.29 (TeX Live 2026) (preloaded format=pdflatex 2026.8.9)  11 AUG 2026 16:38
entering extended mode
 restricted \write18 enabled.
 %&-line parsing enabled.
**paper2.tex
(./paper2.tex
LaTeX2e <2026-06-01>
L3 programming layer <2026-07-20>
(/usr/local/texlive/2026/texmf-dist/tex/latex/base/article.cls
Document Class: article 2025/01/22 v1.4n Standard LaTeX document class
(/usr/local/texlive/2026/texmf-dist/tex/latex/base/size10.clo
File: size10.clo 2025/01/22 v1.4n Standard LaTeX file (size option)
)
\c@part=\count276
\c@section=\count277
\c@subsection=\count278
\c@subsubsection=\count279
\c@paragraph=\count280
\c@subparagraph=\count281
\c@figure=\count282
\c@table=\count283
\abovecaptionskip=\skip49
\belowcaptionskip=\skip50
\bibindent=\dimen150
)
(/usr/local/texlive/2026/texmf-dist/tex/latex/geometry/geometry.sty
Package: geometry 2026/03/07 v6.0 Page Geometry

(/usr/local/texlive/2026/texmf-dist/tex/latex/graphics/keyval.sty
Package: keyval 2026-05-17 v1.15 key=value parser (DPC)
\KV@toks@=\toks17
)
(/usr/local/texlive/2026/texmf-dist/tex/generic/iftex/ifvtex.sty
Package: ifvtex 2019/10/25 v1.7 ifvtex legacy package. Use iftex instead.

(/usr/local/texlive/2026/texmf-dist/tex/generic/iftex/iftex.sty
Package: iftex 2024/12/12 v1.0g TeX engine tests
))
\Gm@cnth=\count284
\Gm@cntv=\count285
\c@Gm@tempcnt=\count286
\Gm@bindingoffset=\dimen151
\Gm@wd@mp=\dimen152
\Gm@odd@mp=\dimen153
\Gm@even@mp=\dimen154
\Gm@layoutwidth=\dimen155
\Gm@layoutheight=\dimen156
\Gm@layouthoffset=\dimen157
\Gm@layoutvoffset=\dimen158
\Gm@dimlist=\toks18
)
(/usr/local/texlive/2026/texmf-dist/tex/latex/amsmath/amsmath.sty
Package: amsmath 2026/05/19 v2.18d AMS math features
\@mathmargin=\skip51

For additional information on amsmath, use the `?' option.
(/usr/local/texlive/2026/texmf-dist/tex/latex/amsmath/amstext.sty
Package: amstext 2024/11/17 v2.01 AMS text

(/usr/local/texlive/2026/texmf-dist/tex/latex/amsmath/amsgen.sty
File: amsgen.sty 1999/11/30 v2.0 generic functions
\@emptytoks=\toks19
\ex@=\dimen159
))
(/usr/local/texlive/2026/texmf-dist/tex/latex/amsmath/amsbsy.sty
Package: amsbsy 1999/11/29 v1.2d Bold Symbols
\pmbraise@=\dimen160
)
(/usr/local/texlive/2026/texmf-dist/tex/latex/amsmath/amsopn.sty
Package: amsopn 2022/04/08 v2.04 operator names
)
\inf@bad=\count287
LaTeX Info: Redefining \frac on input line 233.
\uproot@=\count288
\leftroot@=\count289
LaTeX Info: Redefining \overline on input line 398.
LaTeX Info: Redefining \colon on input line 409.
\classnum@=\count290
\DOTSCASE@=\count291
LaTeX Info: Redefining \ldots on input line 495.
LaTeX Info: Redefining \dots on input line 498.
LaTeX Info: Redefining \cdots on input line 619.
\Mathstrutbox@=\box53
\strutbox@=\box54
LaTeX Info: Redefining \big on input line 721.
LaTeX Info: Redefining \Big on input line 722.
LaTeX Info: Redefining \bigg on input line 723.
LaTeX Info: Redefining \Bigg on input line 724.
\big@size=\dimen161
LaTeX Font Info:    Redeclaring font encoding OML on input line 742.
LaTeX Font Info:    Redeclaring font encoding OMS on input line 743.
\macc@depth=\count292
LaTeX Info: Redefining \bmod on input line 904.
LaTeX Info: Redefining \pmod on input line 909.
LaTeX Info: Redefining \smash on input line 939.
LaTeX Info: Redefining \relbar on input line 969.
LaTeX Info: Redefining \Relbar on input line 970.
\c@MaxMatrixCols=\count293
\dotsspace@=\muskip17
\c@parentequation=\count294
\dspbrk@lvl=\count295
\tag@help=\toks20
\row@=\count296
\column@=\count297
\maxfields@=\count298
\andhelp@=\toks21
\eqnshift@=\dimen162
\alignsep@=\dimen163
\tagshift@=\dimen164
\tagwidth@=\dimen165
\totwidth@=\dimen166
\lineht@=\dimen167
\@envbody=\toks22
\multlinegap=\skip52
\multlinetaggap=\skip53
\mathdisplay@stack=\toks23
LaTeX Info: Redefining \[ on input line 2965.
LaTeX Info: Redefining \] on input line 2966.
)
(/usr/local/texlive/2026/texmf-dist/tex/latex/amsfonts/amssymb.sty
Package: amssymb 2013/01/14 v3.01 AMS font symbols

(/usr/local/texlive/2026/texmf-dist/tex/latex/amsfonts/amsfonts.sty
Package: amsfonts 2013/01/14 v3.01 Basic AMSFonts support
\symAMSa=\mathgroup4
\symAMSb=\mathgroup5
LaTeX Font Info:    Redeclaring math symbol \hbar on input line 98.
LaTeX Font Info:    Overwriting math alphabet `\mathfrak' in version `bold'
(Font)                  U/euf/m/n --> U/euf/b/n on input line 106.
))
(/usr/local/texlive/2026/texmf-dist/tex/latex/amscls/amsthm.sty
Package: amsthm 2020/05/29 v2.20.6
\thm@style=\toks24
\thm@bodyfont=\toks25
\thm@headfont=\toks26
\thm@notefont=\toks27
\thm@headpunct=\toks28
\thm@preskip=\skip54
\thm@postskip=\skip55
\thm@headsep=\skip56
\dth@everypar=\toks29
)
(/usr/local/texlive/2026/texmf-dist/tex/latex/booktabs/booktabs.sty
Package: booktabs 2020/01/12 v1.61803398 Publication quality tables
\heavyrulewidth=\dimen168
\lightrulewidth=\dimen169
\cmidrulewidth=\dimen170
\belowrulesep=\dimen171
\belowbottomsep=\dimen172
\aboverulesep=\dimen173
\abovetopsep=\dimen174
\cmidrulesep=\dimen175
\cmidrulekern=\dimen176
\defaultaddspace=\dimen177
\@cmidla=\count299
\@cmidlb=\count300
\@aboverulesep=\dimen178
\@belowrulesep=\dimen179
\@thisruleclass=\count301
\@lastruleclass=\count302
\@thisrulewidth=\dimen180
)
(/usr/local/texlive/2026/texmf-dist/tex/latex/graphics/graphicx.sty
Package: graphicx 2026-05-17 v1.2e Enhanced LaTeX Graphics (DPC,SPQR)

(/usr/local/texlive/2026/texmf-dist/tex/latex/graphics/graphics.sty
Package: graphics 2026-05-17 v1.4h Standard LaTeX Graphics (DPC,SPQR)

(/usr/local/texlive/2026/texmf-dist/tex/latex/graphics/trig.sty
Package: trig 2023/12/02 v1.11 sin cos tan (DPC)
)
(/usr/local/texlive/2026/texmf-dist/tex/latex/graphics-cfg/graphics.cfg
File: graphics.cfg 2016/06/04 v1.11 sample graphics configuration
)
Package graphics Info: Driver file: pdftex.def on input line 106.

(/usr/local/texlive/2026/texmf-dist/tex/latex/graphics-def/pdftex.def
File: pdftex.def 2025/09/29 v1.2d Graphics/color driver for pdftex
))
\Gin@req@height=\dimen181
\Gin@req@width=\dimen182
)
(/usr/local/texlive/2026/texmf-dist/tex/latex/lm/lmodern.sty
Package: lmodern 2015/05/01 v1.6.1 Latin Modern Fonts
LaTeX Font Info:    Overwriting symbol font `operators' in version `normal'
(Font)                  OT1/cmr/m/n --> OT1/lmr/m/n on input line 22.
LaTeX Font Info:    Overwriting symbol font `letters' in version `normal'
(Font)                  OML/cmm/m/it --> OML/lmm/m/it on input line 23.
LaTeX Font Info:    Overwriting symbol font `symbols' in version `normal'
(Font)                  OMS/cmsy/m/n --> OMS/lmsy/m/n on input line 24.
LaTeX Font Info:    Overwriting symbol font `largesymbols' in version `normal'
(Font)                  OMX/cmex/m/n --> OMX/lmex/m/n on input line 25.
LaTeX Font Info:    Overwriting symbol font `operators' in version `bold'
(Font)                  OT1/cmr/bx/n --> OT1/lmr/bx/n on input line 26.
LaTeX Font Info:    Overwriting symbol font `letters' in version `bold'
(Font)                  OML/cmm/b/it --> OML/lmm/b/it on input line 27.
LaTeX Font Info:    Overwriting symbol font `symbols' in version `bold'
(Font)                  OMS/cmsy/b/n --> OMS/lmsy/b/n on input line 28.
LaTeX Font Info:    Overwriting symbol font `largesymbols' in version `bold'
(Font)                  OMX/cmex/m/n --> OMX/lmex/m/n on input line 29.
LaTeX Font Info:    Overwriting math alphabet `\mathbf' in version `normal'
(Font)                  OT1/cmr/bx/n --> OT1/lmr/bx/n on input line 31.
LaTeX Font Info:    Overwriting math alphabet `\mathsf' in version `normal'
(Font)                  OT1/cmss/m/n --> OT1/lmss/m/n on input line 32.
LaTeX Font Info:    Overwriting math alphabet `\mathit' in version `normal'
(Font)                  OT1/cmr/m/it --> OT1/lmr/m/it on input line 33.
LaTeX Font Info:    Overwriting math alphabet `\mathtt' in version `normal'
(Font)                  OT1/cmtt/m/n --> OT1/lmtt/m/n on input line 34.
LaTeX Font Info:    Overwriting math alphabet `\mathbf' in version `bold'
(Font)                  OT1/cmr/bx/n --> OT1/lmr/bx/n on input line 35.
LaTeX Font Info:    Overwriting math alphabet `\mathsf' in version `bold'
(Font)                  OT1/cmss/bx/n --> OT1/lmss/bx/n on input line 36.
LaTeX Font Info:    Overwriting math alphabet `\mathit' in version `bold'
(Font)                  OT1/cmr/bx/it --> OT1/lmr/bx/it on input line 37.
LaTeX Font Info:    Overwriting math alphabet `\mathtt' in version `bold'
(Font)                  OT1/cmtt/m/n --> OT1/lmtt/m/n on input line 38.
)
(/usr/local/texlive/2026/texmf-dist/tex/latex/multirow/multirow.sty
Package: multirow 2024/11/12 v2.9 Span multiple rows of a table
\multirow@colwidth=\skip57
\multirow@cntb=\count303
\multirow@dima=\skip58
\bigstrutjot=\dimen183
)
(/usr/local/texlive/2026/texmf-dist/tex/latex/microtype/microtype.sty
Package: microtype 2026/03/01 v3.2d Micro-typographical refinements (RS)

(/usr/local/texlive/2026/texmf-dist/tex/latex/etoolbox/etoolbox.sty
Package: etoolbox 2025/10/02 v2.5m e-TeX tools for LaTeX (JAW)
\etb@tempcnta=\count304
)
\MT@toks=\toks30
\MT@tempbox=\box55
\MT@count=\count305
LaTeX Info: Redefining \noprotrusionifhmode on input line 1084.
LaTeX Info: Redefining \leftprotrusion on input line 1085.
\MT@prot@toks=\toks31
LaTeX Info: Redefining \rightprotrusion on input line 1104.
LaTeX Info: Redefining \textls on input line 1449.
\MT@outer@kern=\dimen184
LaTeX Info: Redefining \microtypecontext on input line 2053.
LaTeX Info: Redefining \textmicrotypecontext on input line 2070.
\MT@listname@count=\count306

(/usr/local/texlive/2026/texmf-dist/tex/latex/microtype/microtype-pdftex.def
File: microtype-pdftex.def 2026/03/01 v3.2d Definitions specific to pdftex (RS)

LaTeX Info: Redefining \lsstyle on input line 944.
LaTeX Info: Redefining \lslig on input line 944.
\MT@outer@space=\skip59
)
Package microtype Info: Loading configuration file microtype.cfg.

(/usr/local/texlive/2026/texmf-dist/tex/latex/microtype/microtype.cfg
File: microtype.cfg 2026/03/01 v3.2d microtype main configuration file (RS)
)
LaTeX Info: Redefining \microtypesetup on input line 3065.
)
(/usr/local/texlive/2026/texmf-dist/tex/latex/hyperref/hyperref.sty
Package: hyperref 2026-06-17 v7.01r Hypertext links for LaTeX

(/usr/local/texlive/2026/texmf-dist/tex/latex/kvsetkeys/kvsetkeys.sty
Package: kvsetkeys 2022-10-05 v1.19 Key value parser (HO)
)
(/usr/local/texlive/2026/texmf-dist/tex/generic/kvdefinekeys/kvdefinekeys.sty
Package: kvdefinekeys 2019-12-19 v1.6 Define keys (HO)
)
(/usr/local/texlive/2026/texmf-dist/tex/generic/pdfescape/pdfescape.sty
Package: pdfescape 2019/12/09 v1.15 Implements pdfTeX's escape features (HO)

(/usr/local/texlive/2026/texmf-dist/tex/generic/ltxcmds/ltxcmds.sty
Package: ltxcmds 2023-12-04 v1.26 LaTeX kernel commands for general use (HO)
)
(/usr/local/texlive/2026/texmf-dist/tex/generic/pdftexcmds/pdftexcmds.sty
Package: pdftexcmds 2020-06-27 v0.33 Utility functions of pdfTeX for LuaTeX (HO
)

(/usr/local/texlive/2026/texmf-dist/tex/generic/infwarerr/infwarerr.sty
Package: infwarerr 2019/12/03 v1.5 Providing info/warning/error messages (HO)
)
Package pdftexcmds Info: \pdf@primitive is available.
Package pdftexcmds Info: \pdf@ifprimitive is available.
Package pdftexcmds Info: \pdfdraftmode found.
))
(/usr/local/texlive/2026/texmf-dist/tex/latex/hycolor/hycolor.sty
Package: hycolor 2020-01-27 v1.10 Color options for hyperref/bookmark (HO)
)
(/usr/local/texlive/2026/texmf-dist/tex/latex/hyperref/nameref.sty
Package: nameref 2026-01-29 v2.58 Cross-referencing by name of section

(/usr/local/texlive/2026/texmf-dist/tex/latex/refcount/refcount.sty
Package: refcount 2019/12/15 v3.6 Data extraction from label references (HO)
)
(/usr/local/texlive/2026/texmf-dist/tex/generic/gettitlestring/gettitlestring.s
ty
Package: gettitlestring 2019/12/15 v1.6 Cleanup title references (HO)
 (/usr/local/texlive/2026/texmf-dist/tex/latex/kvoptions/kvoptions.sty
Package: kvoptions 2022-06-15 v3.15 Key value format for package options (HO)
))
\c@section@level=\count307
)
(/usr/local/texlive/2026/texmf-dist/tex/generic/stringenc/stringenc.sty
Package: stringenc 2019/11/29 v1.12 Convert strings between diff. encodings (HO
)
)
\@linkdim=\dimen185
\Hy@linkcounter=\count308
\Hy@pagecounter=\count309

(/usr/local/texlive/2026/texmf-dist/tex/latex/hyperref/pd1enc.def
File: pd1enc.def 2026-06-17 v7.01r Hyperref: PDFDocEncoding definition (HO)
Now handling font encoding PD1 ...
... no UTF-8 mapping file for font encoding PD1
)
(/usr/local/texlive/2026/texmf-dist/tex/generic/intcalc/intcalc.sty
Package: intcalc 2019/12/15 v1.3 Expandable calculations with integers (HO)
)
\Hy@SavedSpaceFactor=\count310

(/usr/local/texlive/2026/texmf-dist/tex/latex/hyperref/puenc.def
File: puenc.def 2026-06-17 v7.01r Hyperref: PDF Unicode definition (HO)
Now handling font encoding PU ...
... no UTF-8 mapping file for font encoding PU
)
Package hyperref Info: Hyper figures OFF on input line 4199.
Package hyperref Info: Link nesting OFF on input line 4204.
Package hyperref Info: Hyper index ON on input line 4207.
Package hyperref Info: Plain pages OFF on input line 4214.
Package hyperref Info: Backreferencing OFF on input line 4219.
Package hyperref Info: Implicit mode ON; LaTeX internals redefined.
Package hyperref Info: Bookmarks ON on input line 4466.
\c@Hy@tempcnt=\count311

(/usr/local/texlive/2026/texmf-dist/tex/latex/url/url.sty
\Urlmuskip=\muskip18
Package: url 2013/09/16  ver 3.4  Verb mode for urls, etc.
)
LaTeX Info: Redefining \url on input line 4805.
\XeTeXLinkMargin=\dimen186

(/usr/local/texlive/2026/texmf-dist/tex/generic/bitset/bitset.sty
Package: bitset 2019/12/09 v1.3 Handle bit-vector datatype (HO)

(/usr/local/texlive/2026/texmf-dist/tex/generic/bigintcalc/bigintcalc.sty
Package: bigintcalc 2019/12/15 v1.5 Expandable calculations on big integers (HO
)
))
\Fld@menulength=\count312
\Field@Width=\dimen187
\Fld@charsize=\dimen188
Package hyperref Info: Hyper figures OFF on input line 6091.
Package hyperref Info: Link nesting OFF on input line 6096.
Package hyperref Info: Hyper index ON on input line 6099.
Package hyperref Info: backreferencing OFF on input line 6106.
Package hyperref Info: Link coloring OFF on input line 6111.
Package hyperref Info: Link coloring with OCG OFF on input line 6116.
Package hyperref Info: PDF/A mode OFF on input line 6121.
\Hy@abspage=\count313
\c@Item=\count314
\c@Hfootnote=\count315
)
Package hyperref Info: Driver (autodetected): hpdftex.

(/usr/local/texlive/2026/texmf-dist/tex/latex/hyperref/hpdftex.def
File: hpdftex.def 2026-06-17 v7.01r Hyperref driver for pdfTeX
\Fld@listcount=\count316
\c@bookmark@seq@number=\count317

(/usr/local/texlive/2026/texmf-dist/tex/latex/rerunfilecheck/rerunfilecheck.sty
Package: rerunfilecheck 2025-06-21 v1.11 Rerun checks for auxiliary files (HO)

(/usr/local/texlive/2026/texmf-dist/tex/generic/uniquecounter/uniquecounter.sty
Package: uniquecounter 2019/12/15 v1.4 Provide unlimited unique counter (HO)
)
Package uniquecounter Info: New unique counter `rerunfilecheck' on input line 2
84.
)
\Hy@SectionHShift=\skip60
) (/usr/local/texlive/2026/texmf-dist/tex/latex/natbib/natbib.sty
Package: natbib 2010/09/13 8.31b (PWD, AO)
\bibhang=\skip61
\bibsep=\skip62
LaTeX Info: Redefining \cite on input line 694.
\c@NAT@ctr=\count318
)
(/usr/local/texlive/2026/texmf-dist/tex/latex/caption/caption.sty
Package: caption 2023/08/05 v3.6o Customizing captions (AR)

(/usr/local/texlive/2026/texmf-dist/tex/latex/caption/caption3.sty
Package: caption3 2023/07/31 v2.4d caption3 kernel (AR)
\caption@tempdima=\dimen189
\captionmargin=\dimen190
\caption@leftmargin=\dimen191
\caption@rightmargin=\dimen192
\caption@width=\dimen193
\caption@indent=\dimen194
\caption@parindent=\dimen195
\caption@hangindent=\dimen196
Package caption Info: Standard document class detected.
)
\c@caption@flags=\count319
\c@continuedfloat=\count320
Package caption Info: hyperref package is loaded.
)
(/usr/local/texlive/2026/texmf-dist/tex/latex/xcolor/xcolor.sty
Package: xcolor 2024/09/29 v3.02 LaTeX color extensions (UK)

(/usr/local/texlive/2026/texmf-dist/tex/latex/graphics-cfg/color.cfg
File: color.cfg 2016/01/02 v1.6 sample color configuration
)
Package xcolor Info: Driver file: pdftex.def on input line 274.

(/usr/local/texlive/2026/texmf-dist/tex/latex/graphics/mathcolor.ltx)
Package xcolor Info: Model `cmy' substituted by `cmy0' on input line 1349.
Package xcolor Info: Model `hsb' substituted by `rgb' on input line 1353.
Package xcolor Info: Model `RGB' extended on input line 1365.
Package xcolor Info: Model `HTML' substituted by `rgb' on input line 1367.
Package xcolor Info: Model `Hsb' substituted by `hsb' on input line 1368.
Package xcolor Info: Model `tHsb' substituted by `hsb' on input line 1369.
Package xcolor Info: Model `HSB' substituted by `hsb' on input line 1370.
Package xcolor Info: Model `Gray' substituted by `gray' on input line 1371.
Package xcolor Info: Model `wave' substituted by `hsb' on input line 1372.
)
\c@definition=\count321
\c@proposition=\count322
\c@corollary=\count323
LaTeX Font Info:    Trying to load font information for OT1+lmr on input line 2
5.

(/usr/local/texlive/2026/texmf-dist/tex/latex/lm/ot1lmr.fd
File: ot1lmr.fd 2015/05/01 v1.6.1 Font defs for Latin Modern
)
(/usr/local/texlive/2026/texmf-dist/tex/latex/l3backend/l3backend-pdftex.def
File: l3backend-pdftex.def 2026-07-20 L3 backend support: PDF output (pdfTeX)
\l__color_backend_stack_int=\count324
)
(./paper2.aux)
\openout1 = `paper2.aux'.

LaTeX Font Info:    Checking defaults for OML/cmm/m/it on input line 25.
LaTeX Font Info:    ... okay on input line 25.
LaTeX Font Info:    Checking defaults for OMS/cmsy/m/n on input line 25.
LaTeX Font Info:    ... okay on input line 25.
LaTeX Font Info:    Checking defaults for OT1/cmr/m/n on input line 25.
LaTeX Font Info:    ... okay on input line 25.
LaTeX Font Info:    Checking defaults for T1/cmr/m/n on input line 25.
LaTeX Font Info:    ... okay on input line 25.
LaTeX Font Info:    Checking defaults for TS1/cmr/m/n on input line 25.
LaTeX Font Info:    ... okay on input line 25.
LaTeX Font Info:    Checking defaults for OMX/cmex/m/n on input line 25.
LaTeX Font Info:    ... okay on input line 25.
LaTeX Font Info:    Checking defaults for U/cmr/m/n on input line 25.
LaTeX Font Info:    ... okay on input line 25.
LaTeX Font Info:    Checking defaults for PD1/pdf/m/n on input line 25.
LaTeX Font Info:    ... okay on input line 25.
LaTeX Font Info:    Checking defaults for PU/pdf/m/n on input line 25.
LaTeX Font Info:    ... okay on input line 25.

*geometry* driver: auto-detecting
*geometry* detected driver: pdftex
*geometry* verbose mode - [ preamble ] result:
* driver: pdftex
* paper: <default>
* layout: <same size as paper>
* layoutoffset:(h,v)=(0.0pt,0.0pt)
* modes: 
* h-part:(L,W,R)=(54.2025pt, 505.89pt, 54.2025pt)
* v-part:(T,H,B)=(54.2025pt, 686.56499pt, 54.2025pt)
* \paperwidth=614.295pt
* \paperheight=794.96999pt
* \textwidth=505.89pt
* \textheight=686.56499pt
* \oddsidemargin=-18.06749pt
* \evensidemargin=-18.06749pt
* \topmargin=-55.06749pt
* \headheight=12.0pt
* \headsep=25.0pt
* \topskip=10.0pt
* \footskip=30.0pt
* \marginparwidth=4.0pt
* \marginparsep=10.0pt
* \columnsep=10.0pt
* \skip\footins=9.0pt plus 4.0pt minus 2.0pt
* \hoffset=0.0pt
* \voffset=0.0pt
* \mag=1000
* \@twocolumntrue
* \@twosidefalse
* \@mparswitchfalse
* \@reversemarginfalse
* (1in=72.27pt=25.4mm, 1cm=28.453pt)

(/usr/local/texlive/2026/texmf-dist/tex/context/base/mkii/supp-pdf.mkii
[Loading MPS to PDF converter (version 2006.09.02).]
\scratchcounter=\count325
\scratchdimen=\dimen197
\scratchbox=\box56
\nofMPsegments=\count326
\nofMParguments=\count327
\everyMPshowfont=\toks32
\MPscratchCnt=\count328
\MPscratchDim=\dimen198
\MPnumerator=\count329
\makeMPintoPDFobject=\count330
\everyMPtoPDFconversion=\toks33
) (/usr/local/texlive/2026/texmf-dist/tex/latex/epstopdf-pkg/epstopdf-base.sty
Package: epstopdf-base 2020-01-24 v2.11 Base part for package epstopdf
Package epstopdf-base Info: Redefining graphics rule for `.eps' on input line 4
85.

(/usr/local/texlive/2026/texmf-dist/tex/latex/latexconfig/epstopdf-sys.cfg
File: epstopdf-sys.cfg 2010/07/13 v1.3 Configuration of (r)epstopdf for TeX Liv
e
))
LaTeX Info: Redefining \microtypecontext on input line 25.
Package microtype Info: Applying patch `item' on input line 25.
Package microtype Info: Applying patch `toc' on input line 25.
Package microtype Info: Applying patch `eqnum' on input line 25.
Package microtype Info: Applying patch `footnote' on input line 25.
Package microtype Info: Applying patch `verbatim' on input line 25.
LaTeX Info: Redefining \microtypesetup on input line 25.
Package microtype Info: Generating PDF output.
Package microtype Info: Character protrusion enabled (level 2).
Package microtype Info: Using default protrusion set `alltext'.
Package microtype Info: No font expansion.
Package microtype Info: No adjustment of tracking.
Package microtype Info: No adjustment of interword spacing.
Package microtype Info: No adjustment of character kerning.

(/usr/local/texlive/2026/texmf-dist/tex/latex/microtype/mt-cmr.cfg
File: mt-cmr.cfg 2013/05/19 v2.2 microtype config. file: Computer Modern Roman 
(RS)
)
Package hyperref Info: Link coloring OFF on input line 25.

(./paper2.out) (./paper2.out)
\@outlinefile=\write3
\openout3 = `paper2.out'.

Package caption Info: Begin \AtBeginDocument code.
Package caption Info: End \AtBeginDocument code.
LaTeX Font Info:    Trying to load font information for OML+lmm on input line 3
0.

(/usr/local/texlive/2026/texmf-dist/tex/latex/lm/omllmm.fd
File: omllmm.fd 2015/05/01 v1.6.1 Font defs for Latin Modern
)
LaTeX Font Info:    Trying to load font information for OMS+lmsy on input line 
30.

(/usr/local/texlive/2026/texmf-dist/tex/latex/lm/omslmsy.fd
File: omslmsy.fd 2015/05/01 v1.6.1 Font defs for Latin Modern
)
LaTeX Font Info:    Trying to load font information for OMX+lmex on input line 
30.

(/usr/local/texlive/2026/texmf-dist/tex/latex/lm/omxlmex.fd
File: omxlmex.fd 2015/05/01 v1.6.1 Font defs for Latin Modern
)
LaTeX Font Info:    External font `lmex10' loaded for size
(Font)              <10> on input line 30.
LaTeX Font Info:    External font `lmex10' loaded for size
(Font)              <7> on input line 30.
LaTeX Font Info:    External font `lmex10' loaded for size
(Font)              <5> on input line 30.
LaTeX Font Info:    Trying to load font information for U+msa on input line 30.


(/usr/local/texlive/2026/texmf-dist/tex/latex/amsfonts/umsa.fd
File: umsa.fd 2013/01/14 v3.01 AMS symbols A
)
(/usr/local/texlive/2026/texmf-dist/tex/latex/microtype/mt-msa.cfg
File: mt-msa.cfg 2006/02/04 v1.1 microtype config. file: AMS symbols (a) (RS)
)
LaTeX Font Info:    Trying to load font information for U+msb on input line 30.


(/usr/local/texlive/2026/texmf-dist/tex/latex/amsfonts/umsb.fd
File: umsb.fd 2013/01/14 v3.01 AMS symbols B
)
(/usr/local/texlive/2026/texmf-dist/tex/latex/microtype/mt-msb.cfg
File: mt-msb.cfg 2005/06/01 v1.0 microtype config. file: AMS symbols (b) (RS)
)
LaTeX Font Info:    Trying to load font information for OT1+lmtt on input line 
46.

(/usr/local/texlive/2026/texmf-dist/tex/latex/lm/ot1lmtt.fd
File: ot1lmtt.fd 2015/05/01 v1.6.1 Font defs for Latin Modern
)
LaTeX Font Info:    Trying to load font information for TS1+lmr on input line 6
8.

(/usr/local/texlive/2026/texmf-dist/tex/latex/lm/ts1lmr.fd
File: ts1lmr.fd 2015/05/01 v1.6.1 Font defs for Latin Modern
) [1{/usr/local/texlive/2026/texmf-var/fonts/map/pdftex/updmap/pdftex.map}{/usr
/local/texlive/2026/texmf-dist/fonts/enc/dvips/lm/lm-rm.enc}


{/usr/local/texlive/2026/texmf-dist/fonts/enc/dvips/lm/lm-mathit.enc}{/usr/loca
l/texlive/2026/texmf-dist/fonts/enc/dvips/lm/lm-mathsy.enc}{/usr/local/texlive/
2026/texmf-dist/fonts/enc/dvips/lm/lm-rmtt.enc}{/usr/local/texlive/2026/texmf-d
ist/fonts/enc/dvips/lm/lm-ts1.enc}]
LaTeX Font Info:    External font `lmex10' loaded for size
(Font)              <8> on input line 133.
LaTeX Font Info:    External font `lmex10' loaded for size
(Font)              <6> on input line 133.

Underfull \hbox (badness 10000) in paragraph at lines 138--138
[]\OT1/lmr/m/n/8 Torralba &
 []


Underfull \hbox (badness 4556) in paragraph at lines 139--139
[]\OT1/lmr/m/n/8 HANS [[]], ar-ti-
 []


Underfull \hbox (badness 10000) in paragraph at lines 144--144
[]\OT1/lmr/m/n/8 LIBERO-
 []


Underfull \hbox (badness 10000) in paragraph at lines 144--144
[]\OT1/lmr/m/n/8 re-running with
 []


Underfull \hbox (badness 10000) in paragraph at lines 145--145
[]\OT1/lmr/m/n/8 seven axes, ten
 []


Underfull \hbox (badness 4660) in paragraph at lines 145--146
[]\OT1/lmr/m/n/8 which stage reads
 []


Underfull \hbox (badness 10000) in paragraph at lines 146--146
[]\OT1/lmr/m/n/8 robomimic [[]],
 []


Underfull \hbox (badness 7907) in paragraph at lines 146--146
[]\OT1/lmr/m/n/8 re-collection, per-
 []


Underfull \hbox (badness 6157) in paragraph at lines 146--147
[]\OT1/lmr/m/n/8 what the shipped
 []


Underfull \hbox (badness 3058) in paragraph at lines 150--151
[]\OT1/lmr/bx/n/8 whether the ra-
 []


Underfull \hbox (badness 2418) in paragraph at lines 150--151
\OT1/lmr/bx/n/8 needs $\OML/lmm/m/it/8 ^^N$\OT1/lmr/bx/n/8 , and $\OML/lmm/m/it
/8 ^^N$
 []


Underfull \hbox (badness 3439) in paragraph at lines 160--171
\OT1/lmr/m/n/10 99\OML/lmm/m/it/10 :\OT1/lmr/m/n/10 0\OML/lmm/m/it/10 =[]=\OT1/
lmr/m/n/10 98\OML/lmm/m/it/10 :\OT1/lmr/m/n/10 8\OML/lmm/m/it/10 =\OT1/lmr/m/n/
10 92\OML/lmm/m/it/10 :\OT1/lmr/m/n/10 4%$ on Spa-tial/Object/Goal/Long
 []

[2]
Underfull \hbox (badness 10000) in paragraph at lines 219--230
 []\OT1/lmr/bx/n/10 What is re-gen-er-a-ble, and what is not.[]
 []


Underfull \hbox (badness 10000) in paragraph at lines 219--230
\OT1/lmtt/m/n/10 scripts/verify[]paper[]numbers.py \OT1/lmr/m/n/10 re-com-putes
 $212$
 []


Underfull \hbox (badness 3250) in paragraph at lines 219--230
\OT1/lmr/m/n/10 is re-gen-er-a-ble, and \OT1/lmtt/m/n/10 results/figure[]manife
st.json
 []


Underfull \hbox (badness 10000) in paragraph at lines 219--230
\OT1/lmtt/m/n/10 scripts/check[]manuscript[]consistency.py\OT1/lmr/m/n/10 , che
cks
 []

<../visuals/F12_dependency.png, id=213, 1155.55927pt x 674.01285pt>
File: ../visuals/F12_dependency.png Graphic file (type png)
<use ../visuals/F12_dependency.png>
Package pdftex.def Info: ../visuals/F12_dependency.png  used on input line 239.

(pdftex.def)             Requested size: 475.53783pt x 277.37552pt.
LaTeX Font Info:    External font `lmex10' loaded for size
(Font)              <9> on input line 248.
<../visuals/F13_all_tasks.png, id=221, 1264.725pt x 304.67511pt>
File: ../visuals/F13_all_tasks.png Graphic file (type png)
<use ../visuals/F13_all_tasks.png>
Package pdftex.def Info: ../visuals/F13_all_tasks.png  used on input line 290.
(pdftex.def)             Requested size: 500.83388pt x 120.64986pt.
<../visuals/F10_declared_vs_shipped.png, id=224, 1108.01321pt x 293.64442pt>
File: ../visuals/F10_declared_vs_shipped.png Graphic file (type png)
<use ../visuals/F10_declared_vs_shipped.png>
Package pdftex.def Info: ../visuals/F10_declared_vs_shipped.png  used on input 
line 303.
(pdftex.def)             Requested size: 435.0657pt x 115.30049pt.

Underfull \hbox (badness 1968) in paragraph at lines 346--353
 []\OT1/lmr/bx/n/10 We ship the re-pair, not a rec-om-men-da-tion.[]
 []


Underfull \hbox (badness 1831) in paragraph at lines 346--353
\OT1/lmr/m/n/10 si-tion from the box the task file al-ready de-clares.
 []


Overfull \hbox (9.81313pt too wide) in paragraph at lines 356--376
 [][] 
 []


LaTeX Warning: `h' float specifier changed to `ht'.

[3{/usr/local/texlive/2026/texmf-dist/fonts/enc/dvips/lm/lm-mathex.enc}]
<../visuals/F15_e1_manipulation.png, id=245, 828.44243pt x 592.99437pt>
File: ../visuals/F15_e1_manipulation.png Graphic file (type png)
<use ../visuals/F15_e1_manipulation.png>
Package pdftex.def Info: ../visuals/F15_e1_manipulation.png  used on input line
 394.
(pdftex.def)             Requested size: 490.71391pt x 351.24805pt.


LaTeX Warning: `h' float specifier changed to `ht'.

LaTeX Font Info:    Font shape `OT1/lmtt/bx/n' in size <8> not available
(Font)              Font shape `OT1/lmtt/b/n' tried instead on input line 473.

Underfull \hbox (badness 1742) in paragraph at lines 476--477
[]\OT1/lmr/m/n/8 the re-paired states are not
 []


LaTeX Warning: `h' float specifier changed to `ht'.


Underfull \hbox (badness 3375) in paragraph at lines 508--516
[]\OT1/lmr/bx/n/10 (i) The lookup arm is hand-i-capped, not
 []

LaTeX Font Info:    Font shape `OT1/lmtt/bx/n' in size <10> not available
(Font)              Font shape `OT1/lmtt/b/n' tried instead on input line 518.
[4 <../visuals/F12_dependency.png>]
Underfull \vbox (badness 10000) has occurred while \output is active []

 [5 <../visuals/F13_all_tasks.png> <../visuals/F10_declared_vs_shipped.png>]
Underfull \hbox (badness 10000) in paragraph at lines 602--609
[]\OT1/lmr/m/n/10 The dis-tinc-tion from the \OT1/lmr/m/it/10 di-am-e-ter $\OML
/lmm/m/it/10 D[]\OT1/lmr/m/n/10 (\OML/lmm/m/it/10 o\OT1/lmr/m/n/10 ) =
 []

[6 <../visuals/F15_e1_manipulation.png>]
Underfull \hbox (badness 3907) in paragraph at lines 617--623
 []\OT1/lmr/bx/n/10 Which ob-jects, and why it mat-ters.[] \OT1/lmr/m/n/10 Ev-e
ry
 []


Underfull \vbox (badness 1584) has occurred while \output is active []

 [7]
<../visuals/F11_radius_criterion.png, id=318, 1307.32626pt x 251.04315pt>
File: ../visuals/F11_radius_criterion.png Graphic file (type png)
<use ../visuals/F11_radius_criterion.png>
Package pdftex.def Info: ../visuals/F11_radius_criterion.png  used on input lin
e 672.
(pdftex.def)             Requested size: 490.71391pt x 94.22905pt.
<../visuals/F1_placement_forensics.png, id=335, 947.87811pt x 341.57085pt>
File: ../visuals/F1_placement_forensics.png Graphic file (type png)
<use ../visuals/F1_placement_forensics.png>
Package pdftex.def Info: ../visuals/F1_placement_forensics.png  used on input l
ine 769.
(pdftex.def)             Requested size: 495.77003pt x 178.64983pt.

[8]
Underfull \vbox (badness 10000) has occurred while \output is active []


Overfull \hbox (2.05215pt too wide) in paragraph at lines 826--842
 [][] 
 []

[9 <../visuals/F11_radius_criterion.png> <../visuals/F1_placement_forensics.png
>]
Underfull \hbox (badness 1226) in paragraph at lines 866--870
 []\OT1/lmr/bx/n/10 Protocol.[] \OT1/lmr/m/n/10 LIBERO at com-mit \OT1/lmtt/m/n
/10 8f1084e3\OT1/lmr/m/n/10 , Mu-JoCo
 []


Underfull \hbox (badness 3590) in paragraph at lines 871--876
[]\OT1/lmr/m/n/10 Which states com-pose a cell is deriv-able from
 []


Underfull \hbox (badness 1953) in paragraph at lines 871--876
\OT1/lmr/m/n/10 its com-mand line, not logged. The har-ness sets
 []

<../visuals/F7_ladder.png, id=373, 896.90874pt x 271.96342pt>
File: ../visuals/F7_ladder.png Graphic file (type png)
<use ../visuals/F7_ladder.png>
Package pdftex.def Info: ../visuals/F7_ladder.png  used on input line 938.
(pdftex.def)             Requested size: 490.71391pt x 148.79185pt.
[10]
<../visuals/F9_suite.png, id=386, 888.16026pt x 278.42969pt>
File: ../visuals/F9_suite.png Graphic file (type png)
<use ../visuals/F9_suite.png>
Package pdftex.def Info: ../visuals/F9_suite.png  used on input line 989.
(pdftex.def)             Requested size: 490.71391pt x 153.83354pt.
 [11 <../visuals/F7_ladder.png>]
Overfull \hbox (3.97246pt too wide) in paragraph at lines 1071--1088
 [][] 
 []

<../visuals/F8_subgoal.png, id=408, 1155.55927pt x 258.27016pt>
File: ../visuals/F8_subgoal.png Graphic file (type png)
<use ../visuals/F8_subgoal.png>
Package pdftex.def Info: ../visuals/F8_subgoal.png  used on input line 1131.
(pdftex.def)             Requested size: 490.71391pt x 109.67468pt.
[12 <../visuals/F9_suite.png>]
<../visuals/F16_jitter.png, id=424, 806.76141pt x 353.74263pt>
File: ../visuals/F16_jitter.png Graphic file (type png)
<use ../visuals/F16_jitter.png>
Package pdftex.def Info: ../visuals/F16_jitter.png  used on input line 1177.
(pdftex.def)             Requested size: 490.71391pt x 215.16196pt.

Underfull \hbox (badness 1226) in paragraph at lines 1187--1194
\OT1/lmr/m/n/10 On task $3$ the re-sponse is mono-tone and steep ---
 []

[13{/usr/local/texlive/2026/texmf-dist/fonts/enc/dvips/lm/lm-rmsc.enc} <../visu
als/F8_subgoal.png>]
Overfull \hbox (7.71997pt too wide) in paragraph at lines 1260--1279
 [][] 
 []


LaTeX Warning: `h' float specifier changed to `ht'.


Underfull \vbox (badness 1728) has occurred while \output is active []

 [14 <../visuals/F16_jitter.png>]
<../visuals/F17_decision_window.png, id=466, 759.59573pt x 488.01268pt>
File: ../visuals/F17_decision_window.png Graphic file (type png)
<use ../visuals/F17_decision_window.png>
Package pdftex.def Info: ../visuals/F17_decision_window.png  used on input line
 1377.
(pdftex.def)             Requested size: 490.71391pt x 315.26094pt.


LaTeX Warning: `h' float specifier changed to `ht'.

[15]
Underfull \vbox (badness 2828) has occurred while \output is active []


Underfull \hbox (badness 1360) in paragraph at lines 1503--1503
\OT1/lmr/m/n/9 i-bra-tion con-
 []


Underfull \hbox (badness 5862) in paragraph at lines 1504--1504
[]\OT1/lmr/m/n/9 hand-eye con-stant en-codes
 []


Underfull \hbox (badness 5802) in paragraph at lines 1508--1508
[]\OT1/lmr/m/n/9 our own pro-
 []


Underfull \hbox (badness 10000) in paragraph at lines 1508--1508
\OT1/lmr/m/n/9 ce-dure (non-
 []


Underfull \hbox (badness 1132) in paragraph at lines 1509--1509
[]\OT1/lmr/m/n/9 checkpoints cho-sen on cells
 []


Underfull \hbox (badness 4886) in paragraph at lines 1511--1513
[]\OT1/lmr/m/n/9 untouched band $20\OML/lmm/m/it/9 =\OT1/lmr/m/n/9 30$ vs
 []


Underfull \hbox (badness 7814) in paragraph at lines 1514--1514
[]\OT1/lmr/m/n/9 3. grasp-
 []


Overfull \hbox (3.55391pt too wide) in paragraph at lines 1514--1514
[]\OT1/lmtt/m/n/9 GraspPointHead| 
 []


Underfull \hbox (badness 10000) in paragraph at lines 1516--1516
[]\OT1/lmr/m/n/9 same tele-ported
 []


Underfull \hbox (badness 5050) in paragraph at lines 1517--1518
[]\OT1/lmr/m/n/9 attribution flips to vi-sual.
 []


Overfull \hbox (4.26578pt too wide) in paragraph at lines 1519--1519
\OT1/lmr/m/n/9 cmd$\OMS/lmsy/m/n/9 !$\OT1/lmr/m/n/9 location| 
 []


Underfull \hbox (badness 3019) in paragraph at lines 1520--1521
\OT1/lmr/m/n/9 com-mand, $14\OML/lmm/m/it/9 :\OT1/lmr/m/n/9 5$/$13\OML/lmm/m/it
/9 :\OT1/lmr/m/n/9 0$cm off
 []


Underfull \hbox (badness 4872) in paragraph at lines 1520--1521
\OT1/lmr/m/n/9 for the other two; swap
 []


Underfull \hbox (badness 10000) in paragraph at lines 1522--1522
[]\OT1/lmr/m/n/9 command cov-er-
 []


Underfull \hbox (badness 4899) in paragraph at lines 1523--1525
\OT1/lmr/bx/n/9 re-paired\OT1/lmr/m/n/9 ; swap \OT1/lmr/m/it/9 be-haviour
 []


Underfull \hbox (badness 10000) in paragraph at lines 1526--1526
[]\OT1/lmr/m/it/9 (separate)
 []


Underfull \hbox (badness 10000) in paragraph at lines 1526--1526
\OT1/lmr/m/n/9 ap-pear-ance
 []


Underfull \hbox (badness 10000) in paragraph at lines 1526--1526
[]\OT1/lmr/m/n/9 deployment
 []


Underfull \hbox (badness 4699) in paragraph at lines 1528--1528
[]\OT1/lmr/m/n/9 DAgger on own
 []

[16 <../visuals/F17_decision_window.png>]
<../visuals/F2_dataflow_language.png, id=500, 888.921pt x 384.1721pt>
File: ../visuals/F2_dataflow_language.png Graphic file (type png)
<use ../visuals/F2_dataflow_language.png>
Package pdftex.def Info: ../visuals/F2_dataflow_language.png  used on input lin
e 1580.
(pdftex.def)             Requested size: 495.77003pt x 214.26146pt.

Underfull \hbox (badness 1721) in paragraph at lines 1584--1584
[]\OT1/lmr/m/n/9 Figure 12: |Ev-ery edge coloured by what it car-ries. The ar-c
hi-tec-tural half of the ar-gu-ment is a code fact:
 []

<../visuals/F6_place_point_map.png, id=501, 768.72458pt x 378.84695pt>
File: ../visuals/F6_place_point_map.png Graphic file (type png)
<use ../visuals/F6_place_point_map.png>
Package pdftex.def Info: ../visuals/F6_place_point_map.png  used on input line 
1605.
(pdftex.def)             Requested size: 465.41786pt x 229.36786pt.
[17] [18 <../visuals/F2_dataflow_language.png>]

LaTeX Warning: `h' float specifier changed to `ht'.


Underfull \vbox (badness 10000) has occurred while \output is active []

 [19 <../visuals/F6_place_point_map.png>]
Underfull \hbox (badness 1742) in paragraph at lines 1798--1801
\OT1/lmr/m/n/10 manifold in-stru-ment and can-not, alone, cer-tify off-
 []


Underfull \hbox (badness 1019) in paragraph at lines 1804--1809
\OT1/lmr/m/n/10 Our cross-instruction detection-agreement probe asks
 []


LaTeX Warning: `h' float specifier changed to `ht'.


Underfull \hbox (badness 3601) in paragraph at lines 1841--1854
\OT1/lmr/m/n/10 we first re-ported only part of it. Over $\OML/lmm/m/it/10 ^^\ 
\OMS/lmsy/m/n/10 2
 []


LaTeX Warning: `h' float specifier changed to `ht'.


Underfull \hbox (badness 1939) in paragraph at lines 1894--1901
\OT1/lmr/m/n/10 One dis-clo-sure be-fore the read-ing. The \OT1/lmtt/m/n/10 egl
 \OT1/lmr/m/n/10 cell
 []


Underfull \hbox (badness 10000) in paragraph at lines 1894--1901
\OT1/lmr/m/n/10 car-ries \OT1/lmtt/m/n/10 complete: false \OT1/lmr/m/n/10 and \
OT1/lmtt/m/n/10 planned[]n: 0 \OT1/lmr/m/n/10 in
 []

[20]
Underfull \hbox (badness 1226) in paragraph at lines 1903--1904
[]\OT1/lmr/bx/n/10 The ag-gre-gate is iden-ti-cal and $\OT1/lmr/m/n/10 40%$ \OT
1/lmr/bx/n/10 of the
 []

[21]
Underfull \hbox (badness 4686) in paragraph at lines 2005--2009
[]\OT1/lmr/bx/n/10 Five more were reg-is-tered for this re-vi-
 []


Underfull \hbox (badness 1701) in paragraph at lines 2005--2009
\OT1/lmr/bx/n/10 sion, in files com-mit-ted while the ma-chines
 []


Underfull \hbox (badness 10000) in paragraph at lines 2005--2009
\OT1/lmr/bx/n/10 were still run-ning \OT1/lmr/m/n/10 (\OT1/lmtt/m/n/10 scripts/
analyze[]e5.py\OT1/lmr/m/n/10 ,
 []


Underfull \hbox (badness 2547) in paragraph at lines 2005--2009
\OT1/lmtt/m/n/10 scripts/analyze[]e23.py\OT1/lmr/m/n/10 ), which is the only fo
rm
 []


Overfull \hbox (8.10689pt too wide) in paragraph at lines 2012--2034
 [][] 
 []

<../visuals/F14_errors.png, id=559, 1325.58395pt x 367.4359pt>
File: ../visuals/F14_errors.png Graphic file (type png)
<use ../visuals/F14_errors.png>
Package pdftex.def Info: ../visuals/F14_errors.png  used on input line 2092.
(pdftex.def)             Requested size: 490.71391pt x 136.01643pt.
[22]
Underfull \hbox (badness 10000) in paragraph at lines 2141--2141
\OT1/lmr/m/n/8 iden-ti-cal to
 []


Underfull \hbox (badness 10000) in paragraph at lines 2141--2141
\OT1/lmr/m/n/8 ten ob-jects,
 []


Underfull \hbox (badness 10000) in paragraph at lines 2142--2142
[]\OT1/lmr/m/n/8 a cached ob-
 []


Underfull \hbox (badness 10000) in paragraph at lines 2142--2142
\OT1/lmr/m/n/8 ser-va-tion ---
 []


Underfull \hbox (badness 10000) in paragraph at lines 2142--2142
\OT1/lmr/m/n/8 the ren-derer
 []


Underfull \hbox (badness 2277) in paragraph at lines 2143--2145
\OT1/lmr/m/n/8 script now com-pares
 []


Underfull \hbox (badness 10000) in paragraph at lines 2146--2146
[]\OT1/lmr/m/n/8 a de-fect
 []


Underfull \hbox (badness 10000) in paragraph at lines 2146--2146
\OT1/lmr/m/n/8 count with-
 []


Underfull \hbox (badness 10000) in paragraph at lines 2146--2146
\OT1/lmr/m/n/8 drawn as
 []


Underfull \hbox (badness 10000) in paragraph at lines 2150--2150
[]$\OT1/lmr/m/n/8 7\OML/lmm/m/it/8 =\OT1/lmr/m/n/8 7$ against
 []


Underfull \hbox (badness 10000) in paragraph at lines 2150--2150
\OT1/lmr/m/n/8 a pub-lished
 []


Underfull \hbox (badness 10000) in paragraph at lines 2150--2150
\OT1/lmr/m/n/8 gan writ-ing
 []


Underfull \hbox (badness 1533) in paragraph at lines 2150--2150
\OT1/lmr/m/n/8 up a fail-ure
 []


Underfull \hbox (badness 10000) in paragraph at lines 2156--2156
[]\OT1/lmr/m/n/8 a con-stant
 []


Underfull \hbox (badness 10000) in paragraph at lines 2156--2156
\OT1/lmr/m/n/8 outscor-ing
 []


Underfull \hbox (badness 10000) in paragraph at lines 2156--2156
\OT1/lmr/m/n/8 our trained
 []


Underfull \hbox (badness 10000) in paragraph at lines 2156--2156
\OT1/lmr/m/n/8 to $8\OML/lmm/m/it/8 =\OT1/lmr/m/n/8 100$,
 []


Underfull \hbox (badness 2050) in paragraph at lines 2157--2158
\OT1/lmr/m/n/8 and a con-stant
 []


Underfull \hbox (badness 10000) in paragraph at lines 2157--2158
\OT1/lmr/m/n/8 that did not
 []


Underfull \hbox (badness 7540) in paragraph at lines 2157--2158
\OT1/lmr/m/n/8 cause the suc-
 []


Underfull \hbox (badness 1635) in paragraph at lines 2159--2161
\OT1/lmr/m/n/8 able we ma-nip-u-lated
 []


Underfull \hbox (badness 10000) in paragraph at lines 2159--2161
\OT1/lmr/m/n/8 was the one that
 []


Underfull \hbox (badness 10000) in paragraph at lines 2162--2162
[]\OT1/lmr/m/n/8 constants
 []


Underfull \hbox (badness 10000) in paragraph at lines 2162--2162
\OT1/lmr/m/n/8 ``iden-ti-cal
 []


Underfull \hbox (badness 2894) in paragraph at lines 2162--2162
\OT1/lmr/m/n/8 to within a
 []


Underfull \hbox (badness 10000) in paragraph at lines 2162--2162
\OT1/lmr/m/n/8 mil-lime-tre''
 []


Underfull \hbox (badness 1769) in paragraph at lines 2163--2163
\OT1/lmr/m/n/8 ta-ble plane; in
 []


Underfull \hbox (badness 4378) in paragraph at lines 2163--2163
\OT1/lmr/m/n/8 3$D the groups
 []


Underfull \hbox (badness 10000) in paragraph at lines 2167--2167
[]\OT1/lmr/m/n/8 a re-paired
 []


Underfull \hbox (badness 10000) in paragraph at lines 2167--2167
\OT1/lmr/m/n/8 eval-u-a-
 []


Underfull \hbox (badness 10000) in paragraph at lines 2167--2167
\OT1/lmr/m/n/8 tion suite,
 []


Underfull \hbox (badness 10000) in paragraph at lines 2168--2169
[]\OT1/lmr/m/n/8 free sam-pling
 []


Underfull \hbox (badness 1902) in paragraph at lines 2168--2169
\OT1/lmr/m/n/8 of the de-clared
 []


Underfull \hbox (badness 1789) in paragraph at lines 2170--2172
[]\OT1/lmr/m/n/8 we val-i-dated it only
 []


Underfull \hbox (badness 10000) in paragraph at lines 2173--2173
[]\OT1/lmr/m/n/8 a tol-er-ance
 []


Underfull \hbox (badness 10000) in paragraph at lines 2173--2173
\OT1/lmr/m/n/8 sweep in
 []


Underfull \hbox (badness 10000) in paragraph at lines 2173--2173
\OT1/lmr/m/n/8 which noth-
 []


Underfull \hbox (badness 3189) in paragraph at lines 2174--2175
\OT1/lmr/m/n/8 at which three
 []


Underfull \hbox (badness 10000) in paragraph at lines 2174--2175
\OT1/lmr/m/n/8 was com-puted
 []


Underfull \hbox (badness 2608) in paragraph at lines 2178--2178
[]\OT1/lmr/m/n/8 an ap-pendix
 []


Underfull \hbox (badness 10000) in paragraph at lines 2179--2179
[]\OT1/lmr/m/n/8 asserted, never
 []


Underfull \hbox (badness 10000) in paragraph at lines 2179--2179
\OT1/lmr/m/n/8 com-puted; re-
 []


Underfull \hbox (badness 4886) in paragraph at lines 2182--2182
[]\OT1/lmr/m/n/8 a claim we
 []


Underfull \hbox (badness 10000) in paragraph at lines 2182--2182
\OT1/lmr/m/n/8 had al-ready
 []


Underfull \hbox (badness 10000) in paragraph at lines 2182--2182
\OT1/lmr/m/n/8 with-drawn,
 []


Underfull \hbox (badness 10000) in paragraph at lines 2183--2184
[]\OT1/lmr/m/n/8 withdrawn in
 []


Underfull \hbox (badness 10000) in paragraph at lines 2183--2184
\OT1/lmr/m/n/8 made it, and
 []


Underfull \hbox (badness 10000) in paragraph at lines 2183--2184
\OT1/lmr/m/n/8 dis-cus-sion, the
 []


Underfull \hbox (badness 1210) in paragraph at lines 2186--2187
[]\OT1/lmr/bx/n/8 retracting a claim
 []


Underfull \hbox (badness 3954) in paragraph at lines 2186--2187
\OT1/lmr/bx/n/8 where it is sum-
 []


Underfull \hbox (badness 5504) in paragraph at lines 2186--2187
\OT1/lmr/bx/n/8 marised\OT1/lmr/m/n/8 , and sum-
 []


Underfull \hbox (badness 4479) in paragraph at lines 2186--2187
\OT1/lmr/m/n/8 maries are the last
 []


LaTeX Warning: `h' float specifier changed to `ht'.


Underfull \vbox (badness 10000) has occurred while \output is active []

 [23 <../visuals/F14_errors.png>]
Underfull \hbox (badness 10000) in paragraph at lines 2300--2300
[]\OT1/lmr/m/n/8 shipped ini-tial
 []


Underfull \hbox (badness 1596) in paragraph at lines 2301--2301
[]\OT1/lmr/m/n/8 the place-ment ra-
 []


Underfull \hbox (badness 7486) in paragraph at lines 2302--2303
[]\OT1/lmr/m/n/8 whether one con-
 []


Underfull \hbox (badness 10000) in paragraph at lines 2304--2304
[]\OT1/lmr/m/n/8 the de-clared
 []


Underfull \hbox (badness 10000) in paragraph at lines 2305--2305
[]\OT1/lmr/m/n/8 declared-versus-
 []


Underfull \hbox (badness 10000) in paragraph at lines 2306--2308
[]\OT1/lmr/m/n/8 whether the re-
 []


Underfull \hbox (badness 2205) in paragraph at lines 2306--2308
\OT1/lmr/m/n/8 leased states ex-er-
 []


Underfull \hbox (badness 10000) in paragraph at lines 2310--2310
[]\OT1/lmr/m/n/8 the ad-mis-si-bil-ity
 []


Underfull \hbox (badness 1655) in paragraph at lines 2311--2313
[]\OT1/lmr/m/n/8 whether that mat-
 []


Underfull \hbox (badness 7522) in paragraph at lines 2311--2313
\OT1/lmr/m/n/8 ters for a given
 []


Underfull \hbox (badness 1014) in paragraph at lines 2322--2322
\OT1/lmr/m/n/9 two rows are arith-metic on shipped files and are what
 []


Underfull \hbox (badness 1701) in paragraph at lines 2322--2322
\OT1/lmr/m/n/9 an em-bod-i-ment and is where our own re-sult is weak-
 []


Underfull \hbox (badness 3302) in paragraph at lines 2322--2322
\OT1/lmr/m/n/9 est. The scripts are \OT1/lmtt/m/n/9 scripts/admissibility.py \O
T1/lmr/m/n/9 and
 []


LaTeX Warning: `h' float specifier changed to `ht'.


Underfull \hbox (badness 10000) in paragraph at lines 2343--2343
[]\OT1/lmr/m/n/8 publish $\OML/lmm/m/it/8 R$
 []


Underfull \hbox (badness 10000) in paragraph at lines 2343--2343
\OT1/lmr/m/n/8 per ob-ject
 []


Underfull \hbox (badness 10000) in paragraph at lines 2343--2343
[]\OT1/lmr/m/n/8 one script, no
 []


Underfull \hbox (badness 1668) in paragraph at lines 2343--2344
[]\OT1/lmr/m/n/8 tells a reader what a
 []


Underfull \hbox (badness 2753) in paragraph at lines 2345--2345
[]\OT1/lmr/m/n/8 set a floor
 []


Underfull \hbox (badness 10000) in paragraph at lines 2347--2348
\OT1/lmr/m/n/8 de-pends on dis-place-
 []


Underfull \hbox (badness 6542) in paragraph at lines 2347--2348
\OT1/lmr/m/n/8 ment rel-a-tive to the
 []


Underfull \hbox (badness 10000) in paragraph at lines 2347--2348
\OT1/lmr/m/n/8 con-troller's en-ve-lope
 []


Underfull \hbox (badness 10000) in paragraph at lines 2349--2349
[]\OT1/lmr/bx/n/8 publish
 []


Underfull \hbox (badness 10000) in paragraph at lines 2349--2349
\OT1/lmr/bx/n/8 the de-
 []


Underfull \hbox (badness 10000) in paragraph at lines 2349--2349
\OT1/lmr/bx/n/8 ci-sion
 []


Underfull \hbox (badness 2591) in paragraph at lines 2349--2350
\OT1/lmr/m/n/8 be-fore any ex-per-i-ment
 []


Underfull \hbox (badness 1590) in paragraph at lines 2349--2350
\OT1/lmr/m/n/8 must be known for a
 []


Underfull \hbox (badness 2189) in paragraph at lines 2349--2350
\OT1/lmr/m/n/8 claim about the suite
 []


Underfull \hbox (badness 10000) in paragraph at lines 2351--2351
[]\OT1/lmr/m/n/8 publish $\OML/lmm/m/it/8 ^^N$\OT1/lmr/m/n/8 ,
 []


Underfull \hbox (badness 10000) in paragraph at lines 2351--2351
\OT1/lmr/m/n/8 or pub-lish
 []


Underfull \hbox (badness 10000) in paragraph at lines 2351--2351
[]\OT1/lmr/m/n/8 a dis-place-ment
 []


Underfull \hbox (badness 10000) in paragraph at lines 2351--2351
\OT1/lmr/m/n/8 ing, $\OML/lmm/m/it/8 n$ \OT1/lmr/m/n/8 in the
 []


Underfull \hbox (badness 10000) in paragraph at lines 2351--2352
\OT1/lmr/m/n/8 point-less with-out the
 []


Underfull \hbox (badness 6220) in paragraph at lines 2351--2352
\OT1/lmr/m/n/8 row above: $\OML/lmm/m/it/8 ^^N$ \OT1/lmr/m/n/8 must
 []


Underfull \hbox (badness 4518) in paragraph at lines 2351--2352
\OT1/lmr/m/n/8 be re-solved to in-side
 []


LaTeX Warning: `h' float specifier changed to `ht'.

[24]
Underfull \hbox (badness 1024) in paragraph at lines 2436--2446
\OT1/lmr/m/n/10 clared ob-jects. We there-fore run two passes: the
 []


Underfull \hbox (badness 1199) in paragraph at lines 2436--2446
\OT1/lmr/m/n/10 map-ping ev-ery col-umn onto a named body. \OT1/lmr/bx/n/10 The

 []


Underfull \hbox (badness 4001) in paragraph at lines 2436--2446
\OT1/lmr/m/n/10 gests), \OT1/lmtt/m/n/10 results/suite[]forensics[]joints.json 
\OT1/lmr/m/n/10 (per-
 []


Underfull \hbox (badness 6493) in paragraph at lines 2470--2477
\OT1/lmr/bx/n/10 Under $\OML/lmm/m/it/10 `[]$ \OT1/lmr/bx/n/10 the ``both are f
ix-tures'' clause
 []


Underfull \hbox (badness 2486) in paragraph at lines 2470--2477
\OT1/lmr/bx/n/10 fails. \OT1/lmr/m/n/10 The third LIBERO-Goal task to cross is
 []

LaTeX Font Info:    External font `lmex10' loaded for size
(Font)              <14.4> on input line 2478.

Package hyperref Warning: Token not allowed in a PDF string (Unicode):
(hyperref)                removing `math shift' on input line 2478.


Package hyperref Warning: Token not allowed in a PDF string (Unicode):
(hyperref)                removing `\delta' on input line 2478.


Package hyperref Warning: Token not allowed in a PDF string (Unicode):
(hyperref)                removing `math shift' on input line 2478.


LaTeX Warning: `h' float specifier changed to `ht'.

[25] (./paper2.bbl
Underfull \hbox (badness 6944) in paragraph at lines 21--25
[]\OT1/lmr/m/n/10 Robert Geirhos, J^^?orn-Henrik Ja-cob-sen, Clau-
 []


Underfull \hbox (badness 1308) in paragraph at lines 28--32
\OT1/lmr/m/n/10 Levy, Roy Schwartz, Samuel R. Bow-man, and
 []


Underfull \hbox (badness 3701) in paragraph at lines 41--44
[]\OT1/lmr/m/n/10 Moo Jin Kim et al.  Open-VLA: An open-
 []

) [26] [27] [28

] (./paper2.aux)
 ***********
LaTeX2e <2026-06-01>
L3 programming layer <2026-07-20>
 ***********
Package rerunfilecheck Info: File `paper2.out' has not changed.
(rerunfilecheck)             Checksum: C527F0BA28B5556B5B2264F76425D020;6790.
 ) 
Here is how much of TeX's memory you used:
 15189 strings out of 468640
 243447 string characters out of 5446106
 760738 words of memory out of 5000000
 43849 multiletter control sequences out of 15000+600000
 712446 words of font info for 105 fonts, out of 8000000 for 9000
 319 hyphenation exceptions out of 8191
 74i,11n,79p,1939b,597s stack positions out of 10000i,1000n,20000p,200000b,200000s
</usr/local/texlive/2026/texmf-dist/fonts/type1/public/lm/lmbx10.pfb></usr/lo
cal/texlive/2026/texmf-dist/fonts/type1/public/lm/lmbx12.pfb></usr/local/texliv
e/2026/texmf-dist/fonts/type1/public/lm/lmbx6.pfb></usr/local/texlive/2026/texm
f-dist/fonts/type1/public/lm/lmbx8.pfb></usr/local/texlive/2026/texmf-dist/font
s/type1/public/lm/lmbx9.pfb></usr/local/texlive/2026/texmf-dist/fonts/type1/pub
lic/lm/lmbxi10.pfb></usr/local/texlive/2026/texmf-dist/fonts/type1/public/lm/lm
csc10.pfb></usr/local/texlive/2026/texmf-dist/fonts/type1/public/lm/lmex10.pfb>
</usr/local/texlive/2026/texmf-dist/fonts/type1/public/lm/lmmi10.pfb></usr/loca
l/texlive/2026/texmf-dist/fonts/type1/public/lm/lmmi12.pfb></usr/local/texlive/
2026/texmf-dist/fonts/type1/public/lm/lmmi5.pfb></usr/local/texlive/2026/texmf-
dist/fonts/type1/public/lm/lmmi7.pfb></usr/local/texlive/2026/texmf-dist/fonts/
type1/public/lm/lmmi8.pfb></usr/local/texlive/2026/texmf-dist/fonts/type1/publi
c/lm/lmmi9.pfb></usr/local/texlive/2026/texmf-dist/fonts/type1/public/lm/lmr10.
pfb></usr/local/texlive/2026/texmf-dist/fonts/type1/public/lm/lmr12.pfb></usr/l
ocal/texlive/2026/texmf-dist/fonts/type1/public/lm/lmr5.pfb></usr/local/texlive
/2026/texmf-dist/fonts/type1/public/lm/lmr6.pfb></usr/local/texlive/2026/texmf-
dist/fonts/type1/public/lm/lmr7.pfb></usr/local/texlive/2026/texmf-dist/fonts/t
ype1/public/lm/lmr8.pfb></usr/local/texlive/2026/texmf-dist/fonts/type1/public/
lm/lmr9.pfb></usr/local/texlive/2026/texmf-dist/fonts/type1/public/lm/lmri10.pf
b></usr/local/texlive/2026/texmf-dist/fonts/type1/public/lm/lmri8.pfb></usr/loc
al/texlive/2026/texmf-dist/fonts/type1/public/lm/lmri9.pfb></usr/local/texlive/
2026/texmf-dist/fonts/type1/public/lm/lmsy10.pfb></usr/local/texlive/2026/texmf
-dist/fonts/type1/public/lm/lmsy5.pfb></usr/local/texlive/2026/texmf-dist/fonts
/type1/public/lm/lmsy6.pfb></usr/local/texlive/2026/texmf-dist/fonts/type1/publ
ic/lm/lmsy7.pfb></usr/local/texlive/2026/texmf-dist/fonts/type1/public/lm/lmsy8
.pfb></usr/local/texlive/2026/texmf-dist/fonts/type1/public/lm/lmsy9.pfb></usr/
local/texlive/2026/texmf-dist/fonts/type1/public/lm/lmtk10.pfb></usr/local/texl
ive/2026/texmf-dist/fonts/type1/public/lm/lmtt10.pfb></usr/local/texlive/2026/t
exmf-dist/fonts/type1/public/lm/lmtt8.pfb></usr/local/texlive/2026/texmf-dist/f
onts/type1/public/lm/lmtt9.pfb></usr/local/texlive/2026/texmf-dist/fonts/type1/
public/amsfonts/symbols/msbm10.pfb></usr/local/texlive/2026/texmf-dist/fonts/ty
pe1/public/amsfonts/symbols/msbm7.pfb>
Output written on paper2.pdf (28 pages, 2959235 bytes).
PDF statistics:
 851 PDF objects out of 1000 (max. 8388607)
 686 compressed objects within 7 object streams
 182 named destinations out of 1000 (max. 500000)
 18751 words of extra memory for PDF output out of 20736 (max. 10000000)

