\BOOKMARK [1][-]{section.1}{\376\377\000T\000h\000e\000\040\000q\000u\000e\000s\000t\000i\000o\000n}{}% 1
\BOOKMARK [1][-]{section.2}{\376\377\000A\000\040\000b\000e\000n\000c\000h\000m\000a\000r\000k\000\040\000t\000h\000a\000t\000\040\000d\000o\000e\000s\000\040\000n\000o\000t\000\040\000s\000a\000m\000p\000l\000e\000\040\000w\000h\000a\000t\000\040\000i\000t\000\040\000d\000e\000c\000l\000a\000r\000e\000s}{}% 2
\BOOKMARK [1][-]{section.3}{\376\377\000W\000h\000e\000n\000\040\000a\000\040\000f\000r\000o\000z\000e\000n\000\040\000p\000l\000a\000c\000e\000m\000e\000n\000t\000\040\000i\000s\000\040\000e\000x\000p\000l\000o\000i\000t\000a\000b\000l\000e}{}% 3
\BOOKMARK [2][-]{subsection.3.1}{\376\377\000D\000e\000f\000i\000n\000i\000t\000i\000o\000n\000s}{section.3}% 4
\BOOKMARK [2][-]{subsection.3.2}{\376\377\000M\000e\000a\000s\000u\000r\000e\000m\000e\000n\000t}{section.3}% 5
\BOOKMARK [1][-]{section.4}{\376\377\000A\000\040\000g\000l\000a\000s\000s\000-\000b\000o\000x\000\040\000s\000t\000a\000c\000k}{}% 6
\BOOKMARK [1][-]{section.5}{\376\377\000A\000\040\000b\000e\000h\000a\000v\000i\000o\000u\000r\000a\000l\000\040\000t\000e\000s\000t\000,\000\040\000a\000n\000d\000\040\000w\000h\000y\000\040\000i\000t\000\040\000c\000a\000n\000n\000o\000t\000\040\000d\000e\000c\000i\000d\000e}{}% 7
\BOOKMARK [1][-]{section.6}{\376\377\000T\000h\000e\000\040\000d\000i\000a\000g\000n\000o\000s\000i\000s}{}% 8
\BOOKMARK [2][-]{subsection.6.1}{\376\377\000W\000h\000a\000t\000\040\000w\000o\000u\000l\000d\000\040\000s\000e\000t\000t\000l\000e\000\040\000i\000t}{section.6}% 9
\BOOKMARK [1][-]{section.7}{\376\377\000T\000h\000e\000\040\000a\000u\000d\000i\000t\000:\000\040\000f\000o\000u\000r\000\040\000l\000a\000y\000e\000r\000s}{}% 10
\BOOKMARK [2][-]{subsection.7.1}{\376\377\000L\000a\000y\000e\000r\000\040\0004\000:\000\040\000w\000h\000e\000r\000e\000\040\000t\000h\000e\000\040\000l\000a\000n\000g\000u\000a\000g\000e\000\040\000g\000o\000e\000s}{section.7}% 11
\BOOKMARK [1][-]{section.8}{\376\377\000R\000e\000p\000a\000i\000r\000s\000,\000\040\000a\000n\000d\000\040\000o\000n\000e\000\040\000w\000e\000\040\000w\000i\000t\000h\000d\000r\000a\000w}{}% 12
\BOOKMARK [2][-]{subsection.8.1}{\376\377\000R\000a\000n\000d\000o\000m\000i\000s\000a\000t\000i\000o\000n\000\040\000i\000s\000\040\000a\000\040\000c\000u\000r\000v\000e\000,\000\040\000n\000o\000t\000\040\000a\000\040\000p\000o\000i\000n\000t}{section.8}% 13
\BOOKMARK [1][-]{section.9}{\376\377\000C\000e\000r\000t\000i\000f\000i\000c\000a\000t\000i\000o\000n}{}% 14
\BOOKMARK [2][-]{subsection.9.1}{\376\377\000P\000r\000o\000b\000e\000s\000\040\000a\000l\000o\000n\000e\000\040\000c\000a\000n\000n\000o\000t\000\040\000c\000e\000r\000t\000i\000f\000y}{section.9}% 15
\BOOKMARK [2][-]{subsection.9.2}{\376\377\000A\000n\000\040\000i\000n\000s\000t\000r\000u\000m\000e\000n\000t\000\040\000o\000n\000l\000y\000\040\000e\000v\000e\000r\000\040\000s\000h\000o\000w\000n\000\040\000f\000i\000r\000i\000n\000g\000\040\000i\000s\000\040\000n\000o\000t\000\040\000y\000e\000t\000\040\000a\000n\000\040\000i\000n\000s\000t\000r\000u\000m\000e\000n\000t}{section.9}% 16
\BOOKMARK [2][-]{subsection.9.3}{\376\377\000C\000e\000r\000t\000i\000f\000i\000c\000a\000t\000e\000s\000\040\000a\000r\000e\000\040\000j\000o\000i\000n\000t\000\040\000i\000n\000\040\000\050\000h\000e\000a\000d\000,\000\040\000s\000t\000a\000c\000k\000\051\000,\000\040\000d\000o\000w\000n\000\040\000t\000o\000\040\000t\000h\000e\000\040\000r\000e\000n\000d\000e\000r\000e\000r}{section.9}% 17
\BOOKMARK [1][-]{section.10}{\376\377\000T\000r\000a\000n\000s\000f\000e\000r\000:\000\040\000a\000\040\000n\000e\000g\000a\000t\000i\000v\000e\000\040\000r\000e\000s\000u\000l\000t}{}% 18
\BOOKMARK [1][-]{section.11}{\376\377\000N\000e\000g\000a\000t\000i\000v\000e\000\040\000r\000e\000s\000u\000l\000t\000s\000\040\000a\000n\000d\000\040\000r\000e\000g\000i\000s\000t\000r\000i\000e\000s}{}% 19
\BOOKMARK [2][-]{subsection.11.1}{\376\377\000A\000\040\000c\000o\000n\000f\000o\000u\000n\000d\000\040\000w\000e\000\040\000h\000a\000d\000\040\000m\000i\000s\000s\000e\000d}{section.11}% 20
\BOOKMARK [2][-]{subsection.11.2}{\376\377\000S\000e\000v\000e\000n\000\040\000w\000a\000y\000s\000\040\000a\000\040\000r\000e\000s\000u\000l\000t\000\040\000f\000o\000o\000l\000e\000d\000\040\000u\000s\000,\000\040\000a\000n\000d\000\040\000t\000h\000e\000\040\000o\000n\000e\000\040\000t\000h\000i\000n\000g\000\040\000t\000h\000e\000y\000\040\000s\000h\000a\000r\000e}{section.11}% 21
\BOOKMARK [1][-]{section.12}{\376\377\000D\000i\000s\000c\000u\000s\000s\000i\000o\000n}{}% 22
\BOOKMARK [2][-]{subsection.12.1}{\376\377\000R\000e\000c\000o\000m\000m\000e\000n\000d\000a\000t\000i\000o\000n\000\040\000t\000o\000\040\000b\000e\000n\000c\000h\000m\000a\000r\000k\000\040\000a\000u\000t\000h\000o\000r\000s}{section.12}% 23
\BOOKMARK [1][-]{section.13}{\376\377\000C\000o\000n\000c\000l\000u\000s\000i\000o\000n}{}% 24
\BOOKMARK [1][-]{appendix.A}{\376\377\000R\000e\000c\000o\000v\000e\000r\000i\000n\000g\000\040\000w\000h\000i\000c\000h\000\040\000c\000o\000l\000u\000m\000n\000\040\000o\000w\000n\000s\000\040\000w\000h\000i\000c\000h\000\040\000o\000b\000j\000e\000c\000t}{}% 25
\BOOKMARK [1][-]{appendix.B}{\376\377\000T\000h\000e\000\040\000n\000o\000r\000m\000,\000\040\000r\000e\000c\000o\000m\000p\000u\000t\000e\000d}{}% 26
\BOOKMARK [1][-]{appendix.C}{\376\377\000S\000e\000n\000s\000i\000t\000i\000v\000i\000t\000y\000\040\000o\000f\000\040\000t\000h\000e\000\040\000v\000e\000r\000d\000i\000c\000t\000\040\000t\000o\000\040}{}% 27
\BOOKMARK [1][-]{appendix.D}{\376\377\000S\000e\000n\000s\000i\000t\000i\000v\000i\000t\000y\000\040\000o\000f\000\040\000H\000\040\000t\000o\000\040\000t\000h\000e\000\040\000t\000o\000l\000e\000r\000a\000n\000c\000e}{}% 28
