[08:34:19] === overnight batch starting: ea7a8ac ===
[08:34:19] episodes: 500 libero, 4839 bridge
[08:34:19] --- phase 1: error bars (6 runs) ---
[08:34:19] TRAIN native_s0 (attempt 1)
[08:43:51] === overnight batch starting: 52d5787 ===
[08:43:51] episodes: 500 libero, 4839 bridge
[08:43:51] --- phase 1: error bars (6 runs) ---
[08:43:51] SKIP train native_s0 (checkpoint exists)
[08:43:51] TRAIN longh_s0 (attempt 1)
[08:52:01]   done: 9 epochs, best val 0.7523
[08:52:01] TRAIN native_s1 (attempt 1)
[09:11:19]   done: 22 epochs, best val 0.6138
[09:11:19] TRAIN longh_s1 (attempt 1)
[09:30:58]   done: 22 epochs, best val 0.6281
[09:30:58] TRAIN native_s2 (attempt 1)
[09:51:28]   done: 24 epochs, best val 0.6450
[09:51:28] TRAIN longh_s2 (attempt 1)
[09:57:51]   done: 8 epochs, best val 0.8200
[09:57:51] --- phase 2: arms (6 runs) ---
[09:57:51] TRAIN longh_pregrasp (attempt 1)
[10:09:48]   done: 14 epochs, best val 0.6829
[10:09:48] TRAIN longh_sdfade (attempt 1)
[10:17:09]   done: 8 epochs, best val 0.7683
[10:17:09] SKIP train longh_all (checkpoint exists)
[10:17:09] TRAIN longh_novis (attempt 1)
[10:29:44]   done: 15 epochs, best val 0.6952
[10:29:44] TRAIN longh_tqsa (attempt 1)
[10:52:54]   done: 28 epochs, best val 0.6299
[10:52:54] TRAIN longh_liberoonly (corpus: --data-dir data/libero_v7)
[10:57:09]   done
[10:57:09] --- phase 3: bench all ---
[10:57:09] BENCH native_s0
AGGREGATE (median): std_ratio 0.035 | mae 0.248 | corr 0.19 | grip 0.72 | wm_margin 19.8% | 0.39s/eval
[10:57:29] BENCH longh_s0
AGGREGATE (median): std_ratio 0.022 | mae 0.257 | corr 0.02 | grip 0.50 | wm_margin 19.8% | 0.38s/eval
[10:57:49] BENCH native_s1
AGGREGATE (median): std_ratio 0.114 | mae 0.233 | corr 0.46 | grip 0.87 | wm_margin 19.8% | 0.37s/eval
[10:58:12] BENCH longh_s1
AGGREGATE (median): std_ratio 0.106 | mae 0.243 | corr 0.31 | grip 0.88 | wm_margin 19.8% | 0.41s/eval
[10:58:34] BENCH native_s2
AGGREGATE (median): std_ratio 0.187 | mae 0.227 | corr 0.45 | grip 0.93 | wm_margin 19.8% | 0.28s/eval
[10:58:51] BENCH longh_s2
AGGREGATE (median): std_ratio 0.024 | mae 0.250 | corr 0.09 | grip 0.50 | wm_margin 19.8% | 0.42s/eval
[10:59:12] BENCH longh_pregrasp
AGGREGATE (median): std_ratio 0.044 | mae 0.250 | corr 0.24 | grip 0.73 | wm_margin 19.8% | 0.31s/eval
[10:59:30] BENCH longh_sdfade
AGGREGATE (median): std_ratio 0.020 | mae 0.253 | corr 0.07 | grip 0.59 | wm_margin 19.8% | 0.34s/eval
[10:59:49] BENCH longh_all
AGGREGATE (median): std_ratio 0.015 | mae 0.254 | corr 0.10 | grip 0.47 | wm_margin 19.8% | 0.33s/eval
[11:00:08] BENCH longh_novis
AGGREGATE (median): std_ratio 0.070 | mae 0.247 | corr 0.13 | grip 0.88 | wm_margin 19.8% | 0.40s/eval
[11:00:28] BENCH longh_liberoonly
AGGREGATE (median): std_ratio 0.253 | mae 0.221 | corr 0.48 | grip 0.94 | wm_margin 19.8% | 0.32s/eval
[11:00:49] BENCH longh_tqsa
AGGREGATE (median): std_ratio 0.072 | mae 0.242 | corr 0.39 | grip 0.91 | wm_margin 19.8% | 0.74s/eval
[11:01:29] BENCH longh_tqsa_nospatial
AGGREGATE (median): std_ratio 0.075 | mae 0.244 | corr 0.38 | grip 0.87 | wm_margin 19.8% | 0.45s/eval
[11:01:54] BENCH legacy_full_stageB
AGGREGATE (median): std_ratio 0.132 | mae 0.241 | corr 0.28 | grip 0.93 | wm_margin -7.4% | 0.38s/eval
[11:02:16] BENCH legacy_full_stageB_longh
AGGREGATE (median): std_ratio 0.245 | mae 0.212 | corr 0.45 | grip 0.88 | wm_margin 19.8% | 0.28s/eval
[11:02:33] BENCH legacy_full_stageB_wristwp
AGGREGATE (median): std_ratio 0.126 | mae 0.243 | corr 0.31 | grip 0.93 | wm_margin 19.8% | 0.34s/eval
[11:02:53] --- phase 4: closed loop ---
[11:02:53] best arm by std_ratio (with grip > 0.7): longh_liberoonly
  "mean_success": 0.0,
  "tasks_completed": 10,

libero_spatial_real_1784779115137_telemetry.jsonl
  steps 300 | 0/1 succeeded | real ticks 20
  waypoint actuation OFF (no waypoint_cmd in telemetry)
  plan_norm mean 2.685 | trust mean 0.552 min 0.303

libero_object_real_1784705516828_telemetry.jsonl
  steps 9000 | 0/30 succeeded | real ticks 600
  waypoint actuation OFF (no waypoint_cmd in telemetry)
  plan_norm mean 2.629 | trust mean 0.572 min 0.140

libero_object_real_1784704615313_telemetry.jsonl
  steps 1200 | 0/4 succeeded | real ticks 80
  waypoint actuation OFF (no waypoint_cmd in telemetry)
  plan_norm mean 2.548 | trust mean 0.544 min 0.182

libero_object_real_1784704529996_telemetry.jsonl
  steps 300 | 0/1 succeeded | real ticks 20
  waypoint actuation OFF (no waypoint_cmd in telemetry)
  plan_norm mean 2.544 | trust mean 0.583 min 0.365
[11:10:05] --- phase 5: summary ---
# MicroVLA — overnight batch results

Auto-generated by `scripts/overnight.sh`. `paper.md` is the narrative;
`results/metrics.jsonl` is the durable store.

## Bench

| arm | std_ratio | wp_std_ratio | corr | grip | pose_mae | wm_margin |
|---|---|---|---|---|---|---|
| full | 0.191 | — | 0.27 | 0.93 | 0.191 | -7.3% |
| legacy_full_stageB | 0.132 | — | 0.28 | 0.93 | 0.241 | -7.4% |
| legacy_full_stageB_longh | 0.245 | 0.799 | 0.45 | 0.88 | 0.212 | 19.8% |
| legacy_full_stageB_wristwp | 0.126 | 0.502 | 0.31 | 0.93 | 0.243 | 19.8% |
| longh | 0.245 | 0.799 | 0.45 | 0.88 | 0.212 | 19.8% |
| longh_all | 0.015 | 0.439 | 0.10 | 0.47 | 0.254 | 19.8% |
| longh_liberoonly | 0.253 | 0.754 | 0.48 | 0.94 | 0.221 | 19.8% |
| longh_novis | 0.070 | 0.478 | 0.13 | 0.88 | 0.247 | 19.8% |
| longh_pregrasp | 0.044 | 0.612 | 0.24 | 0.73 | 0.250 | 19.8% |
| longh_s0 | 0.022 | 0.527 | 0.02 | 0.50 | 0.257 | 19.8% |
| longh_s1 | 0.106 | 0.842 | 0.31 | 0.88 | 0.243 | 19.8% |
| longh_s2 | 0.024 | 0.457 | 0.09 | 0.50 | 0.250 | 19.8% |
| longh_sdfade | 0.020 | 0.119 | 0.07 | 0.59 | 0.253 | 19.8% |
| longh_tqsa | 0.072 | 0.913 | 0.39 | 0.91 | 0.242 | 19.8% |
| longh_tqsa_nospatial | 0.075 | 0.739 | 0.38 | 0.87 | 0.244 | 19.8% |
| native_s0 | 0.035 | 0.667 | 0.19 | 0.72 | 0.248 | 19.8% |
| native_s1 | 0.114 | 0.753 | 0.46 | 0.87 | 0.233 | 19.8% |
| native_s2 | 0.187 | 0.937 | 0.45 | 0.93 | 0.227 | 19.8% |
| phasedrop | 0.071 | 0.654 | 0.27 | 0.50 | 0.247 | 19.8% |
| stageb | 0.175 | — | 0.28 | 0.93 | 0.190 | -7.3% |
| wp | 0.237 | 0.787 | 0.38 | 0.93 | 0.180 | -7.3% |
| wristwp | 0.126 | 0.604 | 0.31 | 0.93 | 0.243 | 19.8% |

## Seed spread — the error bar every single-run A/B needs

**native** std_ratio over 3 seeds: mean 0.112, sd 0.076, range 0.035-0.187   `{'native_s0': 0.03478546254336834, 'native_s1': 0.11444417014718056, 'native_s2': 0.18742723762989044}`

**longh** std_ratio over 4 seeds: mean 0.043, sd 0.042, range 0.020-0.106   `{'longh_s0': 0.022255069576203823, 'longh_s1': 0.10557501018047333, 'longh_s2': 0.024169198237359524, 'longh_sdfade': 0.01977068930864334}`


## Planner input sensitivity (POSE only; the gripper bit is excluded)

| arm | proprio | state_delta | fused | geometry | wm_msg | wm_latent | current_emb | pred_box_emb | next_emb->stale | phase:vision |
|---|---|---|---|---|---|---|---|---|---|---|
| full | 0.2360 | 0.0133 | 0.0233 | 0.1194 | 0.0007 | — | 0.0143 | 0.0022 | 0.0068 | 1.7:1 |
| legacy_full_stageB | 0.1161 | 0.0156 | 0.0231 | 0.0481 | 0.0008 | 0.0000 | 0.0143 | 0.0034 | 0.0060 | 1.8:1 |
| legacy_full_stageB_longh | 0.1220 | 0.0953 | 0.0939 | 0.0137 | 0.0471 | 0.0092 | 0.0230 | 0.0083 | 0.0030 | 2.0:1 |
| legacy_full_stageB_wristwp | 0.1041 | 0.1099 | 0.0166 | 0.0157 | 0.0007 | 0.0000 | 0.0141 | 0.0069 | 0.0032 | 6.6:1 |
| longh | 0.1220 | 0.0953 | 0.0939 | 0.0137 | 0.0471 | 0.0092 | 0.0230 | 0.0083 | 0.0030 | 2.0:1 |
| longh_all | 0.0598 | 0.0134 | 0.0868 | 0.0016 | 0.0012 | 0.0066 | 0.0034 | 0.0049 | 0.0020 | 0.8:1 |
| longh_liberoonly | 0.1337 | 0.1933 | 0.1558 | 0.0119 | 0.0026 | 0.0871 | 0.0772 | 0.0507 | 0.0069 | 1.9:1 |
| longh_novis | 0.0798 | 0.1074 | 0.0528 | 0.0044 | 0.0117 | 0.0363 | 0.0198 | 0.0122 | 0.0008 | 3.3:1 |
| longh_pregrasp | 0.0208 | 0.0859 | 0.0950 | 0.0013 | 0.0021 | 0.0018 | 0.0032 | 0.0287 | 0.0015 | 1.1:1 |
| longh_s0 | 0.0020 | 0.0305 | 0.0967 | 0.0008 | 0.0071 | 0.0041 | 0.0080 | 0.0053 | 0.0006 | 0.3:1 |
| longh_s1 | 0.0919 | 0.1068 | 0.0327 | 0.0035 | 0.0009 | 0.0012 | 0.0161 | 0.0014 | 0.0037 | 5.5:1 |
| longh_s2 | 0.0543 | 0.0119 | 0.0626 | 0.0046 | 0.0032 | 0.0066 | 0.0130 | 0.0062 | 0.0022 | 1.0:1 |
| longh_sdfade | 0.0059 | 0.0082 | 0.1163 | 0.0012 | 0.0385 | 0.0044 | 0.0107 | 0.0039 | 0.0006 | 0.1:1 |
| longh_tqsa | 0.0793 | 0.0092 | 0.0457 | 0.0007 | 0.0073 | 0.0008 | 0.0102 | 0.0010 | 0.0013 | 1.9:1 |
| longh_tqsa_nospatial | 0.0815 | 0.0380 | 0.0458 | 0.0030 | 0.0077 | 0.0007 | 0.0109 | 0.0011 | 0.0013 | 2.4:1 |
| native_s0 | 0.0020 | 0.0072 | 0.0605 | 0.0012 | 0.0154 | 0.0169 | 0.0115 | 0.0017 | 0.0035 | 0.1:1 |
| native_s1 | 0.1216 | 0.0234 | 0.0479 | 0.0134 | 0.0005 | 0.0040 | 0.0195 | 0.0042 | 0.0040 | 2.4:1 |
| native_s2 | 0.1511 | 0.0419 | 0.0596 | 0.0064 | 0.0007 | 0.0029 | 0.0298 | 0.0033 | 0.0008 | 2.9:1 |
| phasedrop | 0.2255 | 0.0263 | 0.0466 | 0.0039 | 0.0061 | 0.0000 | 0.0256 | 0.0103 | 0.0160 | 5.0:1 |
| stageb | 0.2243 | 0.0134 | 0.0218 | 0.0914 | 0.0007 | — | 0.0133 | 0.0029 | 0.0059 | 2.1:1 |
| wp | 0.1747 | 0.0561 | 0.0137 | 0.0048 | 0.2394 | — | 0.0193 | 0.0053 | 0.0097 | 12.4:1 |
| wristwp | 0.1904 | 0.2740 | 0.0178 | 0.0218 | 0.0006 | — | 0.0132 | 0.0125 | 0.0031 | 11.7:1 |

## Within-run claim: does displacement regress less shrunk than action?

| arm | action std_ratio | waypoint std_ratio | ratio |
|---|---|---|---|
| legacy_full_stageB_longh | 0.245 | 0.799 | **3.3x** |
| legacy_full_stageB_wristwp | 0.126 | 0.502 | **4.0x** |
| longh | 0.245 | 0.799 | **3.3x** |
| longh_all | 0.015 | 0.439 | **29.1x** |
| longh_liberoonly | 0.253 | 0.754 | **3.0x** |
| longh_novis | 0.070 | 0.478 | **6.8x** |
| longh_pregrasp | 0.044 | 0.612 | **13.8x** |
| longh_s0 | 0.022 | 0.527 | **23.7x** |
| longh_s1 | 0.106 | 0.842 | **8.0x** |
| longh_s2 | 0.024 | 0.457 | **18.9x** |
| longh_sdfade | 0.020 | 0.119 | **6.0x** |
| longh_tqsa | 0.072 | 0.913 | **12.7x** |
| longh_tqsa_nospatial | 0.075 | 0.739 | **9.8x** |
| native_s0 | 0.035 | 0.667 | **19.2x** |
| native_s1 | 0.114 | 0.753 | **6.6x** |
| native_s2 | 0.187 | 0.937 | **5.0x** |
| phasedrop | 0.071 | 0.654 | **9.2x** |
| wp | 0.237 | 0.787 | **3.3x** |
| wristwp | 0.126 | 0.604 | **4.8x** |

This comparison is measured WITHIN one forward pass, so the cross-run
variance that undermines the arm rankings does not apply to it.
[11:10:05] === done. table: results/PAPER_TABLE.md | logs: logs/overnight ===
[11:10:05] failures (if any):
grep: logs/overnight/00_progress.log: input file is also the output
[01:35:31] === overnight batch starting: f183e25 ===
[01:35:31] suffix '_fx' | select bc | min epochs 20
[01:35:31] episodes: 500 libero, 4839 bridge
[01:35:31] --- phase 1: error bars (6 runs) ---
[01:35:31] TRAIN native_s0_fx (attempt 1)
[01:38:33] === overnight batch starting: f183e25 ===
[01:38:33] suffix '_fx' | select bc | min epochs 20
[01:38:33] episodes: 500 libero, 4839 bridge
[01:38:33] --- phase 1: error bars (6 runs) ---
[01:38:33] SKIP train native_s0_fx (checkpoint exists)
[01:38:33] TRAIN longh_s0_fx (attempt 1)
