[signals] SIGTERM ignored (host reaps jobs; see microvla/utils/signals.py). `kill <pid>` will not work — use `kill -9`. Opt out with MICROVLA_ALLOW_SIGTERM=1.

episode                                      std_ratio    mae   corr  grip   wm+%   sec
pick_up_the_alphabet_soup_and_place_it_in_th     0.031  0.264   0.24  0.73   10.7  1.34
pick_up_the_alphabet_soup_and_place_it_in_th     0.048  0.227   0.35  0.72   26.2  0.37
pick_up_the_alphabet_soup_and_place_it_in_th     0.031  0.253   0.13  0.69   18.6  0.34
pick_up_the_alphabet_soup_and_place_it_in_th     0.025  0.271   0.23  0.75   14.7  0.39
pick_up_the_alphabet_soup_and_place_it_in_th     0.027  0.250   0.13  0.67   12.1  0.31
pick_up_the_alphabet_soup_and_place_it_in_th     0.039  0.233   0.00  0.73   14.4  0.36
pick_up_the_alphabet_soup_and_place_it_in_th     0.047  0.200   0.19  0.73   20.9  0.41
pick_up_the_alphabet_soup_and_place_it_in_th     0.031  0.259   0.22  0.69   15.8  0.41
pick_up_the_alphabet_soup_and_place_it_in_th     0.031  0.264   0.02  0.75   33.6  0.41
pick_up_the_alphabet_soup_and_place_it_in_th     0.043  0.212   0.19  0.69   18.3  0.40
pick_up_the_alphabet_soup_and_place_it_in_th     0.038  0.232   0.20  0.75   23.2  0.41
pick_up_the_alphabet_soup_and_place_it_in_th     0.038  0.252   0.13  0.75   22.0  0.41
pick_up_the_alphabet_soup_and_place_it_in_th     0.035  0.300   0.21  0.86   14.4  0.38
pick_up_the_alphabet_soup_and_place_it_in_th     0.036  0.262   0.27  0.75   22.7  0.41
pick_up_the_alphabet_soup_and_place_it_in_th     0.035  0.215   0.04  0.65   21.4  0.41
pick_up_the_alphabet_soup_and_place_it_in_th     0.033  0.290   0.26  0.73   15.8  0.30
pick_up_the_alphabet_soup_and_place_it_in_th     0.026  0.251   0.10  0.76   26.7  0.33
pick_up_the_alphabet_soup_and_place_it_in_th     0.028  0.266   0.15  0.72   18.6  0.33
pick_up_the_alphabet_soup_and_place_it_in_th     0.035  0.239   0.34  0.67   13.2  0.31
pick_up_the_alphabet_soup_and_place_it_in_th     0.039  0.221   0.34  0.71   11.5  0.33
pick_up_the_alphabet_soup_and_place_it_in_th     0.034  0.243   0.19  0.75   19.6  0.38
pick_up_the_alphabet_soup_and_place_it_in_th     0.039  0.255   0.05  0.71   20.1  0.32
pick_up_the_alphabet_soup_and_place_it_in_th     0.036  0.236   0.18  0.67   18.9  0.32
pick_up_the_alphabet_soup_and_place_it_in_th     0.029  0.281   0.17  0.73   15.9  0.29
pick_up_the_alphabet_soup_and_place_it_in_th     0.029  0.227   0.21  0.69   26.3  0.35
pick_up_the_alphabet_soup_and_place_it_in_th     0.030  0.241   0.02  0.61   24.9  0.33
pick_up_the_alphabet_soup_and_place_it_in_th     0.036  0.235   0.36  0.69   26.3  0.32
pick_up_the_alphabet_soup_and_place_it_in_th     0.043  0.211   0.11  0.69   23.3  0.34
pick_up_the_alphabet_soup_and_place_it_in_th     0.038  0.247   0.24  0.62   24.2  0.33
pick_up_the_alphabet_soup_and_place_it_in_th     0.026  0.257   0.13  0.80   22.2  0.29

AGGREGATE (median): std_ratio 0.035 | mae 0.248 | corr 0.19 | grip 0.72 | wm_margin 19.8% | 0.39s/eval
read: std_ratio ~1.0 = healthy magnitude (collapse shows as ~0.1); wm_margin > 0 = world model beats persistence.
waypoint head (v7.2): std_ratio 0.667 | mae 21.5 mm  —  compare against the action std_ratio above: the lever only pays if positions regress with less shrinkage than actions do.

planner input sensitivity when the input is WITHHELD (10 episodes):
  input            POSE |dplan|  grip flip %
  fused                  0.0605        11.1%
  wm_latent              0.0169         2.7%
  wm_msg                 0.0154        20.5%
  current_emb            0.0115         2.2%
  state_delta            0.0072         0.0%
  next_emb->stale        0.0035         0.7%
  proprio                0.0020         0.2%
  pred_box_emb           0.0017         0.5%
  geometry               0.0012         0.4%
  next_emb->cur          0.0006         0.4%
read: POSE and the GRIPPER are reported SEPARATELY on purpose. The plan's
last column is a hard +/-1, so one flipped gripper decision per step adds
exactly 0.2857 to a whole-plan mean — indistinguishable from the largest
pose effect ever measured here. Earlier combined readings (paper.md 4g) mixed
the two and must be re-measured with this build.
saved -> eval_results/bench_native_s0.json
