[signals] SIGTERM ignored (host reaps jobs; see microvla/utils/signals.py). `kill <pid>` will not work — use `kill -9`. Opt out with MICROVLA_ALLOW_SIGTERM=1.

episode                                      std_ratio    mae   corr  grip   wm+%   sec
pick_up_the_alphabet_soup_and_place_it_in_th     0.159  0.256   0.43  1.00   10.7  0.98
pick_up_the_alphabet_soup_and_place_it_in_th     0.186  0.217   0.40  0.83   26.2  0.23
pick_up_the_alphabet_soup_and_place_it_in_th     0.174  0.234   0.46  0.94   18.6  0.27
pick_up_the_alphabet_soup_and_place_it_in_th     0.159  0.252   0.49  0.81   14.7  0.38
pick_up_the_alphabet_soup_and_place_it_in_th     0.222  0.239   0.33  1.00   12.1  0.25
pick_up_the_alphabet_soup_and_place_it_in_th     0.216  0.218   0.41  0.93   14.4  0.21
pick_up_the_alphabet_soup_and_place_it_in_th     0.329  0.174   0.52  0.93   20.9  0.22
pick_up_the_alphabet_soup_and_place_it_in_th     0.173  0.240   0.47  0.69   15.8  0.25
pick_up_the_alphabet_soup_and_place_it_in_th     0.189  0.239   0.40  0.94   33.6  0.25
pick_up_the_alphabet_soup_and_place_it_in_th     0.207  0.196   0.37  0.94   18.3  0.27
pick_up_the_alphabet_soup_and_place_it_in_th     0.175  0.216   0.52  0.88   23.2  0.25
pick_up_the_alphabet_soup_and_place_it_in_th     0.160  0.233   0.40  0.88   22.0  0.25
pick_up_the_alphabet_soup_and_place_it_in_th     0.117  0.292   0.30  0.86   14.4  0.24
pick_up_the_alphabet_soup_and_place_it_in_th     0.189  0.234   0.57  0.88   22.7  0.25
pick_up_the_alphabet_soup_and_place_it_in_th     0.265  0.190   0.58  0.94   21.4  0.28
pick_up_the_alphabet_soup_and_place_it_in_th     0.155  0.269   0.53  0.93   15.8  0.21
pick_up_the_alphabet_soup_and_place_it_in_th     0.168  0.243   0.31  0.76   26.7  0.26
pick_up_the_alphabet_soup_and_place_it_in_th     0.134  0.251   0.33  0.78   18.6  0.23
pick_up_the_alphabet_soup_and_place_it_in_th     0.182  0.220   0.60  0.93   13.2  0.21
pick_up_the_alphabet_soup_and_place_it_in_th     0.281  0.193   0.59  0.93   11.5  0.23
pick_up_the_alphabet_soup_and_place_it_in_th     0.149  0.226   0.41  0.88   19.6  0.25
pick_up_the_alphabet_soup_and_place_it_in_th     0.264  0.227   0.35  0.93   20.1  0.23
pick_up_the_alphabet_soup_and_place_it_in_th     0.297  0.194   0.71  0.83   18.9  0.24
pick_up_the_alphabet_soup_and_place_it_in_th     0.197  0.256   0.46  0.93   15.9  0.26
pick_up_the_alphabet_soup_and_place_it_in_th     0.253  0.202   0.49  0.94   26.3  0.37
pick_up_the_alphabet_soup_and_place_it_in_th     0.215  0.217   0.53  0.83   24.9  0.24
pick_up_the_alphabet_soup_and_place_it_in_th     0.273  0.206   0.68  1.00   26.3  0.25
pick_up_the_alphabet_soup_and_place_it_in_th     0.184  0.204   0.31  0.88   23.3  0.28
pick_up_the_alphabet_soup_and_place_it_in_th     0.168  0.227   0.43  0.81   24.2  0.26
pick_up_the_alphabet_soup_and_place_it_in_th     0.217  0.243   0.38  0.93   22.2  0.23

AGGREGATE (median): std_ratio 0.187 | mae 0.227 | corr 0.45 | grip 0.93 | wm_margin 19.8% | 0.28s/eval
read: std_ratio ~1.0 = healthy magnitude (collapse shows as ~0.1); wm_margin > 0 = world model beats persistence.
waypoint head (v7.2): std_ratio 0.937 | mae 9.3 mm  —  compare against the action std_ratio above: the lever only pays if positions regress with less shrinkage than actions do.

planner input sensitivity when the input is WITHHELD (10 episodes):
  input            POSE |dplan|  grip flip %
  proprio                0.1511        57.1%
  fused                  0.0596         0.7%
  state_delta            0.0419         7.3%
  current_emb            0.0298         6.2%
  geometry               0.0064         0.3%
  pred_box_emb           0.0033         0.0%
  wm_latent              0.0029         0.0%
  next_emb->stale        0.0008         0.1%
  wm_msg                 0.0007         0.0%
  next_emb->cur          0.0001         0.0%
read: POSE and the GRIPPER are reported SEPARATELY on purpose. The plan's
last column is a hard +/-1, so one flipped gripper decision per step adds
exactly 0.2857 to a whole-plan mean — indistinguishable from the largest
pose effect ever measured here. Earlier combined readings (paper.md 4g) mixed
the two and must be re-measured with this build.
saved -> eval_results/bench_native_s2.json
