[signals] SIGTERM ignored (host reaps jobs; see microvla/utils/signals.py). `kill <pid>` will not work — use `kill -9`. Opt out with MICROVLA_ALLOW_SIGTERM=1.

episode                                      std_ratio    mae   corr  grip   wm+%   sec
pick_up_the_alphabet_soup_and_place_it_in_th     0.041  0.265   0.40  0.40   10.7  1.02
pick_up_the_alphabet_soup_and_place_it_in_th     0.057  0.231   0.32  0.67   26.2  0.23
pick_up_the_alphabet_soup_and_place_it_in_th     0.043  0.254   0.20  0.75   18.6  0.25
pick_up_the_alphabet_soup_and_place_it_in_th     0.037  0.274   0.24  0.75   14.7  0.24
pick_up_the_alphabet_soup_and_place_it_in_th     0.040  0.253   0.20  0.78   12.1  0.24
pick_up_the_alphabet_soup_and_place_it_in_th     0.039  0.231   0.13  0.73   14.4  0.20
pick_up_the_alphabet_soup_and_place_it_in_th     0.062  0.204   0.23  0.73   20.9  0.21
pick_up_the_alphabet_soup_and_place_it_in_th     0.047  0.256   0.28  0.69   15.8  0.25
pick_up_the_alphabet_soup_and_place_it_in_th     0.037  0.262   0.14  0.75   33.6  0.25
pick_up_the_alphabet_soup_and_place_it_in_th     0.056  0.211   0.24  0.75   18.3  0.25
pick_up_the_alphabet_soup_and_place_it_in_th     0.044  0.236   0.21  0.75   23.2  0.24
pick_up_the_alphabet_soup_and_place_it_in_th     0.050  0.254   0.21  0.69   22.0  0.41
pick_up_the_alphabet_soup_and_place_it_in_th     0.031  0.301   0.16  0.57   14.4  0.38
pick_up_the_alphabet_soup_and_place_it_in_th     0.038  0.268   0.32  0.69   22.7  0.32
pick_up_the_alphabet_soup_and_place_it_in_th     0.049  0.216   0.34  0.76   21.4  0.25
pick_up_the_alphabet_soup_and_place_it_in_th     0.037  0.292   0.38  0.73   15.8  0.22
pick_up_the_alphabet_soup_and_place_it_in_th     0.049  0.253   0.24  0.65   26.7  0.26
pick_up_the_alphabet_soup_and_place_it_in_th     0.039  0.267   0.29  0.72   18.6  0.24
pick_up_the_alphabet_soup_and_place_it_in_th     0.040  0.242   0.30  0.67   13.2  0.20
pick_up_the_alphabet_soup_and_place_it_in_th     0.056  0.222   0.33  0.57   11.5  0.33
pick_up_the_alphabet_soup_and_place_it_in_th     0.045  0.247   0.16  0.75   19.6  0.35
pick_up_the_alphabet_soup_and_place_it_in_th     0.039  0.254   0.14  0.79   20.1  0.23
pick_up_the_alphabet_soup_and_place_it_in_th     0.049  0.238   0.50  0.72   18.9  0.23
pick_up_the_alphabet_soup_and_place_it_in_th     0.038  0.283   0.10  0.73   15.9  0.22
pick_up_the_alphabet_soup_and_place_it_in_th     0.042  0.230   0.24  0.81   26.3  0.27
pick_up_the_alphabet_soup_and_place_it_in_th     0.049  0.239   0.18  0.83   24.9  0.37
pick_up_the_alphabet_soup_and_place_it_in_th     0.053  0.237   0.47  0.69   26.3  0.42
pick_up_the_alphabet_soup_and_place_it_in_th     0.062  0.215   0.12  0.75   23.3  0.38
pick_up_the_alphabet_soup_and_place_it_in_th     0.045  0.247   0.33  0.75   24.2  0.39
pick_up_the_alphabet_soup_and_place_it_in_th     0.048  0.257   0.34  0.53   22.2  0.31

AGGREGATE (median): std_ratio 0.044 | mae 0.250 | corr 0.24 | grip 0.73 | wm_margin 19.8% | 0.31s/eval
read: std_ratio ~1.0 = healthy magnitude (collapse shows as ~0.1); wm_margin > 0 = world model beats persistence.
waypoint head (v7.2): std_ratio 0.612 | mae 85.3 mm  —  compare against the action std_ratio above: the lever only pays if positions regress with less shrinkage than actions do.

planner input sensitivity when the input is WITHHELD (10 episodes):
  input            POSE |dplan|  grip flip %
  fused                  0.0950        14.1%
  state_delta            0.0859        43.7%
  pred_box_emb           0.0287         7.9%
  proprio                0.0208        32.2%
  current_emb            0.0032         0.1%
  wm_msg                 0.0021         0.1%
  wm_latent              0.0018         0.8%
  next_emb->stale        0.0015         0.4%
  geometry               0.0013         0.6%
  next_emb->cur          0.0003         0.0%
read: POSE and the GRIPPER are reported SEPARATELY on purpose. The plan's
last column is a hard +/-1, so one flipped gripper decision per step adds
exactly 0.2857 to a whole-plan mean — indistinguishable from the largest
pose effect ever measured here. Earlier combined readings (paper.md 4g) mixed
the two and must be re-measured with this build.
saved -> eval_results/bench_longh_pregrasp.json
