[signals] SIGTERM ignored (host reaps jobs; see microvla/utils/signals.py). `kill <pid>` will not work — use `kill -9`. Opt out with MICROVLA_ALLOW_SIGTERM=1.

episode                                      std_ratio    mae   corr  grip   wm+%   sec
pick_up_the_alphabet_soup_and_place_it_in_th     0.013  0.274   0.25  0.47   10.7  1.54
pick_up_the_alphabet_soup_and_place_it_in_th     0.025  0.237   0.16  0.44   26.2  0.48
pick_up_the_alphabet_soup_and_place_it_in_th     0.010  0.258   0.03  0.50   18.6  0.40
pick_up_the_alphabet_soup_and_place_it_in_th     0.012  0.279   0.06  0.44   14.7  0.30
pick_up_the_alphabet_soup_and_place_it_in_th     0.013  0.255   0.10  0.50   12.1  0.23
pick_up_the_alphabet_soup_and_place_it_in_th     0.018  0.242  -0.03  0.47   14.4  0.23
pick_up_the_alphabet_soup_and_place_it_in_th     0.025  0.207  -0.10  0.53   20.9  0.21
pick_up_the_alphabet_soup_and_place_it_in_th     0.014  0.267   0.17  0.44   15.8  0.25
pick_up_the_alphabet_soup_and_place_it_in_th     0.013  0.271  -0.11  0.50   33.6  0.26
pick_up_the_alphabet_soup_and_place_it_in_th     0.020  0.223   0.19  0.50   18.3  0.25
pick_up_the_alphabet_soup_and_place_it_in_th     0.019  0.239   0.16  0.44   23.2  0.26
pick_up_the_alphabet_soup_and_place_it_in_th     0.018  0.259   0.03  0.44   22.0  0.30
pick_up_the_alphabet_soup_and_place_it_in_th     0.016  0.308   0.15  0.36   14.4  0.23
pick_up_the_alphabet_soup_and_place_it_in_th     0.013  0.271  -0.04  0.44   22.7  0.25
pick_up_the_alphabet_soup_and_place_it_in_th     0.014  0.219  -0.07  0.53   21.4  0.26
pick_up_the_alphabet_soup_and_place_it_in_th     0.011  0.298   0.03  0.47   15.8  0.22
pick_up_the_alphabet_soup_and_place_it_in_th     0.015  0.261   0.18  0.47   26.7  0.26
pick_up_the_alphabet_soup_and_place_it_in_th     0.016  0.272   0.16  0.44   18.6  0.23
pick_up_the_alphabet_soup_and_place_it_in_th     0.016  0.246   0.09  0.47   13.2  0.21
pick_up_the_alphabet_soup_and_place_it_in_th     0.019  0.228   0.18  0.50   11.5  0.23
pick_up_the_alphabet_soup_and_place_it_in_th     0.015  0.251  -0.02  0.44   19.6  0.25
pick_up_the_alphabet_soup_and_place_it_in_th     0.019  0.262   0.11  0.50   20.1  0.23
pick_up_the_alphabet_soup_and_place_it_in_th     0.015  0.236   0.04  0.50   18.9  0.30
pick_up_the_alphabet_soup_and_place_it_in_th     0.012  0.290   0.14  0.47   15.9  0.33
pick_up_the_alphabet_soup_and_place_it_in_th     0.011  0.235   0.16  0.50   26.3  0.43
pick_up_the_alphabet_soup_and_place_it_in_th     0.011  0.248   0.12  0.61   24.9  0.39
pick_up_the_alphabet_soup_and_place_it_in_th     0.017  0.241   0.14  0.50   26.3  0.38
pick_up_the_alphabet_soup_and_place_it_in_th     0.024  0.217  -0.04  0.50   23.3  0.37
pick_up_the_alphabet_soup_and_place_it_in_th     0.017  0.254   0.09  0.50   24.2  0.37
pick_up_the_alphabet_soup_and_place_it_in_th     0.011  0.265   0.18  0.47   22.2  0.31

AGGREGATE (median): std_ratio 0.015 | mae 0.254 | corr 0.10 | grip 0.47 | wm_margin 19.8% | 0.33s/eval
read: std_ratio ~1.0 = healthy magnitude (collapse shows as ~0.1); wm_margin > 0 = world model beats persistence.
waypoint head (v7.2): std_ratio 0.439 | mae 137.5 mm  —  compare against the action std_ratio above: the lever only pays if positions regress with less shrinkage than actions do.

planner input sensitivity when the input is WITHHELD (10 episodes):
  input            POSE |dplan|  grip flip %
  fused                  0.0868         4.6%
  proprio                0.0598         3.7%
  state_delta            0.0134         2.9%
  wm_latent              0.0066         0.1%
  pred_box_emb           0.0049         0.3%
  current_emb            0.0034         0.5%
  next_emb->stale        0.0020         0.0%
  geometry               0.0016         0.3%
  wm_msg                 0.0012         0.3%
  next_emb->cur          0.0004         0.0%
read: POSE and the GRIPPER are reported SEPARATELY on purpose. The plan's
last column is a hard +/-1, so one flipped gripper decision per step adds
exactly 0.2857 to a whole-plan mean — indistinguishable from the largest
pose effect ever measured here. Earlier combined readings (paper.md 4g) mixed
the two and must be re-measured with this build.
saved -> eval_results/bench_longh_all.json
