[signals] SIGTERM ignored (host reaps jobs; see microvla/utils/signals.py). `kill <pid>` will not work — use `kill -9`. Opt out with MICROVLA_ALLOW_SIGTERM=1.

episode                                      std_ratio    mae   corr  grip   wm+%   sec
pick_up_the_alphabet_soup_and_place_it_in_th     0.062  0.266   0.39  1.00   10.7  3.34
pick_up_the_alphabet_soup_and_place_it_in_th     0.079  0.233   0.24  0.78   26.2  0.94
pick_up_the_alphabet_soup_and_place_it_in_th     0.063  0.252   0.39  1.00   18.6  0.71
pick_up_the_alphabet_soup_and_place_it_in_th     0.061  0.270   0.43  0.75   14.7  0.87
pick_up_the_alphabet_soup_and_place_it_in_th     0.093  0.248   0.21  1.00   12.1  0.87
pick_up_the_alphabet_soup_and_place_it_in_th     0.075  0.224   0.21  0.93   14.4  0.46
pick_up_the_alphabet_soup_and_place_it_in_th     0.090  0.197   0.40  0.93   20.9  0.49
pick_up_the_alphabet_soup_and_place_it_in_th     0.048  0.252   0.43  0.75   15.8  0.79
pick_up_the_alphabet_soup_and_place_it_in_th     0.063  0.248   0.43  0.94   33.6  0.57
pick_up_the_alphabet_soup_and_place_it_in_th     0.083  0.206   0.23  0.94   18.3  0.59
pick_up_the_alphabet_soup_and_place_it_in_th     0.074  0.233   0.31  0.88   23.2  0.73
pick_up_the_alphabet_soup_and_place_it_in_th     0.056  0.248   0.29  0.88   22.0  0.69
pick_up_the_alphabet_soup_and_place_it_in_th     0.046  0.303   0.36  0.64   14.4  0.55
pick_up_the_alphabet_soup_and_place_it_in_th     0.061  0.262   0.45  0.88   22.7  0.67
pick_up_the_alphabet_soup_and_place_it_in_th     0.088  0.211   0.47  1.00   21.4  0.65
pick_up_the_alphabet_soup_and_place_it_in_th     0.056  0.287   0.38  0.93   15.8  0.69
pick_up_the_alphabet_soup_and_place_it_in_th     0.066  0.253   0.28  0.82   26.7  0.64
pick_up_the_alphabet_soup_and_place_it_in_th     0.056  0.268   0.29  0.67   18.6  0.63
pick_up_the_alphabet_soup_and_place_it_in_th     0.073  0.238   0.43  0.93   13.2  0.56
pick_up_the_alphabet_soup_and_place_it_in_th     0.100  0.218   0.48  0.86   11.5  0.52
pick_up_the_alphabet_soup_and_place_it_in_th     0.055  0.241   0.50  1.00   19.6  0.46
pick_up_the_alphabet_soup_and_place_it_in_th     0.081  0.242   0.40  0.93   20.1  0.46
pick_up_the_alphabet_soup_and_place_it_in_th     0.094  0.231   0.40  0.83   18.9  0.44
pick_up_the_alphabet_soup_and_place_it_in_th     0.071  0.273   0.35  0.93   15.9  0.39
pick_up_the_alphabet_soup_and_place_it_in_th     0.092  0.223   0.27  0.94   26.3  0.43
pick_up_the_alphabet_soup_and_place_it_in_th     0.063  0.233   0.40  0.89   24.9  0.85
pick_up_the_alphabet_soup_and_place_it_in_th     0.084  0.230   0.50  1.00   26.3  0.83
pick_up_the_alphabet_soup_and_place_it_in_th     0.073  0.217   0.20  0.88   23.3  0.78
pick_up_the_alphabet_soup_and_place_it_in_th     0.056  0.242   0.32  0.88   24.2  0.86
pick_up_the_alphabet_soup_and_place_it_in_th     0.076  0.255   0.42  0.80   22.2  0.65

AGGREGATE (median): std_ratio 0.072 | mae 0.242 | corr 0.39 | grip 0.91 | wm_margin 19.8% | 0.74s/eval
read: std_ratio ~1.0 = healthy magnitude (collapse shows as ~0.1); wm_margin > 0 = world model beats persistence.
waypoint head (v7.2): std_ratio 0.913 | mae 218.8 mm  —  compare against the action std_ratio above: the lever only pays if positions regress with less shrinkage than actions do.

planner input sensitivity when the input is WITHHELD (10 episodes):
  input            POSE |dplan|  grip flip %
  proprio                0.0793        45.4%
  spatial                0.0487         7.8%
  fused                  0.0457         3.5%
  current_emb            0.0102         2.7%
  state_delta            0.0092         0.5%
  wm_msg                 0.0073         0.0%
  next_emb->stale        0.0013         0.3%
  pred_box_emb           0.0010         0.0%
  wm_latent              0.0008         0.4%
  geometry               0.0007         0.0%
  next_emb->cur          0.0002         0.1%
read: POSE and the GRIPPER are reported SEPARATELY on purpose. The plan's
last column is a hard +/-1, so one flipped gripper decision per step adds
exactly 0.2857 to a whole-plan mean — indistinguishable from the largest
pose effect ever measured here. Earlier combined readings (paper.md 4g) mixed
the two and must be re-measured with this build.
saved -> eval_results/bench_longh_tqsa.json
