[signals] SIGTERM ignored (host reaps jobs; see microvla/utils/signals.py). `kill <pid>` will not work — use `kill -9`. Opt out with MICROVLA_ALLOW_SIGTERM=1.
planner: checkpoint predates current architecture — RETRAIN to populate. at-init(new)=[] partial(prefix-copied)=['type_emb (11, 256)->(12, 256)'] dropped=[] unexpected=[]
NOTE: this checkpoint has TRAINED TQSA weights but bench is running WITHOUT the spatial adapter — the planner is missing ~27% of its memory tokens, so these numbers UNDERSTATE it. Pass --tqsa (needs ultralytics + baked wrist_frames) for the honest figure; without it, only compare against other no-spatial runs.

episode                                      std_ratio    mae   corr  grip   wm+%   sec
pick_up_the_alphabet_soup_and_place_it_in_th     0.113  0.261   0.27  0.93  -13.4  1.51
pick_up_the_alphabet_soup_and_place_it_in_th     0.181  0.221   0.16  0.83   -7.8  0.59
pick_up_the_alphabet_soup_and_place_it_in_th     0.118  0.245   0.30  0.94  -10.5  0.38
pick_up_the_alphabet_soup_and_place_it_in_th     0.109  0.267   0.30  1.00  -14.7  0.35
pick_up_the_alphabet_soup_and_place_it_in_th     0.119  0.249   0.27  1.00  -20.2  0.41
pick_up_the_alphabet_soup_and_place_it_in_th     0.136  0.226   0.17  0.93  -12.4  0.42
pick_up_the_alphabet_soup_and_place_it_in_th     0.188  0.197   0.24  0.93   -1.7  0.27
pick_up_the_alphabet_soup_and_place_it_in_th     0.118  0.248   0.32  0.88   -7.1  0.32
pick_up_the_alphabet_soup_and_place_it_in_th     0.136  0.245   0.38  0.94    0.4  0.33
pick_up_the_alphabet_soup_and_place_it_in_th     0.162  0.204   0.28  0.94  -11.0  0.42
pick_up_the_alphabet_soup_and_place_it_in_th     0.136  0.229   0.31  0.88   -6.4  0.35
pick_up_the_alphabet_soup_and_place_it_in_th     0.123  0.248   0.23  0.88   -8.6  0.42
pick_up_the_alphabet_soup_and_place_it_in_th     0.106  0.295   0.23  1.00   -9.6  0.29
pick_up_the_alphabet_soup_and_place_it_in_th     0.131  0.253   0.40  0.88   -5.0  0.31
pick_up_the_alphabet_soup_and_place_it_in_th     0.152  0.208   0.36  0.94   -5.8  0.42
pick_up_the_alphabet_soup_and_place_it_in_th     0.124  0.287   0.34  0.93   -9.0  0.23
pick_up_the_alphabet_soup_and_place_it_in_th     0.127  0.251   0.26  1.00   -2.4  0.28
pick_up_the_alphabet_soup_and_place_it_in_th     0.109  0.265   0.14  0.94   -9.3  0.26
pick_up_the_alphabet_soup_and_place_it_in_th     0.134  0.234   0.27  1.00  -13.1  0.27
pick_up_the_alphabet_soup_and_place_it_in_th     0.161  0.211   0.45  0.93  -13.6  0.25
pick_up_the_alphabet_soup_and_place_it_in_th     0.134  0.233   0.44  0.94    1.2  0.25
pick_up_the_alphabet_soup_and_place_it_in_th     0.129  0.242   0.40  0.93   -2.6  0.24
pick_up_the_alphabet_soup_and_place_it_in_th     0.117  0.232   0.43  0.89   -7.6  0.24
pick_up_the_alphabet_soup_and_place_it_in_th     0.113  0.273   0.19  0.93  -11.2  0.50
pick_up_the_alphabet_soup_and_place_it_in_th     0.133  0.224   0.29  0.94   -1.9  0.72
pick_up_the_alphabet_soup_and_place_it_in_th     0.132  0.232   0.28  0.83   -4.2  0.42
pick_up_the_alphabet_soup_and_place_it_in_th     0.137  0.226   0.34  0.94    1.6  0.27
pick_up_the_alphabet_soup_and_place_it_in_th     0.138  0.210   0.19  1.00   -1.3  0.26
pick_up_the_alphabet_soup_and_place_it_in_th     0.151  0.240   0.27  0.88   -4.3  0.26
pick_up_the_alphabet_soup_and_place_it_in_th     0.129  0.252   0.21  0.87   -5.3  0.23

AGGREGATE (median): std_ratio 0.132 | mae 0.241 | corr 0.28 | grip 0.93 | wm_margin -7.4% | 0.38s/eval
read: std_ratio ~1.0 = healthy magnitude (collapse shows as ~0.1); wm_margin > 0 = world model beats persistence.

planner input sensitivity when the input is WITHHELD (10 episodes):
  input            POSE |dplan|  grip flip %
  proprio                0.1161        43.7%
  geometry               0.0481        17.5%
  fused                  0.0231         0.7%
  state_delta            0.0156         0.0%
  current_emb            0.0143         0.4%
  next_emb->stale        0.0060         0.3%
  pred_box_emb           0.0034         0.0%
  next_emb->cur          0.0016         0.1%
  wm_msg                 0.0008         0.0%
  wm_latent              0.0000         0.0%
read: POSE and the GRIPPER are reported SEPARATELY on purpose. The plan's
last column is a hard +/-1, so one flipped gripper decision per step adds
exactly 0.2857 to a whole-plan mean — indistinguishable from the largest
pose effect ever measured here. Earlier combined readings (paper.md 4g) mixed
the two and must be re-measured with this build.
saved -> eval_results/bench_legacy_full_stageB.json
