[signals] SIGTERM ignored (host reaps jobs; see microvla/utils/signals.py). `kill <pid>` will not work — use `kill -9`. Opt out with MICROVLA_ALLOW_SIGTERM=1.
NOTE: this checkpoint has TRAINED TQSA weights but bench is running WITHOUT the spatial adapter — the planner is missing ~27% of its memory tokens, so these numbers UNDERSTATE it. Pass --tqsa (needs ultralytics + baked wrist_frames) for the honest figure; without it, only compare against other no-spatial runs.

episode                                      std_ratio    mae   corr  grip   wm+%   sec
pick_up_the_alphabet_soup_and_place_it_in_th     0.067  0.267   0.38  0.87   10.7  1.54
pick_up_the_alphabet_soup_and_place_it_in_th     0.086  0.232   0.20  0.78   26.2  0.42
pick_up_the_alphabet_soup_and_place_it_in_th     0.059  0.252   0.39  0.88   18.6  0.48
pick_up_the_alphabet_soup_and_place_it_in_th     0.057  0.271   0.43  0.88   14.7  0.42
pick_up_the_alphabet_soup_and_place_it_in_th     0.092  0.246   0.23  0.94   12.1  0.35
pick_up_the_alphabet_soup_and_place_it_in_th     0.082  0.228   0.16  0.87   14.4  0.33
pick_up_the_alphabet_soup_and_place_it_in_th     0.102  0.197   0.39  0.87   20.9  0.33
pick_up_the_alphabet_soup_and_place_it_in_th     0.046  0.256   0.46  0.81   15.8  0.39
pick_up_the_alphabet_soup_and_place_it_in_th     0.064  0.252   0.46  0.88   33.6  0.41
pick_up_the_alphabet_soup_and_place_it_in_th     0.083  0.208   0.22  0.88   18.3  0.34
pick_up_the_alphabet_soup_and_place_it_in_th     0.076  0.234   0.27  0.81   23.2  0.33
pick_up_the_alphabet_soup_and_place_it_in_th     0.056  0.248   0.27  0.81   22.0  0.57
pick_up_the_alphabet_soup_and_place_it_in_th     0.042  0.299   0.39  0.93   14.4  0.56
pick_up_the_alphabet_soup_and_place_it_in_th     0.064  0.261   0.42  0.81   22.7  0.57
pick_up_the_alphabet_soup_and_place_it_in_th     0.085  0.210   0.42  0.88   21.4  0.49
pick_up_the_alphabet_soup_and_place_it_in_th     0.057  0.285   0.37  0.87   15.8  0.54
pick_up_the_alphabet_soup_and_place_it_in_th     0.066  0.256   0.26  0.94   26.7  0.50
pick_up_the_alphabet_soup_and_place_it_in_th     0.056  0.267   0.29  0.89   18.6  0.41
pick_up_the_alphabet_soup_and_place_it_in_th     0.071  0.240   0.40  0.93   13.2  0.36
pick_up_the_alphabet_soup_and_place_it_in_th     0.103  0.220   0.43  0.86   11.5  0.35
pick_up_the_alphabet_soup_and_place_it_in_th     0.055  0.239   0.46  0.88   19.6  0.37
pick_up_the_alphabet_soup_and_place_it_in_th     0.080  0.243   0.39  0.86   20.1  0.38
pick_up_the_alphabet_soup_and_place_it_in_th     0.102  0.231   0.35  0.78   18.9  0.35
pick_up_the_alphabet_soup_and_place_it_in_th     0.077  0.273   0.38  0.87   15.9  0.34
pick_up_the_alphabet_soup_and_place_it_in_th     0.099  0.221   0.28  0.88   26.3  0.44
pick_up_the_alphabet_soup_and_place_it_in_th     0.075  0.234   0.33  0.78   24.9  0.49
pick_up_the_alphabet_soup_and_place_it_in_th     0.091  0.230   0.46  0.88   26.3  0.39
pick_up_the_alphabet_soup_and_place_it_in_th     0.076  0.216   0.18  0.88   23.3  0.40
pick_up_the_alphabet_soup_and_place_it_in_th     0.053  0.244   0.33  0.81   24.2  0.38
pick_up_the_alphabet_soup_and_place_it_in_th     0.076  0.256   0.43  0.80   22.2  0.33

AGGREGATE (median): std_ratio 0.075 | mae 0.244 | corr 0.38 | grip 0.87 | wm_margin 19.8% | 0.45s/eval
read: std_ratio ~1.0 = healthy magnitude (collapse shows as ~0.1); wm_margin > 0 = world model beats persistence.
waypoint head (v7.2): std_ratio 0.739 | mae 275.3 mm  —  compare against the action std_ratio above: the lever only pays if positions regress with less shrinkage than actions do.

planner input sensitivity when the input is WITHHELD (10 episodes):
  input            POSE |dplan|  grip flip %
  proprio                0.0815        41.3%
  fused                  0.0458         0.1%
  state_delta            0.0380         5.2%
  current_emb            0.0109         0.1%
  wm_msg                 0.0077         3.9%
  geometry               0.0030         0.0%
  next_emb->stale        0.0013         0.1%
  pred_box_emb           0.0011         0.1%
  wm_latent              0.0007         0.0%
  next_emb->cur          0.0002         0.0%
read: POSE and the GRIPPER are reported SEPARATELY on purpose. The plan's
last column is a hard +/-1, so one flipped gripper decision per step adds
exactly 0.2857 to a whole-plan mean — indistinguishable from the largest
pose effect ever measured here. Earlier combined readings (paper.md 4g) mixed
the two and must be re-measured with this build.
saved -> eval_results/bench_longh_tqsa_nospatial.json
