[signals] SIGTERM ignored (host reaps jobs; see microvla/utils/signals.py). `kill <pid>` will not work — use `kill -9`. Opt out with MICROVLA_ALLOW_SIGTERM=1.

episode                                      std_ratio    mae   corr  grip   wm+%   sec
pick_up_the_alphabet_soup_and_place_it_in_th     0.249  0.245   0.56  0.93   10.7  0.99
pick_up_the_alphabet_soup_and_place_it_in_th     0.284  0.213   0.50  0.89   26.2  0.24
pick_up_the_alphabet_soup_and_place_it_in_th     0.287  0.234   0.58  0.94   18.6  0.26
pick_up_the_alphabet_soup_and_place_it_in_th     0.209  0.249   0.47  1.00   14.7  0.25
pick_up_the_alphabet_soup_and_place_it_in_th     0.265  0.236   0.37  1.00   12.1  0.23
pick_up_the_alphabet_soup_and_place_it_in_th     0.274  0.213   0.28  0.93   14.4  0.21
pick_up_the_alphabet_soup_and_place_it_in_th     0.346  0.176   0.48  1.00   20.9  0.22
pick_up_the_alphabet_soup_and_place_it_in_th     0.227  0.228   0.52  0.88   15.8  0.25
pick_up_the_alphabet_soup_and_place_it_in_th     0.218  0.229   0.53  0.88   33.6  0.26
pick_up_the_alphabet_soup_and_place_it_in_th     0.306  0.191   0.32  0.94   18.3  0.25
pick_up_the_alphabet_soup_and_place_it_in_th     0.250  0.219   0.30  0.88   23.2  0.24
pick_up_the_alphabet_soup_and_place_it_in_th     0.278  0.223   0.45  0.94   22.0  0.26
pick_up_the_alphabet_soup_and_place_it_in_th     0.248  0.265   0.46  0.93   14.4  0.34
pick_up_the_alphabet_soup_and_place_it_in_th     0.250  0.231   0.50  0.88   22.7  0.56
pick_up_the_alphabet_soup_and_place_it_in_th     0.322  0.201   0.44  0.94   21.4  0.50
pick_up_the_alphabet_soup_and_place_it_in_th     0.231  0.270   0.49  0.93   15.8  0.30
pick_up_the_alphabet_soup_and_place_it_in_th     0.243  0.240   0.32  1.00   26.7  0.29
pick_up_the_alphabet_soup_and_place_it_in_th     0.230  0.252   0.40  0.94   18.6  0.28
pick_up_the_alphabet_soup_and_place_it_in_th     0.293  0.213   0.56  1.00   13.2  0.25
pick_up_the_alphabet_soup_and_place_it_in_th     0.301  0.187   0.64  1.00   11.5  0.27
pick_up_the_alphabet_soup_and_place_it_in_th     0.235  0.228   0.49  0.94   19.6  0.27
pick_up_the_alphabet_soup_and_place_it_in_th     0.271  0.211   0.39  0.93   20.1  0.25
pick_up_the_alphabet_soup_and_place_it_in_th     0.259  0.215   0.65  0.89   18.9  0.28
pick_up_the_alphabet_soup_and_place_it_in_th     0.248  0.249   0.43  0.93   15.9  0.31
pick_up_the_alphabet_soup_and_place_it_in_th     0.242  0.210   0.44  0.94   26.3  0.39
pick_up_the_alphabet_soup_and_place_it_in_th     0.236  0.219   0.49  0.83   24.9  0.31
pick_up_the_alphabet_soup_and_place_it_in_th     0.364  0.193   0.66  0.94   26.3  0.26
pick_up_the_alphabet_soup_and_place_it_in_th     0.325  0.191   0.44  0.94   23.3  0.38
pick_up_the_alphabet_soup_and_place_it_in_th     0.251  0.214   0.54  0.94   24.2  0.44
pick_up_the_alphabet_soup_and_place_it_in_th     0.255  0.233   0.47  0.87   22.2  0.37

AGGREGATE (median): std_ratio 0.253 | mae 0.221 | corr 0.48 | grip 0.94 | wm_margin 19.8% | 0.32s/eval
read: std_ratio ~1.0 = healthy magnitude (collapse shows as ~0.1); wm_margin > 0 = world model beats persistence.
waypoint head (v7.2): std_ratio 0.754 | mae 183.8 mm  —  compare against the action std_ratio above: the lever only pays if positions regress with less shrinkage than actions do.

planner input sensitivity when the input is WITHHELD (10 episodes):
  input            POSE |dplan|  grip flip %
  state_delta            0.1933        55.7%
  fused                  0.1558         3.8%
  proprio                0.1337        25.3%
  wm_latent              0.0871        14.2%
  current_emb            0.0772         4.7%
  pred_box_emb           0.0507         0.2%
  geometry               0.0119         1.9%
  next_emb->stale        0.0069         0.0%
  wm_msg                 0.0026         0.0%
  next_emb->cur          0.0010         0.0%
read: POSE and the GRIPPER are reported SEPARATELY on purpose. The plan's
last column is a hard +/-1, so one flipped gripper decision per step adds
exactly 0.2857 to a whole-plan mean — indistinguishable from the largest
pose effect ever measured here. Earlier combined readings (paper.md 4g) mixed
the two and must be re-measured with this build.
saved -> eval_results/bench_longh_liberoonly.json
