[signals] SIGTERM ignored (host reaps jobs; see microvla/utils/signals.py). `kill <pid>` will not work — use `kill -9`. Opt out with MICROVLA_ALLOW_SIGTERM=1.
planner: checkpoint predates current architecture — RETRAIN to populate. at-init(new)=[] partial(prefix-copied)=['type_emb (11, 256)->(12, 256)'] dropped=[] unexpected=[]

episode                                      std_ratio    mae   corr  grip   wm+%   sec
pick_up_the_alphabet_soup_and_place_it_in_th     0.109  0.263   0.30  0.93   10.7  1.31
pick_up_the_alphabet_soup_and_place_it_in_th     0.158  0.230   0.29  0.89   26.2  0.39
pick_up_the_alphabet_soup_and_place_it_in_th     0.126  0.250   0.45  0.94   18.6  0.42
pick_up_the_alphabet_soup_and_place_it_in_th     0.083  0.264   0.39  0.94   14.7  0.42
pick_up_the_alphabet_soup_and_place_it_in_th     0.113  0.251   0.19  0.89   12.1  0.38
pick_up_the_alphabet_soup_and_place_it_in_th     0.142  0.230   0.13  0.93   14.4  0.37
pick_up_the_alphabet_soup_and_place_it_in_th     0.192  0.197   0.31  0.93   20.9  0.29
pick_up_the_alphabet_soup_and_place_it_in_th     0.090  0.251   0.39  0.94   15.8  0.55
pick_up_the_alphabet_soup_and_place_it_in_th     0.102  0.254   0.26  0.94   33.6  0.53
pick_up_the_alphabet_soup_and_place_it_in_th     0.136  0.209   0.19  0.94   18.3  0.48
pick_up_the_alphabet_soup_and_place_it_in_th     0.147  0.234   0.19  0.94   23.2  0.44
pick_up_the_alphabet_soup_and_place_it_in_th     0.112  0.249   0.25  0.88   22.0  0.34
pick_up_the_alphabet_soup_and_place_it_in_th     0.086  0.299   0.39  0.93   14.4  0.28
pick_up_the_alphabet_soup_and_place_it_in_th     0.117  0.255   0.46  0.88   22.7  0.25
pick_up_the_alphabet_soup_and_place_it_in_th     0.134  0.216   0.22  0.82   21.4  0.26
pick_up_the_alphabet_soup_and_place_it_in_th     0.120  0.285   0.41  0.93   15.8  0.21
pick_up_the_alphabet_soup_and_place_it_in_th     0.092  0.254   0.20  0.88   26.7  0.26
pick_up_the_alphabet_soup_and_place_it_in_th     0.095  0.270   0.14  0.94   18.6  0.24
pick_up_the_alphabet_soup_and_place_it_in_th     0.144  0.237   0.39  1.00   13.2  0.22
pick_up_the_alphabet_soup_and_place_it_in_th     0.168  0.214   0.43  0.86   11.5  0.24
pick_up_the_alphabet_soup_and_place_it_in_th     0.123  0.235   0.42  0.88   19.6  0.26
pick_up_the_alphabet_soup_and_place_it_in_th     0.143  0.245   0.14  0.93   20.1  0.25
pick_up_the_alphabet_soup_and_place_it_in_th     0.141  0.227   0.43  0.78   18.9  0.24
pick_up_the_alphabet_soup_and_place_it_in_th     0.125  0.274   0.33  0.87   15.9  0.21
pick_up_the_alphabet_soup_and_place_it_in_th     0.133  0.223   0.35  0.94   26.3  0.25
pick_up_the_alphabet_soup_and_place_it_in_th     0.136  0.235   0.28  0.67   24.9  0.23
pick_up_the_alphabet_soup_and_place_it_in_th     0.174  0.226   0.40  0.88   26.3  0.26
pick_up_the_alphabet_soup_and_place_it_in_th     0.160  0.214   0.21  0.94   23.3  0.25
pick_up_the_alphabet_soup_and_place_it_in_th     0.115  0.241   0.42  1.00   24.2  0.25
pick_up_the_alphabet_soup_and_place_it_in_th     0.105  0.259   0.19  0.87   22.2  0.21

AGGREGATE (median): std_ratio 0.126 | mae 0.243 | corr 0.31 | grip 0.93 | wm_margin 19.8% | 0.34s/eval
read: std_ratio ~1.0 = healthy magnitude (collapse shows as ~0.1); wm_margin > 0 = world model beats persistence.
waypoint head (v7.2): std_ratio 0.502 | mae 17.6 mm  —  compare against the action std_ratio above: the lever only pays if positions regress with less shrinkage than actions do.

planner input sensitivity when the input is WITHHELD (10 episodes):
  input            POSE |dplan|  grip flip %
  state_delta            0.1099        62.9%
  proprio                0.1041        35.4%
  fused                  0.0166         1.3%
  geometry               0.0157         2.9%
  current_emb            0.0141         0.4%
  pred_box_emb           0.0069         2.3%
  next_emb->stale        0.0032         0.1%
  wm_msg                 0.0007         0.0%
  next_emb->cur          0.0007         0.0%
  wm_latent              0.0000         0.0%
read: POSE and the GRIPPER are reported SEPARATELY on purpose. The plan's
last column is a hard +/-1, so one flipped gripper decision per step adds
exactly 0.2857 to a whole-plan mean — indistinguishable from the largest
pose effect ever measured here. Earlier combined readings (paper.md 4g) mixed
the two and must be re-measured with this build.
saved -> eval_results/bench_legacy_full_stageB_wristwp.json
