[signals] SIGTERM ignored (host reaps jobs; see microvla/utils/signals.py). `kill <pid>` will not work — use `kill -9`. Opt out with MICROVLA_ALLOW_SIGTERM=1.

episode                                      std_ratio    mae   corr  grip   wm+%   sec
pick_up_the_alphabet_soup_and_place_it_in_th     0.248  0.231   0.52  0.93   10.7  0.98
pick_up_the_alphabet_soup_and_place_it_in_th     0.237  0.205   0.53  0.83   26.2  0.25
pick_up_the_alphabet_soup_and_place_it_in_th     0.246  0.219   0.58  0.94   18.6  0.32
pick_up_the_alphabet_soup_and_place_it_in_th     0.188  0.244   0.47  0.75   14.7  0.25
pick_up_the_alphabet_soup_and_place_it_in_th     0.248  0.226   0.38  0.94   12.1  0.23
pick_up_the_alphabet_soup_and_place_it_in_th     0.244  0.197   0.32  0.93   14.4  0.21
pick_up_the_alphabet_soup_and_place_it_in_th     0.358  0.161   0.50  0.93   20.9  0.21
pick_up_the_alphabet_soup_and_place_it_in_th     0.176  0.222   0.50  0.75   15.8  0.25
pick_up_the_alphabet_soup_and_place_it_in_th     0.223  0.228   0.36  0.94   33.6  0.25
pick_up_the_alphabet_soup_and_place_it_in_th     0.284  0.180   0.42  0.94   18.3  0.25
pick_up_the_alphabet_soup_and_place_it_in_th     0.237  0.208   0.41  0.88   23.2  0.27
pick_up_the_alphabet_soup_and_place_it_in_th     0.268  0.214   0.45  0.88   22.0  0.26
pick_up_the_alphabet_soup_and_place_it_in_th     0.165  0.276   0.43  0.71   14.4  0.24
pick_up_the_alphabet_soup_and_place_it_in_th     0.239  0.227   0.43  0.81   22.7  0.28
pick_up_the_alphabet_soup_and_place_it_in_th     0.307  0.182   0.44  0.94   21.4  0.29
pick_up_the_alphabet_soup_and_place_it_in_th     0.195  0.262   0.46  0.93   15.8  0.26
pick_up_the_alphabet_soup_and_place_it_in_th     0.176  0.233   0.32  0.71   26.7  0.29
pick_up_the_alphabet_soup_and_place_it_in_th     0.227  0.239   0.43  0.83   18.6  0.23
pick_up_the_alphabet_soup_and_place_it_in_th     0.263  0.204   0.57  0.87   13.2  0.22
pick_up_the_alphabet_soup_and_place_it_in_th     0.316  0.179   0.59  0.93   11.5  0.24
pick_up_the_alphabet_soup_and_place_it_in_th     0.215  0.218   0.37  0.88   19.6  0.26
pick_up_the_alphabet_soup_and_place_it_in_th     0.294  0.211   0.38  0.93   20.1  0.24
pick_up_the_alphabet_soup_and_place_it_in_th     0.269  0.202   0.55  0.83   18.9  0.34
pick_up_the_alphabet_soup_and_place_it_in_th     0.197  0.248   0.48  1.00   15.9  0.31
pick_up_the_alphabet_soup_and_place_it_in_th     0.228  0.197   0.53  0.94   26.3  0.39
pick_up_the_alphabet_soup_and_place_it_in_th     0.252  0.202   0.41  0.83   24.9  0.24
pick_up_the_alphabet_soup_and_place_it_in_th     0.291  0.192   0.61  0.94   26.3  0.25
pick_up_the_alphabet_soup_and_place_it_in_th     0.319  0.186   0.39  0.88   23.3  0.25
pick_up_the_alphabet_soup_and_place_it_in_th     0.243  0.206   0.62  0.88   24.2  0.25
pick_up_the_alphabet_soup_and_place_it_in_th     0.270  0.225   0.50  0.87   22.2  0.21

AGGREGATE (median): std_ratio 0.245 | mae 0.212 | corr 0.45 | grip 0.88 | wm_margin 19.8% | 0.28s/eval
read: std_ratio ~1.0 = healthy magnitude (collapse shows as ~0.1); wm_margin > 0 = world model beats persistence.
waypoint head (v7.2): std_ratio 0.799 | mae 58.2 mm  —  compare against the action std_ratio above: the lever only pays if positions regress with less shrinkage than actions do.

planner input sensitivity when the input is WITHHELD (10 episodes):
  input            POSE |dplan|  grip flip %
  proprio                0.1220        12.5%
  state_delta            0.0953        27.7%
  fused                  0.0939         8.8%
  wm_msg                 0.0471         9.4%
  current_emb            0.0230         1.1%
  geometry               0.0137         1.1%
  wm_latent              0.0092         0.5%
  pred_box_emb           0.0083         0.0%
  next_emb->stale        0.0030         1.3%
  next_emb->cur          0.0005         0.2%
read: POSE and the GRIPPER are reported SEPARATELY on purpose. The plan's
last column is a hard +/-1, so one flipped gripper decision per step adds
exactly 0.2857 to a whole-plan mean — indistinguishable from the largest
pose effect ever measured here. Earlier combined readings (paper.md 4g) mixed
the two and must be re-measured with this build.
saved -> eval_results/bench_legacy_full_stageB_longh.json
