[signals] SIGTERM ignored (host reaps jobs; see microvla/utils/signals.py). `kill <pid>` will not work — use `kill -9`. Opt out with MICROVLA_ALLOW_SIGTERM=1.

episode                                      std_ratio    mae   corr  grip   wm+%   sec
pick_up_the_alphabet_soup_and_place_it_in_th     0.102  0.263   0.32  0.87   10.7  1.32
pick_up_the_alphabet_soup_and_place_it_in_th     0.127  0.230   0.32  0.83   26.2  0.32
pick_up_the_alphabet_soup_and_place_it_in_th     0.112  0.250   0.44  0.94   18.6  0.34
pick_up_the_alphabet_soup_and_place_it_in_th     0.081  0.267   0.28  0.75   14.7  0.34
pick_up_the_alphabet_soup_and_place_it_in_th     0.110  0.247   0.31  1.00   12.1  0.31
pick_up_the_alphabet_soup_and_place_it_in_th     0.106  0.232   0.25  0.93   14.4  0.38
pick_up_the_alphabet_soup_and_place_it_in_th     0.153  0.195   0.37  0.93   20.9  0.34
pick_up_the_alphabet_soup_and_place_it_in_th     0.079  0.256   0.37  0.69   15.8  0.52
pick_up_the_alphabet_soup_and_place_it_in_th     0.078  0.259   0.06  0.94   33.6  0.50
pick_up_the_alphabet_soup_and_place_it_in_th     0.121  0.206   0.29  0.94   18.3  0.41
pick_up_the_alphabet_soup_and_place_it_in_th     0.113  0.228   0.28  0.88   23.2  0.40
pick_up_the_alphabet_soup_and_place_it_in_th     0.098  0.247   0.30  0.88   22.0  0.41
pick_up_the_alphabet_soup_and_place_it_in_th     0.070  0.296   0.37  0.71   14.4  0.39
pick_up_the_alphabet_soup_and_place_it_in_th     0.084  0.260   0.38  0.81   22.7  0.42
pick_up_the_alphabet_soup_and_place_it_in_th     0.119  0.213   0.25  0.94   21.4  0.43
pick_up_the_alphabet_soup_and_place_it_in_th     0.091  0.285   0.32  0.93   15.8  0.43
pick_up_the_alphabet_soup_and_place_it_in_th     0.096  0.255   0.21  0.71   26.7  0.42
pick_up_the_alphabet_soup_and_place_it_in_th     0.099  0.264   0.29  0.72   18.6  0.40
pick_up_the_alphabet_soup_and_place_it_in_th     0.105  0.238   0.37  0.87   13.2  0.36
pick_up_the_alphabet_soup_and_place_it_in_th     0.135  0.218   0.45  0.86   11.5  0.47
pick_up_the_alphabet_soup_and_place_it_in_th     0.078  0.243   0.21  0.88   19.6  0.44
pick_up_the_alphabet_soup_and_place_it_in_th     0.096  0.243   0.25  0.93   20.1  0.42
pick_up_the_alphabet_soup_and_place_it_in_th     0.159  0.220   0.43  0.83   18.9  0.42
pick_up_the_alphabet_soup_and_place_it_in_th     0.098  0.275   0.31  0.93   15.9  0.37
pick_up_the_alphabet_soup_and_place_it_in_th     0.111  0.218   0.40  0.94   26.3  0.39
pick_up_the_alphabet_soup_and_place_it_in_th     0.112  0.235   0.19  0.89   24.9  0.24
pick_up_the_alphabet_soup_and_place_it_in_th     0.126  0.226   0.38  0.94   26.3  0.27
pick_up_the_alphabet_soup_and_place_it_in_th     0.122  0.213   0.25  0.88   23.3  0.37
pick_up_the_alphabet_soup_and_place_it_in_th     0.082  0.241   0.42  0.81   24.2  0.30
pick_up_the_alphabet_soup_and_place_it_in_th     0.109  0.258   0.26  0.87   22.2  0.21

AGGREGATE (median): std_ratio 0.106 | mae 0.243 | corr 0.31 | grip 0.88 | wm_margin 19.8% | 0.41s/eval
read: std_ratio ~1.0 = healthy magnitude (collapse shows as ~0.1); wm_margin > 0 = world model beats persistence.
waypoint head (v7.2): std_ratio 0.842 | mae 73.7 mm  —  compare against the action std_ratio above: the lever only pays if positions regress with less shrinkage than actions do.

planner input sensitivity when the input is WITHHELD (10 episodes):
  input            POSE |dplan|  grip flip %
  state_delta            0.1068        39.6%
  proprio                0.0919        58.7%
  fused                  0.0327         4.0%
  current_emb            0.0161        12.5%
  next_emb->stale        0.0037         0.9%
  geometry               0.0035         0.8%
  pred_box_emb           0.0014         0.0%
  wm_latent              0.0012         1.1%
  wm_msg                 0.0009         0.0%
  next_emb->cur          0.0007         0.3%
read: POSE and the GRIPPER are reported SEPARATELY on purpose. The plan's
last column is a hard +/-1, so one flipped gripper decision per step adds
exactly 0.2857 to a whole-plan mean — indistinguishable from the largest
pose effect ever measured here. Earlier combined readings (paper.md 4g) mixed
the two and must be re-measured with this build.
saved -> eval_results/bench_longh_s1.json
