[signals] SIGTERM ignored (host reaps jobs; see microvla/utils/signals.py). `kill <pid>` will not work — use `kill -9`. Opt out with MICROVLA_ALLOW_SIGTERM=1.

episode                                      std_ratio    mae   corr  grip   wm+%   sec
pick_up_the_alphabet_soup_and_place_it_in_th     0.021  0.272   0.22  0.60   10.7  1.34
pick_up_the_alphabet_soup_and_place_it_in_th     0.026  0.242   0.06  0.61   26.2  0.37
pick_up_the_alphabet_soup_and_place_it_in_th     0.024  0.264   0.01  0.50   18.6  0.43
pick_up_the_alphabet_soup_and_place_it_in_th     0.021  0.279   0.06  0.56   14.7  0.33
pick_up_the_alphabet_soup_and_place_it_in_th     0.023  0.256   0.09  0.56   12.1  0.31
pick_up_the_alphabet_soup_and_place_it_in_th     0.024  0.241  -0.02  0.40   14.4  0.28
pick_up_the_alphabet_soup_and_place_it_in_th     0.026  0.217  -0.16  0.60   20.9  0.29
pick_up_the_alphabet_soup_and_place_it_in_th     0.022  0.264   0.07  0.38   15.8  0.35
pick_up_the_alphabet_soup_and_place_it_in_th     0.021  0.274  -0.07  0.44   33.6  0.35
pick_up_the_alphabet_soup_and_place_it_in_th     0.025  0.221  -0.00  0.50   18.3  0.44
pick_up_the_alphabet_soup_and_place_it_in_th     0.020  0.245  -0.01  0.50   23.2  0.46
pick_up_the_alphabet_soup_and_place_it_in_th     0.021  0.262  -0.01  0.50   22.0  0.33
pick_up_the_alphabet_soup_and_place_it_in_th     0.022  0.307   0.14  0.57   14.4  0.34
pick_up_the_alphabet_soup_and_place_it_in_th     0.022  0.277  -0.10  0.56   22.7  0.35
pick_up_the_alphabet_soup_and_place_it_in_th     0.026  0.229  -0.12  0.47   21.4  0.34
pick_up_the_alphabet_soup_and_place_it_in_th     0.021  0.302  -0.05  0.40   15.8  0.28
pick_up_the_alphabet_soup_and_place_it_in_th     0.021  0.262   0.13  0.35   26.7  0.36
pick_up_the_alphabet_soup_and_place_it_in_th     0.020  0.272   0.08  0.56   18.6  0.40
pick_up_the_alphabet_soup_and_place_it_in_th     0.021  0.250  -0.08  0.47   13.2  0.28
pick_up_the_alphabet_soup_and_place_it_in_th     0.024  0.230   0.14  0.57   11.5  0.33
pick_up_the_alphabet_soup_and_place_it_in_th     0.022  0.255   0.03  0.44   19.6  0.34
pick_up_the_alphabet_soup_and_place_it_in_th     0.023  0.261   0.13  0.57   20.1  0.31
pick_up_the_alphabet_soup_and_place_it_in_th     0.023  0.249  -0.06  0.44   18.9  0.39
pick_up_the_alphabet_soup_and_place_it_in_th     0.023  0.289   0.15  0.47   15.9  0.29
pick_up_the_alphabet_soup_and_place_it_in_th     0.022  0.239   0.04  0.56   26.3  0.35
pick_up_the_alphabet_soup_and_place_it_in_th     0.021  0.248   0.05  0.44   24.9  0.31
pick_up_the_alphabet_soup_and_place_it_in_th     0.023  0.245  -0.04  0.50   26.3  0.34
pick_up_the_alphabet_soup_and_place_it_in_th     0.028  0.221  -0.08  0.56   23.3  0.33
pick_up_the_alphabet_soup_and_place_it_in_th     0.023  0.258  -0.08  0.62   24.2  0.34
pick_up_the_alphabet_soup_and_place_it_in_th     0.021  0.266   0.12  0.67   22.2  0.29

AGGREGATE (median): std_ratio 0.022 | mae 0.257 | corr 0.02 | grip 0.50 | wm_margin 19.8% | 0.38s/eval
read: std_ratio ~1.0 = healthy magnitude (collapse shows as ~0.1); wm_margin > 0 = world model beats persistence.
waypoint head (v7.2): std_ratio 0.527 | mae 120.4 mm  —  compare against the action std_ratio above: the lever only pays if positions regress with less shrinkage than actions do.

planner input sensitivity when the input is WITHHELD (10 episodes):
  input            POSE |dplan|  grip flip %
  fused                  0.0967        72.8%
  state_delta            0.0305        19.6%
  current_emb            0.0080         3.0%
  wm_msg                 0.0071         1.3%
  pred_box_emb           0.0053         0.8%
  wm_latent              0.0041         0.1%
  proprio                0.0020         0.7%
  geometry               0.0008         0.1%
  next_emb->stale        0.0006         0.0%
  next_emb->cur          0.0002         0.0%
read: POSE and the GRIPPER are reported SEPARATELY on purpose. The plan's
last column is a hard +/-1, so one flipped gripper decision per step adds
exactly 0.2857 to a whole-plan mean — indistinguishable from the largest
pose effect ever measured here. Earlier combined readings (paper.md 4g) mixed
the two and must be re-measured with this build.
saved -> eval_results/bench_longh_s0.json
