<frozen runpy>:128: RuntimeWarning: 'eval.libero_eval' found in sys.modules after import of package 'eval', but prior to execution of 'eval.libero_eval'; this may result in unpredictable behaviour
[signals] SIGTERM ignored (host reaps jobs; see microvla/utils/signals.py). `kill <pid>` will not work — use `kill -9`. Opt out with MICROVLA_ALLOW_SIGTERM=1.
[info] using task orders [0, 1, 2, 3, 4, 5, 6, 7, 8, 9]
[Warning]: datasets path /root/LIBERO/libero/libero/../datasets does not exist!
[Warning]: datasets path /root/LIBERO/libero/libero/../datasets does not exist!
[Warning]: datasets path /root/LIBERO/libero/libero/../datasets does not exist!
[Warning]: datasets path /root/LIBERO/libero/libero/../datasets does not exist!
[Warning]: datasets path /root/LIBERO/libero/libero/../datasets does not exist!
[Warning]: datasets path /root/LIBERO/libero/libero/../datasets does not exist!
[Warning]: datasets path /root/LIBERO/libero/libero/../datasets does not exist!
[Warning]: datasets path /root/LIBERO/libero/libero/../datasets does not exist!
[Warning]: datasets path /root/LIBERO/libero/libero/../datasets does not exist!
[Warning]: datasets path /root/LIBERO/libero/libero/../datasets does not exist!
[Warning]: datasets path /root/LIBERO/libero/libero/../datasets does not exist!
[Warning]: datasets path /root/LIBERO/libero/libero/../datasets does not exist!
[Warning]: datasets path /root/LIBERO/libero/libero/../datasets does not exist!
[Warning]: datasets path /root/LIBERO/libero/libero/../datasets does not exist!
[Warning]: datasets path /root/LIBERO/libero/libero/../datasets does not exist!
[Warning]: datasets path /root/LIBERO/libero/libero/../datasets does not exist!
[Warning]: datasets path /root/LIBERO/libero/libero/../datasets does not exist!
[Warning]: datasets path /root/LIBERO/libero/libero/../datasets does not exist!
[Warning]: datasets path /root/LIBERO/libero/libero/../datasets does not exist!
[Warning]: datasets path /root/LIBERO/libero/libero/../datasets does not exist!
parallel eval: 10 tasks across 5 workers (10s stagger, 3600s timeout)
<frozen runpy>:128: RuntimeWarning: 'eval.libero_eval' found in sys.modules after import of package 'eval', but prior to execution of 'eval.libero_eval'; this may result in unpredictable behaviour
[w0] spawned (pid 3597443, 2 tasks)
[w0] building policy...
MicroVLAPolicy: checkpoint carries no TQSA weights (pre-v7, or stage B trained without --tqsa) — running WITHOUT the spatial adapter rather than feeding the planner a random-init one. Retrain stage B with --tqsa to use it.
<frozen runpy>:128: RuntimeWarning: 'eval.libero_eval' found in sys.modules after import of package 'eval', but prior to execution of 'eval.libero_eval'; this may result in unpredictable behaviour
[w1] spawned (pid 3597444, 2 tasks)
[w1] staggering 10s (threads<=4)
<frozen runpy>:128: RuntimeWarning: 'eval.libero_eval' found in sys.modules after import of package 'eval', but prior to execution of 'eval.libero_eval'; this may result in unpredictable behaviour
[w2] spawned (pid 3597441, 2 tasks)
[w2] staggering 20s (threads<=4)
<frozen runpy>:128: RuntimeWarning: 'eval.libero_eval' found in sys.modules after import of package 'eval', but prior to execution of 'eval.libero_eval'; this may result in unpredictable behaviour
[w3] spawned (pid 3597437, 2 tasks)
[w3] staggering 30s (threads<=4)
<frozen runpy>:128: RuntimeWarning: 'eval.libero_eval' found in sys.modules after import of package 'eval', but prior to execution of 'eval.libero_eval'; this may result in unpredictable behaviour
[w4] spawned (pid 3597442, 2 tasks)
[w4] staggering 40s (threads<=4)
[w0] policy ready (2s); enumerating libero_object
[w0] 2 task(s) (0s); starting trials
[w0] START pick_up_the_alphabet_soup_and_place_it_in_the_basket trial 0
[robosuite WARNING] No private macro file found! (__init__.py:7)
[robosuite WARNING] It is recommended to use a private macro file (__init__.py:8)
[robosuite WARNING] To setup, run: python /root/eval_venv/lib/python3.12/site-packages/robosuite/scripts/setup_macros.py (__init__.py:9)
Gym has been unmaintained since 2022 and does not support NumPy 2.0 amongst other critical functionality.
Please upgrade to Gymnasium, the maintained drop-in replacement of Gym, or contact the authors of your software and request that they upgrade.
Users of this version of Gym should be able to simply replace 'import gym' with 'import gymnasium as gym' in the vast majority of cases.
See the migration guide at https://gymnasium.farama.org/introduction/migration_guide/ for additional information.
/root/eval_venv/lib/python3.12/site-packages/torch/jit/_serialization.py:176: DeprecationWarning: `torch.jit.load` is deprecated. Please switch to `torch.export`.
  warnings.warn(
[w1] building policy...
MicroVLAPolicy: checkpoint carries no TQSA weights (pre-v7, or stage B trained without --tqsa) — running WITHOUT the spatial adapter rather than feeding the planner a random-init one. Retrain stage B with --tqsa to use it.
[w1] policy ready (2s); enumerating libero_object
[w1] 2 task(s) (0s); starting trials
[w1] START pick_up_the_cream_cheese_and_place_it_in_the_basket trial 0
[robosuite WARNING] No private macro file found! (__init__.py:7)
[robosuite WARNING] It is recommended to use a private macro file (__init__.py:8)
[robosuite WARNING] To setup, run: python /root/eval_venv/lib/python3.12/site-packages/robosuite/scripts/setup_macros.py (__init__.py:9)
Gym has been unmaintained since 2022 and does not support NumPy 2.0 amongst other critical functionality.
Please upgrade to Gymnasium, the maintained drop-in replacement of Gym, or contact the authors of your software and request that they upgrade.
Users of this version of Gym should be able to simply replace 'import gym' with 'import gymnasium as gym' in the vast majority of cases.
See the migration guide at https://gymnasium.farama.org/introduction/migration_guide/ for additional information.
[w2] building policy...
MicroVLAPolicy: checkpoint carries no TQSA weights (pre-v7, or stage B trained without --tqsa) — running WITHOUT the spatial adapter rather than feeding the planner a random-init one. Retrain stage B with --tqsa to use it.
[w2] policy ready (2s); enumerating libero_object
[w2] 2 task(s) (0s); starting trials
[w2] START pick_up_the_salad_dressing_and_place_it_in_the_basket trial 0
[robosuite WARNING] No private macro file found! (__init__.py:7)
[robosuite WARNING] It is recommended to use a private macro file (__init__.py:8)
[robosuite WARNING] To setup, run: python /root/eval_venv/lib/python3.12/site-packages/robosuite/scripts/setup_macros.py (__init__.py:9)
/root/eval_venv/lib/python3.12/site-packages/torch/jit/_serialization.py:176: DeprecationWarning: `torch.jit.load` is deprecated. Please switch to `torch.export`.
  warnings.warn(
Gym has been unmaintained since 2022 and does not support NumPy 2.0 amongst other critical functionality.
Please upgrade to Gymnasium, the maintained drop-in replacement of Gym, or contact the authors of your software and request that they upgrade.
Users of this version of Gym should be able to simply replace 'import gym' with 'import gymnasium as gym' in the vast majority of cases.
See the migration guide at https://gymnasium.farama.org/introduction/migration_guide/ for additional information.
[w3] building policy...
MicroVLAPolicy: checkpoint carries no TQSA weights (pre-v7, or stage B trained without --tqsa) — running WITHOUT the spatial adapter rather than feeding the planner a random-init one. Retrain stage B with --tqsa to use it.
/root/eval_venv/lib/python3.12/site-packages/torch/jit/_serialization.py:176: DeprecationWarning: `torch.jit.load` is deprecated. Please switch to `torch.export`.
  warnings.warn(
[w3] policy ready (3s); enumerating libero_object
[w3] 2 task(s) (0s); starting trials
[w3] START pick_up_the_bbq_sauce_and_place_it_in_the_basket trial 0
[robosuite WARNING] No private macro file found! (__init__.py:7)
[robosuite WARNING] It is recommended to use a private macro file (__init__.py:8)
[robosuite WARNING] To setup, run: python /root/eval_venv/lib/python3.12/site-packages/robosuite/scripts/setup_macros.py (__init__.py:9)
Gym has been unmaintained since 2022 and does not support NumPy 2.0 amongst other critical functionality.
Please upgrade to Gymnasium, the maintained drop-in replacement of Gym, or contact the authors of your software and request that they upgrade.
Users of this version of Gym should be able to simply replace 'import gym' with 'import gymnasium as gym' in the vast majority of cases.
See the migration guide at https://gymnasium.farama.org/introduction/migration_guide/ for additional information.
[w4] building policy...
MicroVLAPolicy: checkpoint carries no TQSA weights (pre-v7, or stage B trained without --tqsa) — running WITHOUT the spatial adapter rather than feeding the planner a random-init one. Retrain stage B with --tqsa to use it.
[w0] DONE  pick_up_the_alphabet_soup_and_place_it_in_the_basket trial 0: success=False steps=300 (40s)
[w0] START pick_up_the_alphabet_soup_and_place_it_in_the_basket trial 1
[w4] policy ready (2s); enumerating libero_object
[w4] 2 task(s) (0s); starting trials
[w4] START pick_up_the_ketchup_and_place_it_in_the_basket trial 0
[robosuite WARNING] No private macro file found! (__init__.py:7)
[robosuite WARNING] It is recommended to use a private macro file (__init__.py:8)
[robosuite WARNING] To setup, run: python /root/eval_venv/lib/python3.12/site-packages/robosuite/scripts/setup_macros.py (__init__.py:9)
Gym has been unmaintained since 2022 and does not support NumPy 2.0 amongst other critical functionality.
Please upgrade to Gymnasium, the maintained drop-in replacement of Gym, or contact the authors of your software and request that they upgrade.
Users of this version of Gym should be able to simply replace 'import gym' with 'import gymnasium as gym' in the vast majority of cases.
See the migration guide at https://gymnasium.farama.org/introduction/migration_guide/ for additional information.
/root/eval_venv/lib/python3.12/site-packages/torch/jit/_serialization.py:176: DeprecationWarning: `torch.jit.load` is deprecated. Please switch to `torch.export`.
  warnings.warn(
[w1] DONE  pick_up_the_cream_cheese_and_place_it_in_the_basket trial 0: success=False steps=300 (40s)
[w1] START pick_up_the_cream_cheese_and_place_it_in_the_basket trial 1
/root/eval_venv/lib/python3.12/site-packages/torch/jit/_serialization.py:176: DeprecationWarning: `torch.jit.load` is deprecated. Please switch to `torch.export`.
  warnings.warn(
[w2] DONE  pick_up_the_salad_dressing_and_place_it_in_the_basket trial 0: success=False steps=300 (43s)
[w2] START pick_up_the_salad_dressing_and_place_it_in_the_basket trial 1
[w0] DONE  pick_up_the_alphabet_soup_and_place_it_in_the_basket trial 1: success=False steps=300 (33s)
[w0] START pick_up_the_alphabet_soup_and_place_it_in_the_basket trial 2
[w3] DONE  pick_up_the_bbq_sauce_and_place_it_in_the_basket trial 0: success=False steps=300 (46s)
[w3] START pick_up_the_bbq_sauce_and_place_it_in_the_basket trial 1
[w1] DONE  pick_up_the_cream_cheese_and_place_it_in_the_basket trial 1: success=False steps=300 (35s)
[w1] START pick_up_the_cream_cheese_and_place_it_in_the_basket trial 2
[w4] DONE  pick_up_the_ketchup_and_place_it_in_the_basket trial 0: success=False steps=300 (53s)
[w4] START pick_up_the_ketchup_and_place_it_in_the_basket trial 1
[w2] DONE  pick_up_the_salad_dressing_and_place_it_in_the_basket trial 1: success=False steps=300 (35s)
[w2] START pick_up_the_salad_dressing_and_place_it_in_the_basket trial 2
[w0] DONE  pick_up_the_alphabet_soup_and_place_it_in_the_basket trial 2: success=False steps=300 (33s)
[w0] START pick_up_the_alphabet_soup_and_place_it_in_the_basket trial 3
[w3] DONE  pick_up_the_bbq_sauce_and_place_it_in_the_basket trial 1: success=False steps=300 (35s)
[w3] START pick_up_the_bbq_sauce_and_place_it_in_the_basket trial 2
[w1] DONE  pick_up_the_cream_cheese_and_place_it_in_the_basket trial 2: success=False steps=300 (36s)
[w1] START pick_up_the_cream_cheese_and_place_it_in_the_basket trial 3
[w4] DONE  pick_up_the_ketchup_and_place_it_in_the_basket trial 1: success=False steps=300 (30s)
[w4] START pick_up_the_ketchup_and_place_it_in_the_basket trial 2
[w2] DONE  pick_up_the_salad_dressing_and_place_it_in_the_basket trial 2: success=False steps=300 (39s)
[w2] START pick_up_the_salad_dressing_and_place_it_in_the_basket trial 3
[w0] DONE  pick_up_the_alphabet_soup_and_place_it_in_the_basket trial 3: success=False steps=300 (39s)
[w0] START pick_up_the_alphabet_soup_and_place_it_in_the_basket trial 4
[w3] DONE  pick_up_the_bbq_sauce_and_place_it_in_the_basket trial 2: success=False steps=300 (36s)
[w3] START pick_up_the_bbq_sauce_and_place_it_in_the_basket trial 3
[w1] DONE  pick_up_the_cream_cheese_and_place_it_in_the_basket trial 3: success=False steps=300 (31s)
[w1] START pick_up_the_cream_cheese_and_place_it_in_the_basket trial 4
[w4] DONE  pick_up_the_ketchup_and_place_it_in_the_basket trial 2: success=False steps=300 (34s)
[w4] START pick_up_the_ketchup_and_place_it_in_the_basket trial 3
[w2] DONE  pick_up_the_salad_dressing_and_place_it_in_the_basket trial 3: success=False steps=300 (36s)
[w2] START pick_up_the_salad_dressing_and_place_it_in_the_basket trial 4
[w0] DONE  pick_up_the_alphabet_soup_and_place_it_in_the_basket trial 4: success=False steps=300 (39s)
[w0] START pick_up_the_tomato_sauce_and_place_it_in_the_basket trial 0
[w3] DONE  pick_up_the_bbq_sauce_and_place_it_in_the_basket trial 3: success=False steps=300 (44s)
[w3] START pick_up_the_bbq_sauce_and_place_it_in_the_basket trial 4
[w1] DONE  pick_up_the_cream_cheese_and_place_it_in_the_basket trial 4: success=False steps=300 (42s)
[w1] START pick_up_the_butter_and_place_it_in_the_basket trial 0
[w4] DONE  pick_up_the_ketchup_and_place_it_in_the_basket trial 3: success=False steps=300 (42s)
[w4] START pick_up_the_ketchup_and_place_it_in_the_basket trial 4
[w2] DONE  pick_up_the_salad_dressing_and_place_it_in_the_basket trial 4: success=False steps=300 (41s)
[w2] START pick_up_the_milk_and_place_it_in_the_basket trial 0
[w0] DONE  pick_up_the_tomato_sauce_and_place_it_in_the_basket trial 0: success=False steps=300 (38s)
[w0] START pick_up_the_tomato_sauce_and_place_it_in_the_basket trial 1
[w3] DONE  pick_up_the_bbq_sauce_and_place_it_in_the_basket trial 4: success=False steps=300 (36s)
[w3] START pick_up_the_chocolate_pudding_and_place_it_in_the_basket trial 0
[w1] DONE  pick_up_the_butter_and_place_it_in_the_basket trial 0: success=False steps=300 (40s)
[w1] START pick_up_the_butter_and_place_it_in_the_basket trial 1
[w4] DONE  pick_up_the_ketchup_and_place_it_in_the_basket trial 4: success=False steps=300 (40s)
[w4] START pick_up_the_orange_juice_and_place_it_in_the_basket trial 0
[w2] DONE  pick_up_the_milk_and_place_it_in_the_basket trial 0: success=False steps=300 (32s)
[w2] START pick_up_the_milk_and_place_it_in_the_basket trial 1
[w0] DONE  pick_up_the_tomato_sauce_and_place_it_in_the_basket trial 1: success=False steps=300 (36s)
[w0] START pick_up_the_tomato_sauce_and_place_it_in_the_basket trial 2
[w1] DONE  pick_up_the_butter_and_place_it_in_the_basket trial 1: success=False steps=300 (30s)
[w1] START pick_up_the_butter_and_place_it_in_the_basket trial 2
[w3] DONE  pick_up_the_chocolate_pudding_and_place_it_in_the_basket trial 0: success=False steps=300 (36s)
[w3] START pick_up_the_chocolate_pudding_and_place_it_in_the_basket trial 1
[w4] DONE  pick_up_the_orange_juice_and_place_it_in_the_basket trial 0: success=False steps=300 (37s)
[w4] START pick_up_the_orange_juice_and_place_it_in_the_basket trial 1
[w2] DONE  pick_up_the_milk_and_place_it_in_the_basket trial 1: success=False steps=300 (36s)
[w2] START pick_up_the_milk_and_place_it_in_the_basket trial 2
[w0] DONE  pick_up_the_tomato_sauce_and_place_it_in_the_basket trial 2: success=False steps=300 (39s)
[w0] START pick_up_the_tomato_sauce_and_place_it_in_the_basket trial 3
[w3] DONE  pick_up_the_chocolate_pudding_and_place_it_in_the_basket trial 1: success=False steps=300 (34s)
[w3] START pick_up_the_chocolate_pudding_and_place_it_in_the_basket trial 2
[w1] DONE  pick_up_the_butter_and_place_it_in_the_basket trial 2: success=False steps=300 (37s)
[w1] START pick_up_the_butter_and_place_it_in_the_basket trial 3
[w4] DONE  pick_up_the_orange_juice_and_place_it_in_the_basket trial 1: success=False steps=300 (36s)
[w4] START pick_up_the_orange_juice_and_place_it_in_the_basket trial 2
[w2] DONE  pick_up_the_milk_and_place_it_in_the_basket trial 2: success=False steps=300 (37s)
[w2] START pick_up_the_milk_and_place_it_in_the_basket trial 3
[w0] DONE  pick_up_the_tomato_sauce_and_place_it_in_the_basket trial 3: success=False steps=300 (32s)
[w0] START pick_up_the_tomato_sauce_and_place_it_in_the_basket trial 4
[w3] DONE  pick_up_the_chocolate_pudding_and_place_it_in_the_basket trial 2: success=False steps=300 (34s)
[w3] START pick_up_the_chocolate_pudding_and_place_it_in_the_basket trial 3
[w1] DONE  pick_up_the_butter_and_place_it_in_the_basket trial 3: success=False steps=300 (33s)
[w1] START pick_up_the_butter_and_place_it_in_the_basket trial 4
[w4] DONE  pick_up_the_orange_juice_and_place_it_in_the_basket trial 2: success=False steps=300 (33s)
[w4] START pick_up_the_orange_juice_and_place_it_in_the_basket trial 3
[w2] DONE  pick_up_the_milk_and_place_it_in_the_basket trial 3: success=False steps=300 (29s)
[w2] START pick_up_the_milk_and_place_it_in_the_basket trial 4
[w0] DONE  pick_up_the_tomato_sauce_and_place_it_in_the_basket trial 4: success=False steps=300 (34s)
[w0] mean_success 0.000 -> eval_results/libero_object_real_1785063778532_w0_results.json
[w0] done: 2 tasks, mean 0.000
[w3] DONE  pick_up_the_chocolate_pudding_and_place_it_in_the_basket trial 3: success=False steps=300 (34s)
[w3] START pick_up_the_chocolate_pudding_and_place_it_in_the_basket trial 4
[w1] DONE  pick_up_the_butter_and_place_it_in_the_basket trial 4: success=False steps=300 (36s)
[w1] mean_success 0.000 -> eval_results/libero_object_real_1785063788974_w1_results.json
[w1] done: 2 tasks, mean 0.000
[w4] DONE  pick_up_the_orange_juice_and_place_it_in_the_basket trial 3: success=False steps=300 (36s)
[w4] START pick_up_the_orange_juice_and_place_it_in_the_basket trial 4
[w2] DONE  pick_up_the_milk_and_place_it_in_the_basket trial 4: success=False steps=300 (37s)
[w2] mean_success 0.000 -> eval_results/libero_object_real_1785063798981_w2_results.json
[w2] done: 2 tasks, mean 0.000
[w3] DONE  pick_up_the_chocolate_pudding_and_place_it_in_the_basket trial 4: success=False steps=300 (35s)
[w3] mean_success 0.000 -> eval_results/libero_object_real_1785063809041_w3_results.json
[w3] done: 2 tasks, mean 0.000
[w4] DONE  pick_up_the_orange_juice_and_place_it_in_the_basket trial 4: success=False steps=300 (34s)
[w4] mean_success 0.000 -> eval_results/libero_object_real_1785063819440_w4_results.json
[w4] done: 2 tasks, mean 0.000
{
  "suite": "libero_object",
  "per_task": {
    "pick_up_the_alphabet_soup_and_place_it_in_the_basket": 0.0,
    "pick_up_the_tomato_sauce_and_place_it_in_the_basket": 0.0,
    "pick_up_the_cream_cheese_and_place_it_in_the_basket": 0.0,
    "pick_up_the_butter_and_place_it_in_the_basket": 0.0,
    "pick_up_the_salad_dressing_and_place_it_in_the_basket": 0.0,
    "pick_up_the_milk_and_place_it_in_the_basket": 0.0,
    "pick_up_the_bbq_sauce_and_place_it_in_the_basket": 0.0,
    "pick_up_the_chocolate_pudding_and_place_it_in_the_basket": 0.0,
    "pick_up_the_ketchup_and_place_it_in_the_basket": 0.0,
    "pick_up_the_orange_juice_and_place_it_in_the_basket": 0.0
  },
  "mean_success": 0.0,
  "n_trials": 5,
  "workers": 5,
  "tasks_expected": 10,
  "tasks_completed": 10,
  "tasks_scavenged": 0,
  "failed_workers": {},
  "telemetry_paths": [
    "eval_results/libero_object_real_1785063778532_w0_telemetry.jsonl",
    "eval_results/libero_object_real_1785063788974_w1_telemetry.jsonl",
    "eval_results/libero_object_real_1785063798981_w2_telemetry.jsonl",
    "eval_results/libero_object_real_1785063809041_w3_telemetry.jsonl",
    "eval_results/libero_object_real_1785063819440_w4_telemetry.jsonl"
  ]
}
